<?xml version="1.0" encoding="ISO-8859-1" ?>
<link_info>
   <banner>TI ARM Clang Linker PC v2.1.3.LTS</banner>
   <copyright>Copyright (c) 1996-2018 Texas Instruments Incorporated</copyright>
   <link_time>0x64c1f920</link_time>
   <link_errors>0x0</link_errors>
   <output_file>gpiointerrupt_CC3220S_LAUNCHXL_nortos_ticlang.out</output_file>
   <entry_point>
      <name>resetISR</name>
      <address>0x2000edb9</address>
   </entry_point>
   <input_file_list>
      <input_file id="fl-1">
         <path>.\</path>
         <kind>object</kind>
         <file>gpiointerrupt.o</file>
         <name>gpiointerrupt.o</name>
      </input_file>
      <input_file id="fl-2">
         <path>.\syscfg\</path>
         <kind>object</kind>
         <file>ti_drivers_config.o</file>
         <name>ti_drivers_config.o</name>
      </input_file>
      <input_file id="fl-3">
         <path>.\</path>
         <kind>object</kind>
         <file>main_nortos.o</file>
         <name>main_nortos.o</name>
      </input_file>
      <input_file id="fl-13">
         <kind>object</kind>
         <file>&lt;internal&gt;</file>
         <name>&lt;internal&gt;</name>
      </input_file>
      <input_file id="fl-14">
         <path>C:\ti\simplelink_cc32xx_sdk_7_10_00_13\source\ti\drivers\lib\ticlang\m4\</path>
         <kind>archive</kind>
         <file>drivers_cc32xx.a</file>
         <name>GPIO.c.obj</name>
      </input_file>
      <input_file id="fl-15">
         <path>C:\ti\simplelink_cc32xx_sdk_7_10_00_13\source\ti\drivers\lib\ticlang\m4\</path>
         <kind>archive</kind>
         <file>drivers_cc32xx.a</file>
         <name>GPIOCC32XX.c.obj</name>
      </input_file>
      <input_file id="fl-16">
         <path>C:\ti\simplelink_cc32xx_sdk_7_10_00_13\source\ti\drivers\lib\ticlang\m4\</path>
         <kind>archive</kind>
         <file>drivers_cc32xx.a</file>
         <name>PowerCC32XX.c.obj</name>
      </input_file>
      <input_file id="fl-17">
         <path>C:\ti\simplelink_cc32xx_sdk_7_10_00_13\source\ti\drivers\lib\ticlang\m4\</path>
         <kind>archive</kind>
         <file>drivers_cc32xx.a</file>
         <name>PowerCC32XX_ticlang.asm.obj</name>
      </input_file>
      <input_file id="fl-18">
         <path>C:\ti\simplelink_cc32xx_sdk_7_10_00_13\source\ti\drivers\lib\ticlang\m4\</path>
         <kind>archive</kind>
         <file>drivers_cc32xx.a</file>
         <name>Timer.c.obj</name>
      </input_file>
      <input_file id="fl-19">
         <path>C:\ti\simplelink_cc32xx_sdk_7_10_00_13\source\ti\drivers\lib\ticlang\m4\</path>
         <kind>archive</kind>
         <file>drivers_cc32xx.a</file>
         <name>TimerCC32XX.c.obj</name>
      </input_file>
      <input_file id="fl-1a">
         <path>C:\ti\simplelink_cc32xx_sdk_7_10_00_13\source\ti\drivers\lib\ticlang\m4\</path>
         <kind>archive</kind>
         <file>drivers_cc32xx.a</file>
         <name>List.c.obj</name>
      </input_file>
      <input_file id="fl-1b">
         <path>C:\ti\simplelink_cc32xx_sdk_7_10_00_13\kernel\nortos\lib\ticlang\m4\</path>
         <kind>archive</kind>
         <file>nortos_cc32xx.a</file>
         <name>NoRTOS.c.obj</name>
      </input_file>
      <input_file id="fl-1c">
         <path>C:\ti\simplelink_cc32xx_sdk_7_10_00_13\kernel\nortos\lib\ticlang\m4\</path>
         <kind>archive</kind>
         <file>nortos_cc32xx.a</file>
         <name>SemaphoreP_nortos.c.obj</name>
      </input_file>
      <input_file id="fl-1d">
         <path>C:\ti\simplelink_cc32xx_sdk_7_10_00_13\kernel\nortos\lib\ticlang\m4\</path>
         <kind>archive</kind>
         <file>nortos_cc32xx.a</file>
         <name>ClockPSysTick_nortos.c.obj</name>
      </input_file>
      <input_file id="fl-1e">
         <path>C:\ti\simplelink_cc32xx_sdk_7_10_00_13\kernel\nortos\lib\ticlang\m4\</path>
         <kind>archive</kind>
         <file>nortos_cc32xx.a</file>
         <name>HwiPCC32XX_nortos.c.obj</name>
      </input_file>
      <input_file id="fl-1f">
         <path>C:\ti\simplelink_cc32xx_sdk_7_10_00_13\kernel\nortos\lib\ticlang\m4\</path>
         <kind>archive</kind>
         <file>nortos_cc32xx.a</file>
         <name>PowerCC32XX_nortos.c.obj</name>
      </input_file>
      <input_file id="fl-20">
         <path>C:\ti\simplelink_cc32xx_sdk_7_10_00_13\kernel\nortos\lib\ticlang\m4\</path>
         <kind>archive</kind>
         <file>nortos_cc32xx.a</file>
         <name>startup_cc32xx_ticlang.c.obj</name>
      </input_file>
      <input_file id="fl-21">
         <path>C:\ti\simplelink_cc32xx_sdk_7_10_00_13\kernel\nortos\lib\ticlang\m4\</path>
         <kind>archive</kind>
         <file>nortos_cc32xx.a</file>
         <name>SwiP_nortos.c.obj</name>
      </input_file>
      <input_file id="fl-22">
         <path>C:\ti\simplelink_cc32xx_sdk_7_10_00_13\source\ti\devices\cc32xx\driverlib\ticlang\Release\</path>
         <kind>archive</kind>
         <file>driverlib.a</file>
         <name>cpu.obj</name>
      </input_file>
      <input_file id="fl-23">
         <path>C:\ti\simplelink_cc32xx_sdk_7_10_00_13\source\ti\devices\cc32xx\driverlib\ticlang\Release\</path>
         <kind>archive</kind>
         <file>driverlib.a</file>
         <name>gpio.obj</name>
      </input_file>
      <input_file id="fl-24">
         <path>C:\ti\simplelink_cc32xx_sdk_7_10_00_13\source\ti\devices\cc32xx\driverlib\ticlang\Release\</path>
         <kind>archive</kind>
         <file>driverlib.a</file>
         <name>hwspinlock.obj</name>
      </input_file>
      <input_file id="fl-25">
         <path>C:\ti\simplelink_cc32xx_sdk_7_10_00_13\source\ti\devices\cc32xx\driverlib\ticlang\Release\</path>
         <kind>archive</kind>
         <file>driverlib.a</file>
         <name>interrupt.obj</name>
      </input_file>
      <input_file id="fl-26">
         <path>C:\ti\simplelink_cc32xx_sdk_7_10_00_13\source\ti\devices\cc32xx\driverlib\ticlang\Release\</path>
         <kind>archive</kind>
         <file>driverlib.a</file>
         <name>pin.obj</name>
      </input_file>
      <input_file id="fl-27">
         <path>C:\ti\simplelink_cc32xx_sdk_7_10_00_13\source\ti\devices\cc32xx\driverlib\ticlang\Release\</path>
         <kind>archive</kind>
         <file>driverlib.a</file>
         <name>prcm.obj</name>
      </input_file>
      <input_file id="fl-28">
         <path>C:\ti\simplelink_cc32xx_sdk_7_10_00_13\source\ti\devices\cc32xx\driverlib\ticlang\Release\</path>
         <kind>archive</kind>
         <file>driverlib.a</file>
         <name>spi.obj</name>
      </input_file>
      <input_file id="fl-29">
         <path>C:\ti\simplelink_cc32xx_sdk_7_10_00_13\source\ti\devices\cc32xx\driverlib\ticlang\Release\</path>
         <kind>archive</kind>
         <file>driverlib.a</file>
         <name>systick.obj</name>
      </input_file>
      <input_file id="fl-2a">
         <path>C:\ti\simplelink_cc32xx_sdk_7_10_00_13\source\ti\devices\cc32xx\driverlib\ticlang\Release\</path>
         <kind>archive</kind>
         <file>driverlib.a</file>
         <name>timer.obj</name>
      </input_file>
      <input_file id="fl-2b">
         <path>C:\ti\simplelink_cc32xx_sdk_7_10_00_13\source\ti\devices\cc32xx\driverlib\ticlang\Release\</path>
         <kind>archive</kind>
         <file>driverlib.a</file>
         <name>utils.obj</name>
      </input_file>
      <input_file id="fl-2c">
         <path>C:\ti\simplelink_cc32xx_sdk_7_10_00_13\source\ti\devices\cc32xx\driverlib\ticlang\Release\</path>
         <kind>archive</kind>
         <file>driverlib.a</file>
         <name>flash.obj</name>
      </input_file>
      <input_file id="fl-38">
         <path>C:\ti\ccs1230\ccs\tools\compiler\ti-cgt-armllvm_2.1.3.LTS\lib\armv7em-ti-none-eabi\c\</path>
         <kind>archive</kind>
         <file>libc.a</file>
         <name>memory.c.obj</name>
      </input_file>
      <input_file id="fl-39">
         <path>C:\ti\ccs1230\ccs\tools\compiler\ti-cgt-armllvm_2.1.3.LTS\lib\armv7em-ti-none-eabi\c\</path>
         <kind>archive</kind>
         <file>libc.a</file>
         <name>copy_zero_init.c.obj</name>
      </input_file>
      <input_file id="fl-3a">
         <path>C:\ti\ccs1230\ccs\tools\compiler\ti-cgt-armllvm_2.1.3.LTS\lib\armv7em-ti-none-eabi\c\</path>
         <kind>archive</kind>
         <file>libc.a</file>
         <name>copy_decompress_none.c.obj</name>
      </input_file>
      <input_file id="fl-3b">
         <path>C:\ti\ccs1230\ccs\tools\compiler\ti-cgt-armllvm_2.1.3.LTS\lib\armv7em-ti-none-eabi\c\</path>
         <kind>archive</kind>
         <file>libc.a</file>
         <name>copy_decompress_lzss.c.obj</name>
      </input_file>
      <input_file id="fl-3c">
         <path>C:\ti\ccs1230\ccs\tools\compiler\ti-cgt-armllvm_2.1.3.LTS\lib\armv7em-ti-none-eabi\c\</path>
         <kind>archive</kind>
         <file>libc.a</file>
         <name>boot_cortex_m.c.obj</name>
      </input_file>
      <input_file id="fl-3d">
         <path>C:\ti\ccs1230\ccs\tools\compiler\ti-cgt-armllvm_2.1.3.LTS\lib\armv7em-ti-none-eabi\c\</path>
         <kind>archive</kind>
         <file>libc.a</file>
         <name>mathacl_init.c.obj</name>
      </input_file>
      <input_file id="fl-3e">
         <path>C:\ti\ccs1230\ccs\tools\compiler\ti-cgt-armllvm_2.1.3.LTS\lib\armv7em-ti-none-eabi\c\</path>
         <kind>archive</kind>
         <file>libc.a</file>
         <name>exit.c.obj</name>
      </input_file>
      <input_file id="fl-3f">
         <path>C:\ti\ccs1230\ccs\tools\compiler\ti-cgt-armllvm_2.1.3.LTS\lib\armv7em-ti-none-eabi\c\</path>
         <kind>archive</kind>
         <file>libc.a</file>
         <name>_lock.c.obj</name>
      </input_file>
      <input_file id="fl-40">
         <path>C:\ti\ccs1230\ccs\tools\compiler\ti-cgt-armllvm_2.1.3.LTS\lib\armv7em-ti-none-eabi\c\</path>
         <kind>archive</kind>
         <file>libc.a</file>
         <name>args_main.c.obj</name>
      </input_file>
      <input_file id="fl-41">
         <path>C:\ti\ccs1230\ccs\tools\compiler\ti-cgt-armllvm_2.1.3.LTS\lib\armv7em-ti-none-eabi\c\</path>
         <kind>archive</kind>
         <file>libc.a</file>
         <name>autoinit.c.obj</name>
      </input_file>
      <input_file id="fl-42">
         <path>C:\ti\ccs1230\ccs\tools\compiler\ti-cgt-armllvm_2.1.3.LTS\lib\armv7em-ti-none-eabi\c\</path>
         <kind>archive</kind>
         <file>libc.a</file>
         <name>pre_init.c.obj</name>
      </input_file>
      <input_file id="fl-43">
         <path>C:\ti\ccs1230\ccs\tools\compiler\ti-cgt-armllvm_2.1.3.LTS\lib\armv7em-ti-none-eabi\c\</path>
         <kind>archive</kind>
         <file>libc.a</file>
         <name>cpy_tbl.c.obj</name>
      </input_file>
      <input_file id="fl-7c">
         <path>C:\ti\ccs1230\ccs\tools\compiler\ti-cgt-armllvm_2.1.3.LTS\lib\clang\14.0.6\lib\armv7em-ti-none-eabi\</path>
         <kind>archive</kind>
         <file>libclang_rt.builtins.a</file>
         <name>aeabi_memcpy.S.obj</name>
      </input_file>
      <input_file id="fl-7d">
         <path>C:\ti\ccs1230\ccs\tools\compiler\ti-cgt-armllvm_2.1.3.LTS\lib\clang\14.0.6\lib\armv7em-ti-none-eabi\</path>
         <kind>archive</kind>
         <file>libclang_rt.builtins.a</file>
         <name>aeabi_memset.S.obj</name>
      </input_file>
      <input_file id="fl-7e">
         <path>C:\ti\ccs1230\ccs\tools\compiler\ti-cgt-armllvm_2.1.3.LTS\lib\clang\14.0.6\lib\armv7em-ti-none-eabi\</path>
         <kind>archive</kind>
         <file>libclang_rt.builtins.a</file>
         <name>aeabi_uldivmod.S.obj</name>
      </input_file>
      <input_file id="fl-7f">
         <path>C:\ti\ccs1230\ccs\tools\compiler\ti-cgt-armllvm_2.1.3.LTS\lib\clang\14.0.6\lib\armv7em-ti-none-eabi\</path>
         <kind>archive</kind>
         <file>libclang_rt.builtins.a</file>
         <name>udivmoddi4.S.obj</name>
      </input_file>
      <input_file id="fl-80">
         <path>C:\ti\ccs1230\ccs\tools\compiler\ti-cgt-armllvm_2.1.3.LTS\lib\clang\14.0.6\lib\armv7em-ti-none-eabi\</path>
         <kind>archive</kind>
         <file>libclang_rt.builtins.a</file>
         <name>aeabi_div0.c.obj</name>
      </input_file>
      <input_file id="fl-81">
         <path>C:\ti\ccs1230\ccs\tools\compiler\ti-cgt-armllvm_2.1.3.LTS\lib\armv7em-ti-none-eabi\c\</path>
         <kind>archive</kind>
         <file>libc.a</file>
         <name>memcpy_t2.S.obj</name>
      </input_file>
      <input_file id="fl-82">
         <path>C:\ti\ccs1230\ccs\tools\compiler\ti-cgt-armllvm_2.1.3.LTS\lib\armv7em-ti-none-eabi\c\</path>
         <kind>archive</kind>
         <file>libc.a</file>
         <name>memset_t2.S.obj</name>
      </input_file>
   </input_file_list>
   <object_component_list>
      <object_component id="oc-c8">
         <name>.text.PRCMCC3200MCUInit</name>
         <load_address>0x2000c040</load_address>
         <run_address>0x2000c040</run_address>
         <size>0x4b8</size>
         <input_file_ref idref="fl-27"/>
      </object_component>
      <object_component id="oc-1ba">
         <name>.text.Power_sleep</name>
         <load_address>0x2000c4f8</load_address>
         <run_address>0x2000c4f8</run_address>
         <size>0x3e4</size>
         <input_file_ref idref="fl-16"/>
      </object_component>
      <object_component id="oc-168">
         <name>.text.PowerCC32XX_sleepPolicy</name>
         <load_address>0x2000c8dc</load_address>
         <run_address>0x2000c8dc</run_address>
         <size>0x150</size>
         <input_file_ref idref="fl-1f"/>
      </object_component>
      <object_component id="oc-131">
         <name>.text.Timer_open</name>
         <load_address>0x2000ca2c</load_address>
         <run_address>0x2000ca2c</run_address>
         <size>0x148</size>
         <input_file_ref idref="fl-19"/>
      </object_component>
      <object_component id="oc-eb">
         <name>.text.GPIO_setConfig</name>
         <load_address>0x2000cb74</load_address>
         <run_address>0x2000cb74</run_address>
         <size>0x140</size>
         <input_file_ref idref="fl-15"/>
      </object_component>
      <object_component id="oc-1e0">
         <name>.text.aligned_alloc</name>
         <load_address>0x2000ccb4</load_address>
         <run_address>0x2000ccb4</run_address>
         <size>0x120</size>
         <input_file_ref idref="fl-38"/>
      </object_component>
      <object_component id="oc-16f">
         <name>.text.free</name>
         <load_address>0x2000cdd4</load_address>
         <run_address>0x2000cdd4</run_address>
         <size>0xf8</size>
         <input_file_ref idref="fl-38"/>
      </object_component>
      <object_component id="oc-229">
         <name>.text.IntDisable</name>
         <load_address>0x2000cecc</load_address>
         <run_address>0x2000cecc</run_address>
         <size>0xc8</size>
         <input_file_ref idref="fl-25"/>
      </object_component>
      <object_component id="oc-1e3">
         <name>.text.IntEnable</name>
         <load_address>0x2000cf94</load_address>
         <run_address>0x2000cf94</run_address>
         <size>0xc8</size>
         <input_file_ref idref="fl-25"/>
      </object_component>
      <object_component id="oc-138">
         <name>.text.timerCallback</name>
         <load_address>0x2000d05c</load_address>
         <run_address>0x2000d05c</run_address>
         <size>0xb4</size>
         <input_file_ref idref="fl-1"/>
      </object_component>
      <object_component id="oc-1ed">
         <name>.text</name>
         <load_address>0x2000d110</load_address>
         <run_address>0x2000d110</run_address>
         <size>0xb0</size>
         <input_file_ref idref="fl-7f"/>
      </object_component>
      <object_component id="oc-19f">
         <name>.text.GPIOIntTypeSet</name>
         <load_address>0x2000d1c0</load_address>
         <run_address>0x2000d1c0</run_address>
         <size>0xac</size>
         <input_file_ref idref="fl-23"/>
      </object_component>
      <object_component id="oc-225">
         <name>.text.IntPendSet</name>
         <load_address>0x2000d26c</load_address>
         <run_address>0x2000d26c</run_address>
         <size>0xa4</size>
         <input_file_ref idref="fl-25"/>
      </object_component>
      <object_component id="oc-143">
         <name>.text.PinConfigSet</name>
         <load_address>0x2000d310</load_address>
         <run_address>0x2000d310</run_address>
         <size>0xa2</size>
         <input_file_ref idref="fl-26"/>
      </object_component>
      <object_component id="oc-d8">
         <name>.text.Board_initHook</name>
         <load_address>0x2000d3b2</load_address>
         <run_address>0x2000d3b2</run_address>
         <size>0x2</size>
         <input_file_ref idref="fl-2"/>
      </object_component>
      <object_component id="oc-11c">
         <name>.text.SemaphoreP_pend</name>
         <load_address>0x2000d3b4</load_address>
         <run_address>0x2000d3b4</run_address>
         <size>0x98</size>
         <input_file_ref idref="fl-1c"/>
      </object_component>
      <object_component id="oc-1c1">
         <name>.text.ClockP_doTick</name>
         <load_address>0x2000d44c</load_address>
         <run_address>0x2000d44c</run_address>
         <size>0x4</size>
         <input_file_ref idref="fl-1d"/>
      </object_component>
      <object_component id="oc-1fa">
         <name>.text</name>
         <load_address>0x2000d450</load_address>
         <run_address>0x2000d450</run_address>
         <size>0x96</size>
         <input_file_ref idref="fl-17"/>
      </object_component>
      <object_component id="oc-163">
         <name>.text.PowerCC32XX_initPolicy</name>
         <load_address>0x2000d4e6</load_address>
         <run_address>0x2000d4e6</run_address>
         <size>0x2</size>
         <input_file_ref idref="fl-1f"/>
      </object_component>
      <object_component id="oc-d2">
         <name>.text.GPIO_init</name>
         <load_address>0x2000d4e8</load_address>
         <run_address>0x2000d4e8</run_address>
         <size>0x90</size>
         <input_file_ref idref="fl-15"/>
      </object_component>
      <object_component id="oc-fb">
         <name>.text.PRCMSysResetCauseGet</name>
         <load_address>0x2000d578</load_address>
         <run_address>0x2000d578</run_address>
         <size>0x8e</size>
         <input_file_ref idref="fl-27"/>
      </object_component>
      <object_component id="oc-1d0">
         <name>.text.SemaphoreP_destruct</name>
         <load_address>0x2000d606</load_address>
         <run_address>0x2000d606</run_address>
         <size>0x2</size>
         <input_file_ref idref="fl-1c"/>
      </object_component>
      <object_component id="oc-10d">
         <name>.text.PowerCC32XX_configureWakeup</name>
         <load_address>0x2000d608</load_address>
         <run_address>0x2000d608</run_address>
         <size>0x88</size>
         <input_file_ref idref="fl-16"/>
      </object_component>
      <object_component id="oc-cd">
         <name>.text.Power_init</name>
         <load_address>0x2000d690</load_address>
         <run_address>0x2000d690</run_address>
         <size>0x78</size>
         <input_file_ref idref="fl-16"/>
      </object_component>
      <object_component id="oc-19e">
         <name>.text.HwiP_construct</name>
         <load_address>0x2000d708</load_address>
         <run_address>0x2000d708</run_address>
         <size>0x74</size>
         <input_file_ref idref="fl-1e"/>
      </object_component>
      <object_component id="oc-160">
         <name>.text.PRCMHibernateWakeUpGPIOSelect</name>
         <load_address>0x2000d77c</load_address>
         <run_address>0x2000d77c</run_address>
         <size>0x74</size>
         <input_file_ref idref="fl-27"/>
      </object_component>
      <object_component id="oc-1f7">
         <name>.text.PinLockLevelSet</name>
         <load_address>0x2000d7f0</load_address>
         <run_address>0x2000d7f0</run_address>
         <size>0x6c</size>
         <input_file_ref idref="fl-26"/>
      </object_component>
      <object_component id="oc-144">
         <name>.text.Power_setDependency</name>
         <load_address>0x2000d85c</load_address>
         <run_address>0x2000d85c</run_address>
         <size>0x6c</size>
         <input_file_ref idref="fl-16"/>
      </object_component>
      <object_component id="oc-123">
         <name>.text.powerNotifyFxn</name>
         <load_address>0x2000d8c8</load_address>
         <run_address>0x2000d8c8</run_address>
         <size>0x6c</size>
         <input_file_ref idref="fl-15"/>
      </object_component>
      <object_component id="oc-20f">
         <name>.text.split</name>
         <load_address>0x2000d934</load_address>
         <run_address>0x2000d934</run_address>
         <size>0x6c</size>
         <input_file_ref idref="fl-38"/>
      </object_component>
      <object_component id="oc-103">
         <name>.text.PRCMPeripheralReset</name>
         <load_address>0x2000d9a0</load_address>
         <run_address>0x2000d9a0</run_address>
         <size>0x6a</size>
         <input_file_ref idref="fl-27"/>
      </object_component>
      <object_component id="oc-18">
         <name>.text:decompress:lzss</name>
         <load_address>0x2000da0a</load_address>
         <run_address>0x2000da0a</run_address>
         <size>0x6a</size>
         <input_file_ref idref="fl-3b"/>
      </object_component>
      <object_component id="oc-20a">
         <name>.text.IntPendClear</name>
         <load_address>0x2000da74</load_address>
         <run_address>0x2000da74</run_address>
         <size>0x68</size>
         <input_file_ref idref="fl-25"/>
      </object_component>
      <object_component id="oc-a6">
         <name>.text.mainThread</name>
         <load_address>0x2000dadc</load_address>
         <run_address>0x2000dadc</run_address>
         <size>0x68</size>
         <input_file_ref idref="fl-1"/>
      </object_component>
      <object_component id="oc-e4">
         <name>.text.GPIO_write</name>
         <load_address>0x2000db44</load_address>
         <run_address>0x2000db44</run_address>
         <size>0x60</size>
         <input_file_ref idref="fl-15"/>
      </object_component>
      <object_component id="oc-220">
         <name>.text.FlashDisable</name>
         <load_address>0x2000dba4</load_address>
         <run_address>0x2000dba4</run_address>
         <size>0x5c</size>
         <input_file_ref idref="fl-2c"/>
      </object_component>
      <object_component id="oc-162">
         <name>.text.PRCMHibernateWakeupSourceDisable</name>
         <load_address>0x2000dc00</load_address>
         <run_address>0x2000dc00</run_address>
         <size>0x5c</size>
         <input_file_ref idref="fl-27"/>
      </object_component>
      <object_component id="oc-187">
         <name>.text.TimerCC32XX_allocateTimerResource</name>
         <load_address>0x2000dc5c</load_address>
         <run_address>0x2000dc5c</run_address>
         <size>0x5c</size>
         <input_file_ref idref="fl-19"/>
      </object_component>
      <object_component id="oc-102">
         <name>.text.PRCMPeripheralClkEnable</name>
         <load_address>0x2000dcb8</load_address>
         <run_address>0x2000dcb8</run_address>
         <size>0x5a</size>
         <input_file_ref idref="fl-27"/>
      </object_component>
      <object_component id="oc-12a">
         <name>.text.Timer_init</name>
         <load_address>0x2000dd12</load_address>
         <run_address>0x2000dd12</run_address>
         <size>0x2</size>
         <input_file_ref idref="fl-18"/>
      </object_component>
      <object_component id="oc-1eb">
         <name>.text.ClockP_startup</name>
         <load_address>0x2000dd14</load_address>
         <run_address>0x2000dd14</run_address>
         <size>0x58</size>
         <input_file_ref idref="fl-1d"/>
      </object_component>
      <object_component id="oc-1e2">
         <name>.text.IntPrioritySet</name>
         <load_address>0x2000dd6c</load_address>
         <run_address>0x2000dd6c</run_address>
         <size>0x58</size>
         <input_file_ref idref="fl-25"/>
      </object_component>
      <object_component id="oc-204">
         <name>.text.PRCMLPDSEnter</name>
         <load_address>0x2000ddc4</load_address>
         <run_address>0x2000ddc4</run_address>
         <size>0x56</size>
         <input_file_ref idref="fl-27"/>
      </object_component>
      <object_component id="oc-214">
         <name>.text.__aeabi_ldiv0</name>
         <load_address>0x2000de1a</load_address>
         <run_address>0x2000de1a</run_address>
         <size>0x2</size>
         <input_file_ref idref="fl-80"/>
      </object_component>
      <object_component id="oc-182">
         <name>.text.PowerCC32XX_setParkState</name>
         <load_address>0x2000de1c</load_address>
         <run_address>0x2000de1c</run_address>
         <size>0x54</size>
         <input_file_ref idref="fl-16"/>
      </object_component>
      <object_component id="oc-20c">
         <name>.text.Power_releaseDependency</name>
         <load_address>0x2000de70</load_address>
         <run_address>0x2000de70</run_address>
         <size>0x54</size>
         <input_file_ref idref="fl-16"/>
      </object_component>
      <object_component id="oc-14b">
         <name>.text.GPIO_hwiIntFxn</name>
         <load_address>0x2000dec4</load_address>
         <run_address>0x2000dec4</run_address>
         <size>0x50</size>
         <input_file_ref idref="fl-15"/>
      </object_component>
      <object_component id="oc-161">
         <name>.text.PRCMHibernateWakeupSourceEnable</name>
         <load_address>0x2000df14</load_address>
         <run_address>0x2000df14</run_address>
         <size>0x50</size>
         <input_file_ref idref="fl-27"/>
      </object_component>
      <object_component id="oc-1c3">
         <name>.text.SemaphoreP_construct</name>
         <load_address>0x2000df64</load_address>
         <run_address>0x2000df64</run_address>
         <size>0x50</size>
         <input_file_ref idref="fl-1c"/>
      </object_component>
      <object_component id="oc-148">
         <name>.text.GPIO_setInterruptConfig</name>
         <load_address>0x2000dfb4</load_address>
         <run_address>0x2000dfb4</run_address>
         <size>0x4c</size>
         <input_file_ref idref="fl-15"/>
      </object_component>
      <object_component id="oc-21e">
         <name>.text.PRCMLPDSRestoreInfoSet</name>
         <load_address>0x2000e000</load_address>
         <run_address>0x2000e000</run_address>
         <size>0x4c</size>
         <input_file_ref idref="fl-27"/>
      </object_component>
      <object_component id="oc-18c">
         <name>.text.initHw</name>
         <load_address>0x2000e04c</load_address>
         <run_address>0x2000e04c</run_address>
         <size>0x4c</size>
         <input_file_ref idref="fl-19"/>
      </object_component>
      <object_component id="oc-18b">
         <name>.text.getPrescaler</name>
         <load_address>0x2000e098</load_address>
         <run_address>0x2000e098</run_address>
         <size>0x4a</size>
         <input_file_ref idref="fl-19"/>
      </object_component>
      <object_component id="oc-14e">
         <name>.text._nop</name>
         <load_address>0x2000e0e2</load_address>
         <run_address>0x2000e0e2</run_address>
         <size>0x2</size>
         <input_file_ref idref="fl-3f"/>
      </object_component>
      <object_component id="oc-4f">
         <name>.text.ClockP_sysTickHandler</name>
         <load_address>0x2000e0e4</load_address>
         <run_address>0x2000e0e4</run_address>
         <size>0x48</size>
         <input_file_ref idref="fl-1d"/>
      </object_component>
      <object_component id="oc-1fe">
         <name>.text.PRCMIntEnable</name>
         <load_address>0x2000e12c</load_address>
         <run_address>0x2000e12c</run_address>
         <size>0x48</size>
         <input_file_ref idref="fl-27"/>
      </object_component>
      <object_component id="oc-19c">
         <name>.text.PRCMPeripheralStatusGet</name>
         <load_address>0x2000e174</load_address>
         <run_address>0x2000e174</run_address>
         <size>0x48</size>
         <input_file_ref idref="fl-27"/>
      </object_component>
      <object_component id="oc-21b">
         <name>.text.PinConfigGet</name>
         <load_address>0x2000e1bc</load_address>
         <run_address>0x2000e1bc</run_address>
         <size>0x48</size>
         <input_file_ref idref="fl-26"/>
      </object_component>
      <object_component id="oc-203">
         <name>.text.PRCMLPDSEnterKeepDebugIf</name>
         <load_address>0x2000e204</load_address>
         <run_address>0x2000e204</run_address>
         <size>0x46</size>
         <input_file_ref idref="fl-27"/>
      </object_component>
      <object_component id="oc-147">
         <name>.text.GPIODirModeSet</name>
         <load_address>0x2000e24a</load_address>
         <run_address>0x2000e24a</run_address>
         <size>0x44</size>
         <input_file_ref idref="fl-23"/>
      </object_component>
      <object_component id="oc-4e">
         <name>.text.busFaultHandler</name>
         <load_address>0x2000e28e</load_address>
         <run_address>0x2000e28e</run_address>
         <size>0x2</size>
         <input_file_ref idref="fl-20"/>
      </object_component>
      <object_component id="oc-1a0">
         <name>.text.GPIO_disableInt</name>
         <load_address>0x2000e290</load_address>
         <run_address>0x2000e290</run_address>
         <size>0x44</size>
         <input_file_ref idref="fl-15"/>
      </object_component>
      <object_component id="oc-ea">
         <name>.text.GPIO_enableInt</name>
         <load_address>0x2000e2d4</load_address>
         <run_address>0x2000e2d4</run_address>
         <size>0x44</size>
         <input_file_ref idref="fl-15"/>
      </object_component>
      <object_component id="oc-227">
         <name>.text.Power_releaseConstraint</name>
         <load_address>0x2000e318</load_address>
         <run_address>0x2000e318</run_address>
         <size>0x44</size>
         <input_file_ref idref="fl-16"/>
      </object_component>
      <object_component id="oc-137">
         <name>.text.Timer_start</name>
         <load_address>0x2000e35c</load_address>
         <run_address>0x2000e35c</run_address>
         <size>0x44</size>
         <input_file_ref idref="fl-18"/>
      </object_component>
      <object_component id="oc-73">
         <name>.text.addToList</name>
         <load_address>0x2000e3a0</load_address>
         <run_address>0x2000e3a0</run_address>
         <size>0x44</size>
         <input_file_ref idref="fl-1d"/>
      </object_component>
      <object_component id="oc-10a">
         <name>.text.PinModeSet</name>
         <load_address>0x2000e3e4</load_address>
         <run_address>0x2000e3e4</run_address>
         <size>0x42</size>
         <input_file_ref idref="fl-26"/>
      </object_component>
      <object_component id="oc-1d9">
         <name>.text.TimerControlStall</name>
         <load_address>0x2000e426</load_address>
         <run_address>0x2000e426</run_address>
         <size>0x42</size>
         <input_file_ref idref="fl-2a"/>
      </object_component>
      <object_component id="oc-18a">
         <name>.text.Timer_close</name>
         <load_address>0x2000e468</load_address>
         <run_address>0x2000e468</run_address>
         <size>0x42</size>
         <input_file_ref idref="fl-19"/>
      </object_component>
      <object_component id="oc-1af">
         <name>.text.getCountsRTC</name>
         <load_address>0x2000e4aa</load_address>
         <run_address>0x2000e4aa</run_address>
         <size>0x42</size>
         <input_file_ref idref="fl-1f"/>
      </object_component>
      <object_component id="oc-11e">
         <name>.text.SemaphoreP_post</name>
         <load_address>0x2000e4ec</load_address>
         <run_address>0x2000e4ec</run_address>
         <size>0x40</size>
         <input_file_ref idref="fl-1c"/>
      </object_component>
      <object_component id="oc-1cc">
         <name>.text.Timer_stop</name>
         <load_address>0x2000e52c</load_address>
         <run_address>0x2000e52c</run_address>
         <size>0x40</size>
         <input_file_ref idref="fl-18"/>
      </object_component>
      <object_component id="oc-21d">
         <name>.text.PinDirModeSet</name>
         <load_address>0x2000e56c</load_address>
         <run_address>0x2000e56c</run_address>
         <size>0x3e</size>
         <input_file_ref idref="fl-26"/>
      </object_component>
      <object_component id="oc-176">
         <name>.text.clkFxn</name>
         <load_address>0x2000e5aa</load_address>
         <run_address>0x2000e5aa</run_address>
         <size>0x2</size>
         <input_file_ref idref="fl-1c"/>
      </object_component>
      <object_component id="oc-1c7">
         <name>.text.ClockP_stop</name>
         <load_address>0x2000e5ac</load_address>
         <run_address>0x2000e5ac</run_address>
         <size>0x3c</size>
         <input_file_ref idref="fl-1d"/>
      </object_component>
      <object_component id="oc-e3">
         <name>.text.initTimer</name>
         <load_address>0x2000e5e8</load_address>
         <run_address>0x2000e5e8</run_address>
         <size>0x3c</size>
         <input_file_ref idref="fl-1"/>
      </object_component>
      <object_component id="oc-194">
         <name>.text.TimerSupport_timerEnable</name>
         <load_address>0x2000e624</load_address>
         <run_address>0x2000e624</run_address>
         <size>0x3a</size>
         <input_file_ref idref="fl-19"/>
      </object_component>
      <object_component id="oc-4d">
         <name>.text.defaultHandler</name>
         <load_address>0x2000e65e</load_address>
         <run_address>0x2000e65e</run_address>
         <size>0x2</size>
         <input_file_ref idref="fl-20"/>
      </object_component>
      <object_component id="oc-175">
         <name>.text.ClockP_destruct</name>
         <load_address>0x2000e660</load_address>
         <run_address>0x2000e660</run_address>
         <size>0x38</size>
         <input_file_ref idref="fl-1d"/>
      </object_component>
      <object_component id="oc-1de">
         <name>.text.Power_setConstraint</name>
         <load_address>0x2000e698</load_address>
         <run_address>0x2000e698</run_address>
         <size>0x38</size>
         <input_file_ref idref="fl-16"/>
      </object_component>
      <object_component id="oc-1c0">
         <name>.text.SwiP_restore</name>
         <load_address>0x2000e6d0</load_address>
         <run_address>0x2000e6d0</run_address>
         <size>0x38</size>
         <input_file_ref idref="fl-21"/>
      </object_component>
      <object_component id="oc-b5">
         <name>.text:__TI_auto_init_nobinit_nopinit</name>
         <load_address>0x2000e708</load_address>
         <run_address>0x2000e708</run_address>
         <size>0x38</size>
         <input_file_ref idref="fl-41"/>
      </object_component>
      <object_component id="oc-1f9">
         <name>.text.PinLock</name>
         <load_address>0x2000e740</load_address>
         <run_address>0x2000e740</run_address>
         <size>0x36</size>
         <input_file_ref idref="fl-26"/>
      </object_component>
      <object_component id="oc-191">
         <name>.text.TimerCC32XX_hwiIntFunction</name>
         <load_address>0x2000e776</load_address>
         <run_address>0x2000e776</run_address>
         <size>0x36</size>
         <input_file_ref idref="fl-19"/>
      </object_component>
      <object_component id="oc-172">
         <name>.text.ClockP_start</name>
         <load_address>0x2000e7ac</load_address>
         <run_address>0x2000e7ac</run_address>
         <size>0x34</size>
         <input_file_ref idref="fl-1d"/>
      </object_component>
      <object_component id="oc-21c">
         <name>.text.PinDirModeGet</name>
         <load_address>0x2000e7e0</load_address>
         <run_address>0x2000e7e0</run_address>
         <size>0x34</size>
         <input_file_ref idref="fl-26"/>
      </object_component>
      <object_component id="oc-105">
         <name>.text.PinModeGet</name>
         <load_address>0x2000e814</load_address>
         <run_address>0x2000e814</run_address>
         <size>0x34</size>
         <input_file_ref idref="fl-26"/>
      </object_component>
      <object_component id="oc-1f6">
         <name>.text.PowerCC32XX_parkPin</name>
         <load_address>0x2000e848</load_address>
         <run_address>0x2000e848</run_address>
         <size>0x34</size>
         <input_file_ref idref="fl-16"/>
      </object_component>
      <object_component id="oc-1d1">
         <name>.text.TimerCC32XX_freeTimerResource</name>
         <load_address>0x2000e87c</load_address>
         <run_address>0x2000e87c</run_address>
         <size>0x34</size>
         <input_file_ref idref="fl-19"/>
      </object_component>
      <object_component id="oc-46">
         <name>.text.initVectors</name>
         <load_address>0x2000e8b0</load_address>
         <run_address>0x2000e8b0</run_address>
         <size>0x34</size>
         <input_file_ref idref="fl-20"/>
      </object_component>
      <object_component id="oc-1ac">
         <name>.text.ClockP_getTicksUntilInterrupt</name>
         <load_address>0x2000e8e4</load_address>
         <run_address>0x2000e8e4</run_address>
         <size>0x30</size>
         <input_file_ref idref="fl-1d"/>
      </object_component>
      <object_component id="oc-1b9">
         <name>.text.PRCMLPDSIntervalSet</name>
         <load_address>0x2000e914</load_address>
         <run_address>0x2000e914</run_address>
         <size>0x30</size>
         <input_file_ref idref="fl-27"/>
      </object_component>
      <object_component id="oc-1ec">
         <name>.text.PRCMSlowClkCtrFastGet</name>
         <load_address>0x2000e944</load_address>
         <run_address>0x2000e944</run_address>
         <size>0x30</size>
         <input_file_ref idref="fl-27"/>
      </object_component>
      <object_component id="oc-1d8">
         <name>.text.TimerLoadSet</name>
         <load_address>0x2000e974</load_address>
         <run_address>0x2000e974</run_address>
         <size>0x30</size>
         <input_file_ref idref="fl-2a"/>
      </object_component>
      <object_component id="oc-1d7">
         <name>.text.TimerPrescaleSet</name>
         <load_address>0x2000e9a4</load_address>
         <run_address>0x2000e9a4</run_address>
         <size>0x30</size>
         <input_file_ref idref="fl-2a"/>
      </object_component>
      <object_component id="oc-1f4">
         <name>.text.notify</name>
         <load_address>0x2000e9d4</load_address>
         <run_address>0x2000e9d4</run_address>
         <size>0x30</size>
         <input_file_ref idref="fl-16"/>
      </object_component>
      <object_component id="oc-1a2">
         <name>.text.GPIOIntStatus</name>
         <load_address>0x2000ea04</load_address>
         <run_address>0x2000ea04</run_address>
         <size>0x2e</size>
         <input_file_ref idref="fl-23"/>
      </object_component>
      <object_component id="oc-146">
         <name>.text.HwiP_create</name>
         <load_address>0x2000ea32</load_address>
         <run_address>0x2000ea32</run_address>
         <size>0x2a</size>
         <input_file_ref idref="fl-1e"/>
      </object_component>
      <object_component id="oc-15f">
         <name>.text.PRCMLPDSWakeUpGPIOSelect</name>
         <load_address>0x2000ea5c</load_address>
         <run_address>0x2000ea5c</run_address>
         <size>0x2a</size>
         <input_file_ref idref="fl-27"/>
      </object_component>
      <object_component id="oc-104">
         <name>.text.PRCMPeripheralClkDisable</name>
         <load_address>0x2000ea86</load_address>
         <run_address>0x2000ea86</run_address>
         <size>0x2a</size>
         <input_file_ref idref="fl-27"/>
      </object_component>
      <object_component id="oc-209">
         <name>.text.List_remove</name>
         <load_address>0x2000eab0</load_address>
         <run_address>0x2000eab0</run_address>
         <size>0x28</size>
         <input_file_ref idref="fl-1a"/>
      </object_component>
      <object_component id="oc-1f5">
         <name>.text.PRCMSRAMRetentionEnable</name>
         <load_address>0x2000ead8</load_address>
         <run_address>0x2000ead8</run_address>
         <size>0x28</size>
         <input_file_ref idref="fl-27"/>
      </object_component>
      <object_component id="oc-208">
         <name>.text.TimerSupport_timerDisable</name>
         <load_address>0x2000eb00</load_address>
         <run_address>0x2000eb00</run_address>
         <size>0x28</size>
         <input_file_ref idref="fl-19"/>
      </object_component>
      <object_component id="oc-1c6">
         <name>.text.free_list_insert</name>
         <load_address>0x2000eb28</load_address>
         <run_address>0x2000eb28</run_address>
         <size>0x28</size>
         <input_file_ref idref="fl-38"/>
      </object_component>
      <object_component id="oc-22a">
         <name>.text.IntUnregister</name>
         <load_address>0x2000eb50</load_address>
         <run_address>0x2000eb50</run_address>
         <size>0x24</size>
         <input_file_ref idref="fl-25"/>
      </object_component>
      <object_component id="oc-177">
         <name>.text.List_put</name>
         <load_address>0x2000eb74</load_address>
         <run_address>0x2000eb74</run_address>
         <size>0x24</size>
         <input_file_ref idref="fl-1a"/>
      </object_component>
      <object_component id="oc-15d">
         <name>.text.PRCMLPDSWakeupSourceEnable</name>
         <load_address>0x2000eb98</load_address>
         <run_address>0x2000eb98</run_address>
         <size>0x24</size>
         <input_file_ref idref="fl-27"/>
      </object_component>
      <object_component id="oc-200">
         <name>.text.PowerCC32XX_restoreParkedPin</name>
         <load_address>0x2000ebbc</load_address>
         <run_address>0x2000ebbc</run_address>
         <size>0x24</size>
         <input_file_ref idref="fl-16"/>
      </object_component>
      <object_component id="oc-11d">
         <name>.text.Power_registerNotify</name>
         <load_address>0x2000ebe0</load_address>
         <run_address>0x2000ebe0</run_address>
         <size>0x24</size>
         <input_file_ref idref="fl-16"/>
      </object_component>
      <object_component id="oc-6c">
         <name>.text:_c_int00_noargs</name>
         <load_address>0x2000ec04</load_address>
         <run_address>0x2000ec04</run_address>
         <size>0x24</size>
         <input_file_ref idref="fl-3c"/>
      </object_component>
      <object_component id="oc-139">
         <name>.text.GPIOPinWrite</name>
         <load_address>0x2000ec28</load_address>
         <run_address>0x2000ec28</run_address>
         <size>0x22</size>
         <input_file_ref idref="fl-23"/>
      </object_component>
      <object_component id="oc-1ff">
         <name>.text.PinUnlock</name>
         <load_address>0x2000ec4a</load_address>
         <run_address>0x2000ec4a</run_address>
         <size>0x22</size>
         <input_file_ref idref="fl-26"/>
      </object_component>
      <object_component id="oc-1e1">
         <name>.text.IntRegister</name>
         <load_address>0x2000ec6c</load_address>
         <run_address>0x2000ec6c</run_address>
         <size>0x20</size>
         <input_file_ref idref="fl-25"/>
      </object_component>
      <object_component id="oc-1cd">
         <name>.text.Power_unregisterNotify</name>
         <load_address>0x2000ec8c</load_address>
         <run_address>0x2000ec8c</run_address>
         <size>0x20</size>
         <input_file_ref idref="fl-16"/>
      </object_component>
      <object_component id="oc-188">
         <name>.text.SemaphoreP_constructBinary</name>
         <load_address>0x2000ecac</load_address>
         <run_address>0x2000ecac</run_address>
         <size>0x20</size>
         <input_file_ref idref="fl-1c"/>
      </object_component>
      <object_component id="oc-113">
         <name>.text.SemaphoreP_createBinary</name>
         <load_address>0x2000eccc</load_address>
         <run_address>0x2000eccc</run_address>
         <size>0x20</size>
         <input_file_ref idref="fl-1c"/>
      </object_component>
      <object_component id="oc-1d2">
         <name>.text.TimerDisable</name>
         <load_address>0x2000ecec</load_address>
         <run_address>0x2000ecec</run_address>
         <size>0x20</size>
         <input_file_ref idref="fl-2a"/>
      </object_component>
      <object_component id="oc-ec">
         <name>.text.gpioButtonFxn1</name>
         <load_address>0x2000ed0c</load_address>
         <run_address>0x2000ed0c</run_address>
         <size>0x20</size>
         <input_file_ref idref="fl-1"/>
      </object_component>
      <object_component id="oc-e5">
         <name>.text.GPIO_setCallback</name>
         <load_address>0x2000ed2c</load_address>
         <run_address>0x2000ed2c</run_address>
         <size>0x1c</size>
         <input_file_ref idref="fl-14"/>
      </object_component>
      <object_component id="oc-1e6">
         <name>.text.HwiP_dispatch</name>
         <load_address>0x2000ed48</load_address>
         <run_address>0x2000ed48</run_address>
         <size>0x1c</size>
         <input_file_ref idref="fl-1e"/>
      </object_component>
      <object_component id="oc-1a5">
         <name>.text.SwiP_disable</name>
         <load_address>0x2000ed64</load_address>
         <run_address>0x2000ed64</run_address>
         <size>0x1c</size>
         <input_file_ref idref="fl-21"/>
      </object_component>
      <object_component id="oc-1c5">
         <name>.text.free_list_remove</name>
         <load_address>0x2000ed80</load_address>
         <run_address>0x2000ed80</run_address>
         <size>0x1c</size>
         <input_file_ref idref="fl-38"/>
      </object_component>
      <object_component id="oc-1ca">
         <name>.text.getPowerMgrId</name>
         <load_address>0x2000ed9c</load_address>
         <run_address>0x2000ed9c</run_address>
         <size>0x1c</size>
         <input_file_ref idref="fl-19"/>
      </object_component>
      <object_component id="oc-21">
         <name>.text.resetISR</name>
         <load_address>0x2000edb8</load_address>
         <run_address>0x2000edb8</run_address>
         <size>0x1c</size>
         <input_file_ref idref="fl-20"/>
      </object_component>
      <object_component id="oc-1e7">
         <name>.text.GPIOIntDisable</name>
         <load_address>0x2000edd4</load_address>
         <run_address>0x2000edd4</run_address>
         <size>0x1a</size>
         <input_file_ref idref="fl-23"/>
      </object_component>
      <object_component id="oc-101">
         <name>.text.PRCMHIBRegRead</name>
         <load_address>0x2000edee</load_address>
         <run_address>0x2000edee</run_address>
         <size>0x1a</size>
         <input_file_ref idref="fl-27"/>
      </object_component>
      <object_component id="oc-100">
         <name>.text.PRCMHIBRegWrite</name>
         <load_address>0x2000ee08</load_address>
         <run_address>0x2000ee08</run_address>
         <size>0x1a</size>
         <input_file_ref idref="fl-27"/>
      </object_component>
      <object_component id="oc-15e">
         <name>.text.PRCMLPDSWakeupSourceDisable</name>
         <load_address>0x2000ee22</load_address>
         <run_address>0x2000ee22</run_address>
         <size>0x1a</size>
         <input_file_ref idref="fl-27"/>
      </object_component>
      <object_component id="oc-1f8">
         <name>.text.PinToPadGet</name>
         <load_address>0x2000ee3c</load_address>
         <run_address>0x2000ee3c</run_address>
         <size>0x1a</size>
         <input_file_ref idref="fl-26"/>
      </object_component>
      <object_component id="oc-1df">
         <name>.text.TimerEnable</name>
         <load_address>0x2000ee56</load_address>
         <run_address>0x2000ee56</run_address>
         <size>0x1a</size>
         <input_file_ref idref="fl-2a"/>
      </object_component>
      <object_component id="oc-142">
         <name>.text.GPIOIntEnable</name>
         <load_address>0x2000ee70</load_address>
         <run_address>0x2000ee70</run_address>
         <size>0x18</size>
         <input_file_ref idref="fl-23"/>
      </object_component>
      <object_component id="oc-16b">
         <name>.text.SemaphoreP_create</name>
         <load_address>0x2000ee88</load_address>
         <run_address>0x2000ee88</run_address>
         <size>0x18</size>
         <input_file_ref idref="fl-1c"/>
      </object_component>
      <object_component id="oc-9c">
         <name>.text.Board_init</name>
         <load_address>0x2000eea0</load_address>
         <run_address>0x2000eea0</run_address>
         <size>0x16</size>
         <input_file_ref idref="fl-2"/>
      </object_component>
      <object_component id="oc-1bc">
         <name>.text.SysTickPeriodSet</name>
         <load_address>0x2000eeb6</load_address>
         <run_address>0x2000eeb6</run_address>
         <size>0x16</size>
         <input_file_ref idref="fl-29"/>
      </object_component>
      <object_component id="oc-226">
         <name>.text.TimerIntDisable</name>
         <load_address>0x2000eecc</load_address>
         <run_address>0x2000eecc</run_address>
         <size>0x16</size>
         <input_file_ref idref="fl-2a"/>
      </object_component>
      <object_component id="oc-62">
         <name>.text.CPUcpsid</name>
         <load_address>0x2000eee2</load_address>
         <run_address>0x2000eee2</run_address>
         <size>0x14</size>
         <input_file_ref idref="fl-22"/>
      </object_component>
      <object_component id="oc-183">
         <name>.text.CPUcpsie</name>
         <load_address>0x2000eef6</load_address>
         <run_address>0x2000eef6</run_address>
         <size>0x14</size>
         <input_file_ref idref="fl-22"/>
      </object_component>
      <object_component id="oc-20b">
         <name>.text.HwiP_destruct</name>
         <load_address>0x2000ef0a</load_address>
         <run_address>0x2000ef0a</run_address>
         <size>0x14</size>
         <input_file_ref idref="fl-1e"/>
      </object_component>
      <object_component id="oc-69">
         <name>.text.IntVTableBaseSet</name>
         <load_address>0x2000ef1e</load_address>
         <run_address>0x2000ef1e</run_address>
         <size>0x14</size>
         <input_file_ref idref="fl-25"/>
      </object_component>
      <object_component id="oc-4c">
         <name>.text.faultISR</name>
         <load_address>0x2000ef32</load_address>
         <run_address>0x2000ef32</run_address>
         <size>0x2</size>
         <input_file_ref idref="fl-20"/>
      </object_component>
      <object_component id="oc-17e">
         <name>.text.Power_disablePolicy</name>
         <load_address>0x2000ef34</load_address>
         <run_address>0x2000ef34</run_address>
         <size>0x14</size>
         <input_file_ref idref="fl-16"/>
      </object_component>
      <object_component id="oc-1ad">
         <name>.text.Power_getTransitionLatency</name>
         <load_address>0x2000ef48</load_address>
         <run_address>0x2000ef48</run_address>
         <size>0x14</size>
         <input_file_ref idref="fl-16"/>
      </object_component>
      <object_component id="oc-1c4">
         <name>.text.Power_idleFunc</name>
         <load_address>0x2000ef5c</load_address>
         <run_address>0x2000ef5c</run_address>
         <size>0x14</size>
         <input_file_ref idref="fl-16"/>
      </object_component>
      <object_component id="oc-1dd">
         <name>.text.TimerIntEnable</name>
         <load_address>0x2000ef70</load_address>
         <run_address>0x2000ef70</run_address>
         <size>0x14</size>
         <input_file_ref idref="fl-2a"/>
      </object_component>
      <object_component id="oc-1b0">
         <name>.text</name>
         <load_address>0x2000ef84</load_address>
         <run_address>0x2000ef84</run_address>
         <size>0x14</size>
         <input_file_ref idref="fl-7e"/>
      </object_component>
      <object_component id="oc-171">
         <name>.text.ClockP_add</name>
         <load_address>0x2000ef98</load_address>
         <run_address>0x2000ef98</run_address>
         <size>0x12</size>
         <input_file_ref idref="fl-1d"/>
      </object_component>
      <object_component id="oc-1a1">
         <name>.text.GPIOIntClear</name>
         <load_address>0x2000efaa</load_address>
         <run_address>0x2000efaa</run_address>
         <size>0x12</size>
         <input_file_ref idref="fl-23"/>
      </object_component>
      <object_component id="oc-145">
         <name>.text.HwiP_Params_init</name>
         <load_address>0x2000efbc</load_address>
         <run_address>0x2000efbc</run_address>
         <size>0x12</size>
         <input_file_ref idref="fl-1e"/>
      </object_component>
      <object_component id="oc-1cf">
         <name>.text.HwiP_delete</name>
         <load_address>0x2000efce</load_address>
         <run_address>0x2000efce</run_address>
         <size>0x12</size>
         <input_file_ref idref="fl-1e"/>
      </object_component>
      <object_component id="oc-1bd">
         <name>.text.SysTickEnable</name>
         <load_address>0x2000efe0</load_address>
         <run_address>0x2000efe0</run_address>
         <size>0x12</size>
         <input_file_ref idref="fl-29"/>
      </object_component>
      <object_component id="oc-1b4">
         <name>.text.SysTickIntDisable</name>
         <load_address>0x2000eff2</load_address>
         <run_address>0x2000eff2</run_address>
         <size>0x12</size>
         <input_file_ref idref="fl-29"/>
      </object_component>
      <object_component id="oc-1be">
         <name>.text.SysTickIntEnable</name>
         <load_address>0x2000f004</load_address>
         <run_address>0x2000f004</run_address>
         <size>0x12</size>
         <input_file_ref idref="fl-29"/>
      </object_component>
      <object_component id="oc-77">
         <name>.text:TI_memcpy_small</name>
         <load_address>0x2000f016</load_address>
         <run_address>0x2000f016</run_address>
         <size>0x12</size>
         <input_file_ref idref="fl-81"/>
      </object_component>
      <object_component id="oc-3a">
         <name>.text:decompress:ZI:__TI_zero_init_nomemset</name>
         <load_address>0x2000f028</load_address>
         <run_address>0x2000f028</run_address>
         <size>0x12</size>
         <input_file_ref idref="fl-39"/>
      </object_component>
      <object_component id="oc-4b">
         <name>.text.nmiISR</name>
         <load_address>0x2000f03a</load_address>
         <run_address>0x2000f03a</run_address>
         <size>0x2</size>
         <input_file_ref idref="fl-20"/>
      </object_component>
      <object_component id="oc-189">
         <name>.text.ClockP_getCpuFreq</name>
         <load_address>0x2000f03c</load_address>
         <run_address>0x2000f03c</run_address>
         <size>0x10</size>
         <input_file_ref idref="fl-1d"/>
      </object_component>
      <object_component id="oc-1ae">
         <name>.text.ClockP_getSystemTicks</name>
         <load_address>0x2000f04c</load_address>
         <run_address>0x2000f04c</run_address>
         <size>0x10</size>
         <input_file_ref idref="fl-1d"/>
      </object_component>
      <object_component id="oc-1bb">
         <name>.text.ClockP_setTicks</name>
         <load_address>0x2000f05c</load_address>
         <run_address>0x2000f05c</run_address>
         <size>0x10</size>
         <input_file_ref idref="fl-1d"/>
      </object_component>
      <object_component id="oc-17d">
         <name>.text.HwiP_inISR</name>
         <load_address>0x2000f06c</load_address>
         <run_address>0x2000f06c</run_address>
         <size>0x10</size>
         <input_file_ref idref="fl-1e"/>
      </object_component>
      <object_component id="oc-174">
         <name>.text.Power_enablePolicy</name>
         <load_address>0x2000f07c</load_address>
         <run_address>0x2000f07c</run_address>
         <size>0x10</size>
         <input_file_ref idref="fl-16"/>
      </object_component>
      <object_component id="oc-1dc">
         <name>.text.TimerIntClear</name>
         <load_address>0x2000f08c</load_address>
         <run_address>0x2000f08c</run_address>
         <size>0x10</size>
         <input_file_ref idref="fl-2a"/>
      </object_component>
      <object_component id="oc-12f">
         <name>.text.Timer_Params_init</name>
         <load_address>0x2000f09c</load_address>
         <run_address>0x2000f09c</run_address>
         <size>0x10</size>
         <input_file_ref idref="fl-18"/>
      </object_component>
      <object_component id="oc-85">
         <name>.text.main</name>
         <load_address>0x2000f0ac</load_address>
         <run_address>0x2000f0ac</run_address>
         <size>0x10</size>
         <input_file_ref idref="fl-3"/>
      </object_component>
      <object_component id="oc-1c">
         <name>.text:decompress:none</name>
         <load_address>0x2000f0bc</load_address>
         <run_address>0x2000f0bc</run_address>
         <size>0xe</size>
         <input_file_ref idref="fl-3a"/>
      </object_component>
      <object_component id="oc-205">
         <name>.text.CPUwfi</name>
         <load_address>0x2000f0ca</load_address>
         <run_address>0x2000f0ca</run_address>
         <size>0xc</size>
         <input_file_ref idref="fl-22"/>
      </object_component>
      <object_component id="oc-201">
         <name>.text.PRCMLPDSWakeupCauseGet</name>
         <load_address>0x2000f0d6</load_address>
         <run_address>0x2000f0d6</run_address>
         <size>0xc</size>
         <input_file_ref idref="fl-27"/>
      </object_component>
      <object_component id="oc-1ab">
         <name>.text.Power_getConstraintMask</name>
         <load_address>0x2000f0e4</load_address>
         <run_address>0x2000f0e4</run_address>
         <size>0xc</size>
         <input_file_ref idref="fl-16"/>
      </object_component>
      <object_component id="oc-190">
         <name>.text.postNotifyFxn</name>
         <load_address>0x2000f0f0</load_address>
         <run_address>0x2000f0f0</run_address>
         <size>0xc</size>
         <input_file_ref idref="fl-19"/>
      </object_component>
      <object_component id="oc-173">
         <name>.text.ClockP_isActive</name>
         <load_address>0x2000f0fc</load_address>
         <run_address>0x2000f0fc</run_address>
         <size>0xa</size>
         <input_file_ref idref="fl-1d"/>
      </object_component>
      <object_component id="oc-41">
         <name>.text.IntMasterDisable</name>
         <load_address>0x2000f106</load_address>
         <run_address>0x2000f106</run_address>
         <size>0xa</size>
         <input_file_ref idref="fl-25"/>
      </object_component>
      <object_component id="oc-126">
         <name>.text.IntMasterEnable</name>
         <load_address>0x2000f110</load_address>
         <run_address>0x2000f110</run_address>
         <size>0xa</size>
         <input_file_ref idref="fl-25"/>
      </object_component>
      <object_component id="oc-119">
         <name>.text.HwiP_disable</name>
         <load_address>0x2000f11a</load_address>
         <run_address>0x2000f11a</run_address>
         <size>0x8</size>
         <input_file_ref idref="fl-1e"/>
      </object_component>
      <object_component id="oc-11a">
         <name>.text.HwiP_restore</name>
         <load_address>0x2000f122</load_address>
         <run_address>0x2000f122</run_address>
         <size>0x8</size>
         <input_file_ref idref="fl-1e"/>
      </object_component>
      <object_component id="oc-1bf">
         <name>.text.PRCMSleepEnter</name>
         <load_address>0x2000f12a</load_address>
         <run_address>0x2000f12a</run_address>
         <size>0x8</size>
         <input_file_ref idref="fl-27"/>
      </object_component>
      <object_component id="oc-fc">
         <name>.text.UtilsDelay</name>
         <load_address>0x2000f132</load_address>
         <run_address>0x2000f132</run_address>
         <size>0x8</size>
         <input_file_ref idref="fl-2b"/>
      </object_component>
      <object_component id="oc-19d">
         <name>.text.malloc</name>
         <load_address>0x2000f13a</load_address>
         <run_address>0x2000f13a</run_address>
         <size>0x8</size>
         <input_file_ref idref="fl-38"/>
      </object_component>
      <object_component id="oc-1ce">
         <name>.text.HwiP_clearInterrupt</name>
         <load_address>0x2000f142</load_address>
         <run_address>0x2000f142</run_address>
         <size>0x4</size>
         <input_file_ref idref="fl-1e"/>
      </object_component>
      <object_component id="oc-db">
         <name>.text.HwiP_enable</name>
         <load_address>0x2000f146</load_address>
         <run_address>0x2000f146</run_address>
         <size>0x4</size>
         <input_file_ref idref="fl-1e"/>
      </object_component>
      <object_component id="oc-206">
         <name>.text.HwiP_post</name>
         <load_address>0x2000f14a</load_address>
         <run_address>0x2000f14a</run_address>
         <size>0x4</size>
         <input_file_ref idref="fl-1e"/>
      </object_component>
      <object_component id="oc-231">
         <name>.text.IntDefaultHandler</name>
         <load_address>0x2000f14e</load_address>
         <run_address>0x2000f14e</run_address>
         <size>0x4</size>
         <input_file_ref idref="fl-25"/>
      </object_component>
      <object_component id="oc-a1">
         <name>.text.NoRTOS_start</name>
         <load_address>0x2000f152</load_address>
         <run_address>0x2000f152</run_address>
         <size>0x4</size>
         <input_file_ref idref="fl-1b"/>
      </object_component>
      <object_component id="oc-11b">
         <name>.text.SemaphoreP_delete</name>
         <load_address>0x2000f156</load_address>
         <run_address>0x2000f156</run_address>
         <size>0x4</size>
         <input_file_ref idref="fl-1c"/>
      </object_component>
      <object_component id="oc-81">
         <name>.text._system_pre_init</name>
         <load_address>0x2000f15a</load_address>
         <run_address>0x2000f15a</run_address>
         <size>0x4</size>
         <input_file_ref idref="fl-42"/>
      </object_component>
      <object_component id="oc-ae">
         <name>.text:abort</name>
         <load_address>0x2000f15e</load_address>
         <run_address>0x2000f15e</run_address>
         <size>0x4</size>
         <input_file_ref idref="fl-3e"/>
      </object_component>
      <object_component id="oc-33">
         <name>.text</name>
         <load_address>0x2000f164</load_address>
         <run_address>0x2000f164</run_address>
         <size>0x4</size>
         <input_file_ref idref="fl-7c"/>
      </object_component>
      <object_component id="oc-15a">
         <name>.rodata.g_ulPinToPadMap</name>
         <load_address>0x2000f8f0</load_address>
         <run_address>0x2000f8f0</run_address>
         <size>0x100</size>
         <input_file_ref idref="fl-26"/>
      </object_component>
      <object_component id="oc-211">
         <name>.rodata.g_pulRegs</name>
         <load_address>0x2000f9f0</load_address>
         <run_address>0x2000f9f0</run_address>
         <size>0xd4</size>
         <input_file_ref idref="fl-25"/>
      </object_component>
      <object_component id="oc-159">
         <name>.rodata.PRCM_PeriphRegsList</name>
         <load_address>0x2000fac4</load_address>
         <run_address>0x2000fac4</run_address>
         <size>0xa8</size>
         <input_file_ref idref="fl-27"/>
      </object_component>
      <object_component id="oc-110">
         <name>.rodata.PowerCC32XX_config</name>
         <load_address>0x2000fb6c</load_address>
         <run_address>0x2000fb6c</run_address>
         <size>0x44</size>
         <input_file_ref idref="fl-2"/>
      </object_component>
      <object_component id="oc-13e">
         <name>.rodata.portConfigs</name>
         <load_address>0x2000fbb0</load_address>
         <run_address>0x2000fbb0</run_address>
         <size>0x28</size>
         <input_file_ref idref="fl-15"/>
      </object_component>
      <object_component id="oc-149">
         <name>.rodata.pinTable</name>
         <load_address>0x2000fbd8</load_address>
         <run_address>0x2000fbd8</run_address>
         <size>0x21</size>
         <input_file_ref idref="fl-15"/>
      </object_component>
      <object_component id="oc-122">
         <name>.rodata.GPIO_pinUpperBound</name>
         <load_address>0x2000fbf9</load_address>
         <run_address>0x2000fbf9</run_address>
         <size>0x1</size>
         <input_file_ref idref="fl-2"/>
      </object_component>
      <object_component id="oc-18d">
         <name>.rodata.Timer_count</name>
         <load_address>0x2000fbfa</load_address>
         <run_address>0x2000fbfa</run_address>
         <size>0x1</size>
         <input_file_ref idref="fl-2"/>
      </object_component>
      <object_component id="oc-230">
         <name>.rodata.g_pulDisRegs</name>
         <load_address>0x2000fbfc</load_address>
         <run_address>0x2000fbfc</run_address>
         <size>0x18</size>
         <input_file_ref idref="fl-25"/>
      </object_component>
      <object_component id="oc-212">
         <name>.rodata.g_pulEnRegs</name>
         <load_address>0x2000fc14</load_address>
         <run_address>0x2000fc14</run_address>
         <size>0x18</size>
         <input_file_ref idref="fl-25"/>
      </object_component>
      <object_component id="oc-22f">
         <name>.rodata.g_pulPendRegs</name>
         <load_address>0x2000fc2c</load_address>
         <run_address>0x2000fc2c</run_address>
         <size>0x18</size>
         <input_file_ref idref="fl-25"/>
      </object_component>
      <object_component id="oc-228">
         <name>.rodata.g_pulUnpendRegs</name>
         <load_address>0x2000fc44</load_address>
         <run_address>0x2000fc44</run_address>
         <size>0x18</size>
         <input_file_ref idref="fl-25"/>
      </object_component>
      <object_component id="oc-121">
         <name>.rodata.GPIO_config</name>
         <load_address>0x2000fc5c</load_address>
         <run_address>0x2000fc5c</run_address>
         <size>0x10</size>
         <input_file_ref idref="fl-2"/>
      </object_component>
      <object_component id="oc-1db">
         <name>.rodata.timerCC32XXHWAttrs</name>
         <load_address>0x2000fc6c</load_address>
         <run_address>0x2000fc6c</run_address>
         <size>0x10</size>
         <input_file_ref idref="fl-2"/>
      </object_component>
      <object_component id="oc-198">
         <name>.rodata..Lswitch.table.timerCallback.2</name>
         <load_address>0x2000fc7c</load_address>
         <run_address>0x2000fc7c</run_address>
         <size>0xc</size>
         <input_file_ref idref="fl-1"/>
      </object_component>
      <object_component id="oc-199">
         <name>.rodata..Lswitch.table.timerCallback.3</name>
         <load_address>0x2000fc88</load_address>
         <run_address>0x2000fc88</run_address>
         <size>0xc</size>
         <input_file_ref idref="fl-1"/>
      </object_component>
      <object_component id="oc-186">
         <name>.rodata.defaultParams</name>
         <load_address>0x2000fc94</load_address>
         <run_address>0x2000fc94</run_address>
         <size>0xc</size>
         <input_file_ref idref="fl-18"/>
      </object_component>
      <object_component id="oc-18f">
         <name>.rodata.defaultParams</name>
         <load_address>0x2000fca0</load_address>
         <run_address>0x2000fca0</run_address>
         <size>0xc</size>
         <input_file_ref idref="fl-19"/>
      </object_component>
      <object_component id="oc-18e">
         <name>.rodata.Timer_config</name>
         <load_address>0x2000fcac</load_address>
         <run_address>0x2000fcac</run_address>
         <size>0x8</size>
         <input_file_ref idref="fl-2"/>
      </object_component>
      <object_component id="oc-269">
         <name>.cinit..data.load</name>
         <load_address>0x2000ff90</load_address>
         <run_address>0x2000ff90</run_address>
         <size>0xf2</size>
      </object_component>
      <object_component id="oc-267">
         <name>__TI_handler_table</name>
         <load_address>0x20010084</load_address>
         <run_address>0x20010084</run_address>
         <size>0xc</size>
      </object_component>
      <object_component id="oc-26a">
         <name>.cinit..bss.load</name>
         <load_address>0x20010090</load_address>
         <run_address>0x20010090</run_address>
         <size>0x8</size>
      </object_component>
      <object_component id="oc-268">
         <name>__TI_cinit_table</name>
         <load_address>0x20010098</load_address>
         <run_address>0x20010098</run_address>
         <size>0x10</size>
      </object_component>
      <object_component id="oc-196">
         <name>.data.SOS_LEDs</name>
         <load_address>0x2000f6d8</load_address>
         <run_address>0x2000f6d8</run_address>
         <size>0x88</size>
         <input_file_ref idref="fl-1"/>
      </object_component>
      <object_component id="oc-195">
         <name>.data..L_MergedGlobals</name>
         <load_address>0x2000f7e4</load_address>
         <run_address>0x2000f7e4</run_address>
         <size>0x7c</size>
         <input_file_ref idref="fl-1"/>
      </object_component>
      <object_component id="oc-17f">
         <name>.data.gpioPinConfigs</name>
         <load_address>0x2000f760</load_address>
         <run_address>0x2000f760</run_address>
         <size>0x84</size>
         <input_file_ref idref="fl-2"/>
      </object_component>
      <object_component id="oc-16a">
         <name>.data.parkInfo</name>
         <load_address>0x2000f5e0</load_address>
         <run_address>0x2000f5e0</run_address>
         <size>0xf8</size>
         <input_file_ref idref="fl-2"/>
      </object_component>
      <object_component id="oc-120">
         <name>.data.initCalled</name>
         <load_address>0x2000f8e8</load_address>
         <run_address>0x2000f8e8</run_address>
         <size>0x1</size>
         <input_file_ref idref="fl-15"/>
      </object_component>
      <object_component id="oc-14a">
         <name>.data.portHwiCreatedBitMask</name>
         <load_address>0x2000f8e9</load_address>
         <run_address>0x2000f8e9</run_address>
         <size>0x1</size>
         <input_file_ref idref="fl-15"/>
      </object_component>
      <object_component id="oc-11f">
         <name>.data..L_MergedGlobals</name>
         <load_address>0x2000f8ac</load_address>
         <run_address>0x2000f8ac</run_address>
         <size>0x18</size>
         <input_file_ref idref="fl-15"/>
      </object_component>
      <object_component id="oc-10f">
         <name>.data.PowerCC32XX_module</name>
         <load_address>0x2000f474</load_address>
         <run_address>0x2000f474</run_address>
         <size>0x16c</size>
         <input_file_ref idref="fl-16"/>
      </object_component>
      <object_component id="oc-16c">
         <name>.data..L_MergedGlobals</name>
         <load_address>0x2000f8c8</load_address>
         <run_address>0x2000f8c8</run_address>
         <size>0x10</size>
         <input_file_ref idref="fl-1c"/>
      </object_component>
      <object_component id="oc-1c2">
         <name>.data..L_MergedGlobals</name>
         <load_address>0x2000f8d8</load_address>
         <run_address>0x2000f8d8</run_address>
         <size>0x8</size>
         <input_file_ref idref="fl-1d"/>
      </object_component>
      <object_component id="oc-1e4">
         <name>.data.HwiP_swiPIntNum</name>
         <load_address>0x2000f8c4</load_address>
         <run_address>0x2000f8c4</run_address>
         <size>0x4</size>
         <input_file_ref idref="fl-1e"/>
      </object_component>
      <object_component id="oc-1e5">
         <name>.data.HwiP_dispatchTable</name>
         <load_address>0x2000f168</load_address>
         <run_address>0x2000f168</run_address>
         <size>0x30c</size>
         <input_file_ref idref="fl-1e"/>
      </object_component>
      <object_component id="oc-1e8">
         <name>.data..L_MergedGlobals</name>
         <load_address>0x2000f860</load_address>
         <run_address>0x2000f860</run_address>
         <size>0x4c</size>
         <input_file_ref idref="fl-21"/>
      </object_component>
      <object_component id="oc-210">
         <name>.data.memory_is_initialized</name>
         <load_address>0x2000f8ec</load_address>
         <run_address>0x2000f8ec</run_address>
         <size>0x1</size>
         <input_file_ref idref="fl-38"/>
      </object_component>
      <object_component id="oc-f1">
         <name>.data._lock</name>
         <load_address>0x2000f8e0</load_address>
         <run_address>0x2000f8e0</run_address>
         <size>0x4</size>
         <input_file_ref idref="fl-3f"/>
      </object_component>
      <object_component id="oc-f4">
         <name>.data._unlock</name>
         <load_address>0x2000f8e4</load_address>
         <run_address>0x2000f8e4</run_address>
         <size>0x4</size>
         <input_file_ref idref="fl-3f"/>
      </object_component>
      <object_component id="oc-1cb">
         <name>.bss.timerState.0</name>
         <uninitialized>true</uninitialized>
         <run_address>0x2000ff88</run_address>
         <size>0x4</size>
         <input_file_ref idref="fl-19"/>
      </object_component>
      <object_component id="oc-213">
         <name>.bss.sysTickPeriod</name>
         <uninitialized>true</uninitialized>
         <run_address>0x2000ff80</run_address>
         <size>0x4</size>
         <input_file_ref idref="fl-1d"/>
      </object_component>
      <object_component id="oc-207">
         <name>.bss.sys_free</name>
         <uninitialized>true</uninitialized>
         <run_address>0x2000ff84</run_address>
         <size>0x4</size>
         <input_file_ref idref="fl-38"/>
      </object_component>
      <object_component id="oc-14c">
         <name>.common:BUTTON_INIT</name>
         <uninitialized>true</uninitialized>
         <run_address>0x2000ff8c</run_address>
         <size>0x1</size>
      </object_component>
      <object_component id="oc-197">
         <name>.common:state</name>
         <uninitialized>true</uninitialized>
         <run_address>0x2000ff8e</run_address>
         <size>0x1</size>
      </object_component>
      <object_component id="oc-14d">
         <name>.common:BUTTON_STATE</name>
         <uninitialized>true</uninitialized>
         <run_address>0x2000ff8d</run_address>
         <size>0x1</size>
      </object_component>
      <object_component id="oc-180">
         <name>.common:gpioCallbackFunctions</name>
         <uninitialized>true</uninitialized>
         <run_address>0x2000fde4</run_address>
         <size>0x84</size>
      </object_component>
      <object_component id="oc-181">
         <name>.common:gpioUserArgs</name>
         <uninitialized>true</uninitialized>
         <run_address>0x2000fe68</run_address>
         <size>0x84</size>
      </object_component>
      <object_component id="oc-1da">
         <name>.common:timerCC32XXObjects</name>
         <uninitialized>true</uninitialized>
         <run_address>0x2000feec</run_address>
         <size>0x84</size>
      </object_component>
      <object_component id="oc-202">
         <name>.common:PowerCC32XX_contextSave</name>
         <uninitialized>true</uninitialized>
         <run_address>0x2000fcb8</run_address>
         <size>0x12c</size>
      </object_component>
      <object_component id="oc-74">
         <name>.common:ClockP_ctrl</name>
         <uninitialized>true</uninitialized>
         <run_address>0x2000ff70</run_address>
         <size>0x10</size>
      </object_component>
      <object_component id="oc-28">
         <name>.sysmem</name>
         <uninitialized>true</uninitialized>
         <run_address>0x20004040</run_address>
         <size>0x10</size>
         <input_file_ref idref="fl-38"/>
      </object_component>
      <object_component id="oc-26d">
         <name>.sysmem</name>
         <uninitialized>true</uninitialized>
         <run_address>0x20004040</run_address>
         <size>0x0</size>
      </object_component>
      <object_component id="oc-16">
         <name>.stack</name>
         <uninitialized>true</uninitialized>
         <run_address>0x20003000</run_address>
         <size>0x4</size>
         <input_file_ref idref="fl-3c"/>
      </object_component>
      <object_component id="oc-26c">
         <name>.stack</name>
         <uninitialized>true</uninitialized>
         <run_address>0x20003000</run_address>
         <size>0x0</size>
      </object_component>
      <object_component id="oc-26">
         <name>.resetVecs</name>
         <load_address>0x20004000</load_address>
         <run_address>0x20004000</run_address>
         <size>0x40</size>
         <input_file_ref idref="fl-20"/>
      </object_component>
      <object_component id="oc-27">
         <name>.ramVecs</name>
         <uninitialized>true</uninitialized>
         <run_address>0x20000000</run_address>
         <size>0x30c</size>
         <input_file_ref idref="fl-20"/>
      </object_component>
      <object_component id="oc-a8">
         <name>.debug_loc</name>
         <load_address>0x0</load_address>
         <run_address>0x0</run_address>
         <size>0x4e</size>
         <input_file_ref idref="fl-1"/>
      </object_component>
      <object_component id="oc-141">
         <name>.debug_loc</name>
         <load_address>0x4e</load_address>
         <run_address>0x4e</run_address>
         <size>0x50</size>
         <input_file_ref idref="fl-14"/>
      </object_component>
      <object_component id="oc-d7">
         <name>.debug_loc</name>
         <load_address>0x9e</load_address>
         <run_address>0x9e</run_address>
         <size>0x68e</size>
         <input_file_ref idref="fl-15"/>
      </object_component>
      <object_component id="oc-10e">
         <name>.debug_loc</name>
         <load_address>0x72c</load_address>
[...]
         <name>ClockP_getSystemTicks</name>
         <value>0x2000f04d</value>
         <object_component_ref idref="oc-1ae"/>
      </symbol>
      <symbol id="sm-1c6">
         <name>ClockP_getTicksUntilInterrupt</name>
         <value>0x2000e8e5</value>
         <object_component_ref idref="oc-1ac"/>
      </symbol>
      <symbol id="sm-1c7">
         <name>ClockP_isActive</name>
         <value>0x2000f0fd</value>
         <object_component_ref idref="oc-173"/>
      </symbol>
      <symbol id="sm-1c8">
         <name>ClockP_setTicks</name>
         <value>0x2000f05d</value>
         <object_component_ref idref="oc-1bb"/>
      </symbol>
      <symbol id="sm-1c9">
         <name>ClockP_tickPeriod</name>
         <value>0x2000f8dc</value>
         <object_component_ref idref="oc-1c2"/>
      </symbol>
      <symbol id="sm-1ee">
         <name>HwiP_enable</name>
         <value>0x2000f147</value>
         <object_component_ref idref="oc-db"/>
      </symbol>
      <symbol id="sm-1ef">
         <name>HwiP_disable</name>
         <value>0x2000f11b</value>
         <object_component_ref idref="oc-119"/>
      </symbol>
      <symbol id="sm-1f0">
         <name>HwiP_restore</name>
         <value>0x2000f123</value>
         <object_component_ref idref="oc-11a"/>
      </symbol>
      <symbol id="sm-1f1">
         <name>HwiP_clearInterrupt</name>
         <value>0x2000f143</value>
         <object_component_ref idref="oc-1ce"/>
      </symbol>
      <symbol id="sm-1f2">
         <name>HwiP_destruct</name>
         <value>0x2000ef0b</value>
         <object_component_ref idref="oc-20b"/>
      </symbol>
      <symbol id="sm-1f3">
         <name>HwiP_delete</name>
         <value>0x2000efcf</value>
         <object_component_ref idref="oc-1cf"/>
      </symbol>
      <symbol id="sm-1f4">
         <name>HwiP_dispatch</name>
         <value>0x2000ed49</value>
         <object_component_ref idref="oc-1e6"/>
      </symbol>
      <symbol id="sm-1f5">
         <name>HwiP_construct</name>
         <value>0x2000d709</value>
         <object_component_ref idref="oc-19e"/>
      </symbol>
      <symbol id="sm-1f6">
         <name>HwiP_swiPIntNum</name>
         <value>0x2000f8c4</value>
         <object_component_ref idref="oc-1e4"/>
      </symbol>
      <symbol id="sm-1f7">
         <name>HwiP_Params_init</name>
         <value>0x2000efbd</value>
         <object_component_ref idref="oc-145"/>
      </symbol>
      <symbol id="sm-1f8">
         <name>HwiP_create</name>
         <value>0x2000ea33</value>
         <object_component_ref idref="oc-146"/>
      </symbol>
      <symbol id="sm-1f9">
         <name>HwiP_post</name>
         <value>0x2000f14b</value>
         <object_component_ref idref="oc-206"/>
      </symbol>
      <symbol id="sm-1fa">
         <name>HwiP_inISR</name>
         <value>0x2000f06d</value>
         <object_component_ref idref="oc-17d"/>
      </symbol>
      <symbol id="sm-20a">
         <name>PowerCC32XX_initPolicy</name>
         <value>0x2000d4e7</value>
         <object_component_ref idref="oc-163"/>
      </symbol>
      <symbol id="sm-20b">
         <name>PowerCC32XX_sleepPolicy</name>
         <value>0x2000c8dd</value>
         <object_component_ref idref="oc-168"/>
      </symbol>
      <symbol id="sm-228">
         <name>resetISR</name>
         <value>0x2000edb9</value>
         <object_component_ref idref="oc-21"/>
      </symbol>
      <symbol id="sm-229">
         <name>initVectors</name>
         <value>0x2000e8b1</value>
         <object_component_ref idref="oc-46"/>
      </symbol>
      <symbol id="sm-23e">
         <name>SwiP_disable</name>
         <value>0x2000ed65</value>
         <object_component_ref idref="oc-1a5"/>
      </symbol>
      <symbol id="sm-23f">
         <name>SwiP_restore</name>
         <value>0x2000e6d1</value>
         <object_component_ref idref="oc-1c0"/>
      </symbol>
      <symbol id="sm-256">
         <name>CPUcpsid</name>
         <value>0x2000eee3</value>
         <object_component_ref idref="oc-62"/>
      </symbol>
      <symbol id="sm-257">
         <name>CPUcpsie</name>
         <value>0x2000eef7</value>
         <object_component_ref idref="oc-183"/>
      </symbol>
      <symbol id="sm-258">
         <name>CPUwfi</name>
         <value>0x2000f0cb</value>
         <object_component_ref idref="oc-205"/>
      </symbol>
      <symbol id="sm-291">
         <name>GPIODirModeSet</name>
         <value>0x2000e24b</value>
         <object_component_ref idref="oc-147"/>
      </symbol>
      <symbol id="sm-292">
         <name>GPIOIntClear</name>
         <value>0x2000efab</value>
         <object_component_ref idref="oc-1a1"/>
      </symbol>
      <symbol id="sm-293">
         <name>GPIOIntDisable</name>
         <value>0x2000edd5</value>
         <object_component_ref idref="oc-1e7"/>
      </symbol>
      <symbol id="sm-294">
         <name>GPIOIntEnable</name>
         <value>0x2000ee71</value>
         <object_component_ref idref="oc-142"/>
      </symbol>
      <symbol id="sm-295">
         <name>GPIOIntStatus</name>
         <value>0x2000ea05</value>
         <object_component_ref idref="oc-1a2"/>
      </symbol>
      <symbol id="sm-296">
         <name>GPIOIntTypeSet</name>
         <value>0x2000d1c1</value>
         <object_component_ref idref="oc-19f"/>
      </symbol>
      <symbol id="sm-297">
         <name>GPIOPinWrite</name>
         <value>0x2000ec29</value>
         <object_component_ref idref="oc-139"/>
      </symbol>
      <symbol id="sm-2e7">
         <name>IntDisable</name>
         <value>0x2000cecd</value>
         <object_component_ref idref="oc-229"/>
      </symbol>
      <symbol id="sm-2e8">
         <name>IntEnable</name>
         <value>0x2000cf95</value>
         <object_component_ref idref="oc-1e3"/>
      </symbol>
      <symbol id="sm-2e9">
         <name>IntMasterDisable</name>
         <value>0x2000f107</value>
         <object_component_ref idref="oc-41"/>
      </symbol>
      <symbol id="sm-2ea">
         <name>IntMasterEnable</name>
         <value>0x2000f111</value>
         <object_component_ref idref="oc-126"/>
      </symbol>
      <symbol id="sm-2eb">
         <name>IntPendClear</name>
         <value>0x2000da75</value>
         <object_component_ref idref="oc-20a"/>
      </symbol>
      <symbol id="sm-2ec">
         <name>IntPendSet</name>
         <value>0x2000d26d</value>
         <object_component_ref idref="oc-225"/>
      </symbol>
      <symbol id="sm-2ed">
         <name>IntPrioritySet</name>
         <value>0x2000dd6d</value>
         <object_component_ref idref="oc-1e2"/>
      </symbol>
      <symbol id="sm-2ee">
         <name>IntRegister</name>
         <value>0x2000ec6d</value>
         <object_component_ref idref="oc-1e1"/>
      </symbol>
      <symbol id="sm-2ef">
         <name>IntUnregister</name>
         <value>0x2000eb51</value>
         <object_component_ref idref="oc-22a"/>
      </symbol>
      <symbol id="sm-2f0">
         <name>IntVTableBaseSet</name>
         <value>0x2000ef1f</value>
         <object_component_ref idref="oc-69"/>
      </symbol>
      <symbol id="sm-336">
         <name>PinConfigGet</name>
         <value>0x2000e1bd</value>
         <object_component_ref idref="oc-21b"/>
      </symbol>
      <symbol id="sm-337">
         <name>PinConfigSet</name>
         <value>0x2000d311</value>
         <object_component_ref idref="oc-143"/>
      </symbol>
      <symbol id="sm-338">
         <name>PinDirModeGet</name>
         <value>0x2000e7e1</value>
         <object_component_ref idref="oc-21c"/>
      </symbol>
      <symbol id="sm-339">
         <name>PinDirModeSet</name>
         <value>0x2000e56d</value>
         <object_component_ref idref="oc-21d"/>
      </symbol>
      <symbol id="sm-33a">
         <name>PinLock</name>
         <value>0x2000e741</value>
         <object_component_ref idref="oc-1f9"/>
      </symbol>
      <symbol id="sm-33b">
         <name>PinLockLevelSet</name>
         <value>0x2000d7f1</value>
         <object_component_ref idref="oc-1f7"/>
      </symbol>
      <symbol id="sm-33c">
         <name>PinModeGet</name>
         <value>0x2000e815</value>
         <object_component_ref idref="oc-105"/>
      </symbol>
      <symbol id="sm-33d">
         <name>PinModeSet</name>
         <value>0x2000e3e5</value>
         <object_component_ref idref="oc-10a"/>
      </symbol>
      <symbol id="sm-33e">
         <name>PinToPadGet</name>
         <value>0x2000ee3d</value>
         <object_component_ref idref="oc-1f8"/>
      </symbol>
      <symbol id="sm-33f">
         <name>PinUnlock</name>
         <value>0x2000ec4b</value>
         <object_component_ref idref="oc-1ff"/>
      </symbol>
      <symbol id="sm-3f1">
         <name>PRCMCC3200MCUInit</name>
         <value>0x2000c041</value>
         <object_component_ref idref="oc-c8"/>
      </symbol>
      <symbol id="sm-3f2">
         <name>PRCMHIBRegRead</name>
         <value>0x2000edef</value>
         <object_component_ref idref="oc-101"/>
      </symbol>
      <symbol id="sm-3f3">
         <name>PRCMHIBRegWrite</name>
         <value>0x2000ee09</value>
         <object_component_ref idref="oc-100"/>
      </symbol>
      <symbol id="sm-3f4">
         <name>PRCMHibernateWakeUpGPIOSelect</name>
         <value>0x2000d77d</value>
         <object_component_ref idref="oc-160"/>
      </symbol>
      <symbol id="sm-3f5">
         <name>PRCMHibernateWakeupSourceDisable</name>
         <value>0x2000dc01</value>
         <object_component_ref idref="oc-162"/>
      </symbol>
      <symbol id="sm-3f6">
         <name>PRCMHibernateWakeupSourceEnable</name>
         <value>0x2000df15</value>
         <object_component_ref idref="oc-161"/>
      </symbol>
      <symbol id="sm-3f7">
         <name>PRCMIntEnable</name>
         <value>0x2000e12d</value>
         <object_component_ref idref="oc-1fe"/>
      </symbol>
      <symbol id="sm-3f8">
         <name>PRCMLPDSEnter</name>
         <value>0x2000ddc5</value>
         <object_component_ref idref="oc-204"/>
      </symbol>
      <symbol id="sm-3f9">
         <name>PRCMLPDSEnterKeepDebugIf</name>
         <value>0x2000e205</value>
         <object_component_ref idref="oc-203"/>
      </symbol>
      <symbol id="sm-3fa">
         <name>PRCMLPDSIntervalSet</name>
         <value>0x2000e915</value>
         <object_component_ref idref="oc-1b9"/>
      </symbol>
      <symbol id="sm-3fb">
         <name>PRCMLPDSRestoreInfoSet</name>
         <value>0x2000e001</value>
         <object_component_ref idref="oc-21e"/>
      </symbol>
      <symbol id="sm-3fc">
         <name>PRCMLPDSWakeUpGPIOSelect</name>
         <value>0x2000ea5d</value>
         <object_component_ref idref="oc-15f"/>
      </symbol>
      <symbol id="sm-3fd">
         <name>PRCMLPDSWakeupCauseGet</name>
         <value>0x2000f0d7</value>
         <object_component_ref idref="oc-201"/>
      </symbol>
      <symbol id="sm-3fe">
         <name>PRCMLPDSWakeupSourceDisable</name>
         <value>0x2000ee23</value>
         <object_component_ref idref="oc-15e"/>
      </symbol>
      <symbol id="sm-3ff">
         <name>PRCMLPDSWakeupSourceEnable</name>
         <value>0x2000eb99</value>
         <object_component_ref idref="oc-15d"/>
      </symbol>
      <symbol id="sm-400">
         <name>PRCMPeripheralClkDisable</name>
         <value>0x2000ea87</value>
         <object_component_ref idref="oc-104"/>
      </symbol>
      <symbol id="sm-401">
         <name>PRCMPeripheralClkEnable</name>
         <value>0x2000dcb9</value>
         <object_component_ref idref="oc-102"/>
      </symbol>
      <symbol id="sm-402">
         <name>PRCMPeripheralReset</name>
         <value>0x2000d9a1</value>
         <object_component_ref idref="oc-103"/>
      </symbol>
      <symbol id="sm-403">
         <name>PRCMPeripheralStatusGet</name>
         <value>0x2000e175</value>
         <object_component_ref idref="oc-19c"/>
      </symbol>
      <symbol id="sm-404">
         <name>PRCMSRAMRetentionEnable</name>
         <value>0x2000ead9</value>
         <object_component_ref idref="oc-1f5"/>
      </symbol>
      <symbol id="sm-405">
         <name>PRCMSleepEnter</name>
         <value>0x2000f12b</value>
         <object_component_ref idref="oc-1bf"/>
      </symbol>
      <symbol id="sm-406">
         <name>PRCMSlowClkCtrFastGet</name>
         <value>0x2000e945</value>
         <object_component_ref idref="oc-1ec"/>
      </symbol>
      <symbol id="sm-407">
         <name>PRCMSysResetCauseGet</name>
         <value>0x2000d579</value>
         <object_component_ref idref="oc-fb"/>
      </symbol>
      <symbol id="sm-425">
         <name>SysTickEnable</name>
         <value>0x2000efe1</value>
         <object_component_ref idref="oc-1bd"/>
      </symbol>
      <symbol id="sm-426">
         <name>SysTickIntDisable</name>
         <value>0x2000eff3</value>
         <object_component_ref idref="oc-1b4"/>
      </symbol>
      <symbol id="sm-427">
         <name>SysTickIntEnable</name>
         <value>0x2000f005</value>
         <object_component_ref idref="oc-1be"/>
      </symbol>
      <symbol id="sm-428">
         <name>SysTickPeriodSet</name>
         <value>0x2000eeb7</value>
         <object_component_ref idref="oc-1bc"/>
      </symbol>
      <symbol id="sm-467">
         <name>TimerControlStall</name>
         <value>0x2000e427</value>
         <object_component_ref idref="oc-1d9"/>
      </symbol>
      <symbol id="sm-468">
         <name>TimerDisable</name>
         <value>0x2000eced</value>
         <object_component_ref idref="oc-1d2"/>
      </symbol>
      <symbol id="sm-469">
         <name>TimerEnable</name>
         <value>0x2000ee57</value>
         <object_component_ref idref="oc-1df"/>
      </symbol>
      <symbol id="sm-46a">
         <name>TimerIntClear</name>
         <value>0x2000f08d</value>
         <object_component_ref idref="oc-1dc"/>
      </symbol>
      <symbol id="sm-46b">
         <name>TimerIntDisable</name>
         <value>0x2000eecd</value>
         <object_component_ref idref="oc-226"/>
      </symbol>
      <symbol id="sm-46c">
         <name>TimerIntEnable</name>
         <value>0x2000ef71</value>
         <object_component_ref idref="oc-1dd"/>
      </symbol>
      <symbol id="sm-46d">
         <name>TimerLoadSet</name>
         <value>0x2000e975</value>
         <object_component_ref idref="oc-1d8"/>
      </symbol>
      <symbol id="sm-46e">
         <name>TimerPrescaleSet</name>
         <value>0x2000e9a5</value>
         <object_component_ref idref="oc-1d7"/>
      </symbol>
      <symbol id="sm-479">
         <name>UtilsDelay</name>
         <value>0x2000f133</value>
         <object_component_ref idref="oc-fc"/>
      </symbol>
      <symbol id="sm-4a6">
         <name>FlashDisable</name>
         <value>0x2000dba5</value>
         <object_component_ref idref="oc-220"/>
      </symbol>
      <symbol id="sm-4c6">
         <name>malloc</name>
         <value>0x2000f13b</value>
         <object_component_ref idref="oc-19d"/>
      </symbol>
      <symbol id="sm-4c7">
         <name>aligned_alloc</name>
         <value>0x2000ccb5</value>
         <object_component_ref idref="oc-1e0"/>
      </symbol>
      <symbol id="sm-4c8">
         <name>free</name>
         <value>0x2000cdd5</value>
         <object_component_ref idref="oc-16f"/>
      </symbol>
      <symbol id="sm-4c9">
         <name>_sys_memory</name>
         <value>0x20004040</value>
         <object_component_ref idref="oc-28"/>
      </symbol>
      <symbol id="sm-4ca">
         <name>memalign</name>
         <value>0x2000ccb5</value>
         <object_component_ref idref="oc-1e0"/>
      </symbol>
      <symbol id="sm-4d4">
         <name>__TI_zero_init_nomemset</name>
         <value>0x2000f029</value>
         <object_component_ref idref="oc-3a"/>
      </symbol>
      <symbol id="sm-4dd">
         <name>__TI_decompress_none</name>
         <value>0x2000f0bd</value>
         <object_component_ref idref="oc-1c"/>
      </symbol>
      <symbol id="sm-4e7">
         <name>__TI_decompress_lzss</name>
         <value>0x2000da0b</value>
         <object_component_ref idref="oc-18"/>
      </symbol>
      <symbol id="sm-4f2">
         <name>_c_int00_noargs</name>
         <value>0x2000ec05</value>
         <object_component_ref idref="oc-6c"/>
      </symbol>
      <symbol id="sm-4f3">
         <name>__stack</name>
         <value>0x20003000</value>
         <object_component_ref idref="oc-16"/>
      </symbol>
      <symbol id="sm-4fe">
         <name>abort</name>
         <value>0x2000f15f</value>
         <object_component_ref idref="oc-ae"/>
      </symbol>
      <symbol id="sm-4ff">
         <name>C$$EXIT</name>
         <value>0x2000f15e</value>
         <object_component_ref idref="oc-ae"/>
      </symbol>
      <symbol id="sm-508">
         <name>_nop</name>
         <value>0x2000e0e3</value>
         <object_component_ref idref="oc-14e"/>
      </symbol>
      <symbol id="sm-509">
         <name>_lock</name>
         <value>0x2000f8e0</value>
         <object_component_ref idref="oc-f1"/>
      </symbol>
      <symbol id="sm-50a">
         <name>_unlock</name>
         <value>0x2000f8e4</value>
         <object_component_ref idref="oc-f4"/>
      </symbol>
      <symbol id="sm-516">
         <name>__TI_auto_init_nobinit_nopinit</name>
         <value>0x2000e709</value>
         <object_component_ref idref="oc-b5"/>
      </symbol>
      <symbol id="sm-51e">
         <name>_system_pre_init</name>
         <value>0x2000f15b</value>
         <object_component_ref idref="oc-81"/>
      </symbol>
      <symbol id="sm-525">
         <name>__aeabi_memcpy</name>
         <value>0x2000f165</value>
         <object_component_ref idref="oc-33"/>
      </symbol>
      <symbol id="sm-526">
         <name>__aeabi_memcpy4</name>
         <value>0x2000f165</value>
         <object_component_ref idref="oc-33"/>
      </symbol>
      <symbol id="sm-527">
         <name>__aeabi_memcpy8</name>
         <value>0x2000f165</value>
         <object_component_ref idref="oc-33"/>
      </symbol>
      <symbol id="sm-52d">
         <name>__aeabi_uldivmod</name>
         <value>0x2000ef85</value>
         <object_component_ref idref="oc-1b0"/>
      </symbol>
      <symbol id="sm-533">
         <name>__udivmoddi4</name>
         <value>0x2000d111</value>
         <object_component_ref idref="oc-1ed"/>
      </symbol>
      <symbol id="sm-53d">
         <name>__aeabi_ldiv0</name>
         <value>0x2000de1b</value>
         <object_component_ref idref="oc-214"/>
      </symbol>
      <symbol id="sm-545">
         <name>TI_memcpy_small</name>
         <value>0x2000f017</value>
         <object_component_ref idref="oc-77"/>
      </symbol>
      <symbol id="sm-546">
         <name>__TI_static_base__</name>
         <value>0x2000ff90</value>
      </symbol>
      <symbol id="sm-549">
         <name>ITM_flush</name>
         <value>0x0</value>
      </symbol>
      <symbol id="sm-54a">
         <name>ITM_restore</name>
         <value>0x0</value>
      </symbol>
      <symbol id="sm-54b">
         <name>__mpu_init</name>
         <value>0x0</value>
      </symbol>
      <symbol id="sm-54c">
         <name>_system_post_cinit</name>
         <value>0x0</value>
      </symbol>
   </symbol_table>
   <title>Link successful</title>
</link_info>
