******************************************************************************
                  TI ARM Linker PC v20.2.7                     
******************************************************************************
>> Linked Sun Aug 20 22:47:25 2023

OUTPUT FILE NAME:   <gpiointerrupt_CC3220S_LAUNCHXL_nortos_ccs.out>
ENTRY POINT SYMBOL: "resetISR"  address: 20012a35


MEMORY CONFIGURATION

         name            origin    length      used     unused   attr    fill
----------------------  --------  ---------  --------  --------  ----  --------
  SRAM2                 20000000   00004000  0000130c  00002cf4  RW X
  SRAM                  20004000   0003c000  00010364  0002bc9c  RW X
  LOG_DATA              90000000   00040000  00000000  00040000  R   


SEGMENT ALLOCATION MAP

run origin  load origin   length   init length attrs members
----------  ----------- ---------- ----------- ----- -------
20003000    20003000    00001000   00000000    rw-
  20003000    20003000    00001000   00000000    rw- .stack
20004000    20004000    00000040   00000040    r--
  20004000    20004000    00000040   00000040    r-- .resetVecs
20004040    20004040    00008000   00000000    rw-
  20004040    20004040    00008000   00000000    rw- .sysmem
2000c040    2000c040    00006f46   00006f46    r-x
  2000c040    2000c040    00006f46   00006f46    r-x .text
20012f88    20012f88    00000d94   00000000    rw-
  20012f88    20012f88    000007a8   00000000    rw- .data
  20013730    20013730    000005ec   00000000    rw- .bss
20013d1c    20013d1c    00000502   00000502    r--
  20013d1c    20013d1c    00000502   00000502    r-- .const
20014220    20014220    00000148   00000148    r--
  20014220    20014220    00000148   00000148    r-- .cinit


SECTION ALLOCATION MAP

 output                                  attributes/
section   page    origin      length       input sections
--------  ----  ----------  ----------   ----------------
.text      0    2000c040    00006f46     
                  2000c040    00000a4e     rtsv7M4_T_le_eabi.lib : _printfi.c.obj (.text:__TI_printfi)
                  2000ca8e    00000002     ti_drivers_config.obj (.text:Board_initHook)
                  2000ca90    0000042c     driverlib.a : prcm.obj (.text:PRCMCC3200MCUInit)
                  2000cebc    00000288     drivers_cc32xx.a : UARTCC32XX.oem4 (.text:UARTCC32XX_open)
                  2000d144    00000268     rtsv7M4_T_le_eabi.lib : _printfi.c.obj (.text:_pconv_a)
                  2000d3ac    00000250     gpiointerrupt.obj (.text:initI2C)
                  2000d5fc    000001e4     drivers_cc32xx.a : GPIOCC32XX.oem4 (.text:GPIO_setConfig)
                  2000d7e0    000001cc     rtsv7M4_T_le_eabi.lib : _printfi.c.obj (.text:_pconv_g)
                  2000d9ac    000001b6                           : fd_add_t2.asm.obj (.text)
                  2000db62    00000002     drivers_cc32xx.a : I2C.oem4 (.text:I2C_init)
                  2000db64    0000019c     nortos_cc32xx.a : PowerCC32XX_nortos.oem4 (.text:PowerCC32XX_sleepPolicy)
                  2000dd00    0000014c     gpiointerrupt.obj (.text:mainThread)
                  2000de4c    00000148     drivers_cc32xx.a : I2CCC32XX.oem4 (.text:I2CCC32XX_hwiFxn)
                  2000df94    00000148                      : PowerCC32XX.oem4 (.text:parkPins)
                  2000e0dc    0000013c     rtsv7M4_T_le_eabi.lib : _printfi.c.obj (.text:_pconv_e)
                  2000e218    00000138     drivers_cc32xx.a : PowerCC32XX.oem4 (.text:Power_sleep)
                  2000e350    00000138                      : TimerCC32XX.oem4 (.text:Timer_open)
                  2000e488    00000136     rtsv7M4_T_le_eabi.lib : fd_div_t2.asm.obj (.text)
                  2000e5be    00000122     drivers_cc32xx.a : I2C.oem4 (.text:I2C_transferTimeout)
                  2000e6e0    00000120                      : UARTCC32XX.oem4 (.text:UARTCC32XX_close)
                  2000e800    00000120     rtsv7M4_T_le_eabi.lib : _printfi.c.obj (.text:fcvt)
                  2000e920    00000120     gpiointerrupt.obj (.text:readTemp)
                  2000ea40    00000114     rtsv7M4_T_le_eabi.lib : fputs.c.obj (.text:fputs)
                  2000eb54    00000100                           : memory.c.obj (.text:aligned_alloc)
                  2000ec54    000000fc     drivers_cc32xx.a : I2CCC32XX.oem4 (.text:I2C_open)
                  2000ed50    000000fc     rtsv7M4_T_le_eabi.lib : fd_mul_t2.asm.obj (.text)
                  2000ee4c    000000f2     drivers_cc32xx.a : UARTCC32XX.oem4 (.text:UARTCC32XX_control)
                  2000ef3e    00000002     nortos_cc32xx.a : PowerCC32XX_nortos.oem4 (.text:PowerCC32XX_initPolicy)
                  2000ef40    000000e4     rtsv7M4_T_le_eabi.lib : memory.c.obj (.text:free)
                  2000f024    000000dc                           : setvbuf.c.obj (.text:setvbuf)
                  2000f100    000000d0                           : s_scalbn.c.obj (.text:scalbn)
                  2000f1d0    000000ca     drivers_cc32xx.a : UARTCC32XX.oem4 (.text:UARTCC32XX_write)
                  2000f29a    00000002     nortos_cc32xx.a : SemaphoreP_nortos.oem4 (.text:SemaphoreP_destruct)
                  2000f29c    000000c4     drivers_cc32xx.a : GPIOCC32XX.oem4 (.text:GPIO_init)
                  2000f360    000000c0                      : PowerCC32XX.oem4 (.text:restoreParkedPins)
                  2000f420    000000ba                      : UARTCC32XX.oem4 (.text:UARTCC32XX_readPolling)
                  2000f4da    00000002                      : Timer.oem4 (.text:Timer_init)
                  2000f4dc    000000b8                      : UARTCC32XX.oem4 (.text:initHw)
                  2000f594    000000b6                      : UARTCC32XX.oem4 (.text:readTaskCallback)
                  2000f64a    00000002                      : UARTCC32XX.oem4 (.text:UARTCC32XX_init)
                  2000f64c    000000b4     gpiointerrupt.obj (.text:updateLED)
                  2000f700    000000b2     drivers_cc32xx.a : I2CCC32XX.oem4 (.text:I2CCC32XX_completeTransfer)
                  2000f7b2    00000002     rtsv7M4_T_le_eabi.lib : _lock.c.obj (.text:_nop)
                  2000f7b4    000000b1                           : _printfi.c.obj (.text:_ltostr)
                  2000f865    00000001     --HOLE-- [fill = 0]
                  2000f866    000000b0     drivers_cc32xx.a : UARTCC32XX.oem4 (.text:readTaskBlocking)
                  2000f916    000000ae                      : UARTCC32XX.oem4 (.text:readIsrTextBlocking)
                  2000f9c4    000000a8                      : I2CCC32XX.oem4 (.text:I2CCC32XX_primeWriteBurst)
                  2000fa6c    000000a8     driverlib.a : interrupt.obj (.text:IntEnable)
                  2000fb14    000000a8     drivers_cc32xx.a : PowerCC32XX.oem4 (.text:PowerCC32XX_configureWakeup)
                  2000fbbc    000000a2                      : UARTCC32XX.oem4 (.text:readIsrTextCallback)
                  2000fc5e    000000a2                      : UARTCC32XX.oem4 (.text:writeData)
                  2000fd00    000000a0     nortos_cc32xx.a : SemaphoreP_nortos.oem4 (.text:SemaphoreP_pend)
                  2000fda0    0000009c     drivers_cc32xx.a : I2CCC32XX.oem4 (.text:I2CCC32XX_initHw)
                  2000fe3c    0000009c     rtsv7M4_T_le_eabi.lib : memcpy_t2.asm.obj (.text)
                  2000fed8    00000098     drivers_cc32xx.a : GPIOCC32XX.oem4 (.text:powerNotifyFxn)
                  2000ff70    00000096     rtsv7M4_T_le_eabi.lib : ull_div_t2.asm.obj (.text)
                  20010006    00000002     nortos_cc32xx.a : startup_cc32xx_ccs.oem4 (.text:busFaultHandler)
                  20010008    00000090     drivers_cc32xx.a : PowerCC32XX.oem4 (.text:restoreNVICRegs)
                  20010098    0000008c     nortos_cc32xx.a : HwiPCC32XX_nortos.oem4 (.text:HwiP_construct)
                  20010124    0000008c     rtsv7M4_T_le_eabi.lib : fputc.c.obj (.text:fputc)
                  200101b0    00000088     driverlib.a : interrupt.obj (.text:IntPendSet)
                  20010238    00000088                 : pin.obj (.text:PinConfigSet)
                  200102c0    00000088     gpiointerrupt.obj (.text:timerCallback)
                  20010348    00000086     rtsv7M4_T_le_eabi.lib : fd_cmp_t2.asm.obj (.text:__aeabi_cdcmple)
                  200103ce    00000086                           : fd_cmp_t2.asm.obj (.text:__aeabi_cdrcmple)
                  20010454    00000084     drivers_cc32xx.a : PowerCC32XX.oem4 (.text:Power_init)
                  200104d8    00000084                      : PowerCC32XX.oem4 (.text:saveNVICRegs)
                  2001055c    00000080                      : PowerCC32XX.oem4 (.text:Power_setDependency)
                  200105dc    0000007c                      : UARTCC32XX.oem4 (.text:readIsrBinaryBlocking)
                  20010658    0000007a                      : I2CCC32XX.oem4 (.text:I2CCC32XX_primeReadBurst)
                  200106d2    0000007a     rtsv7M4_T_le_eabi.lib : fs_mul_t2.asm.obj (.text)
                  2001074c    0000007a                           : memset_t2.asm.obj (.text)
                  200107c6    00000002     nortos_cc32xx.a : SemaphoreP_nortos.oem4 (.text:clkFxn)
                  200107c8    00000078     drivers_cc32xx.a : GPIOCC32XX.oem4 (.text:GPIO_hwiIntFxn)
                  20010840    00000078                      : UARTCC32XX.oem4 (.text:readIsrBinaryCallback)
                  200108b8    00000074                      : UARTCC32XX.oem4 (.text:UARTCC32XX_hwiIntFxn)
                  2001092c    00000074     rtsv7M4_T_le_eabi.lib : fclose.c.obj (.text:__TI_closefile)
                  200109a0    00000070                           : memory.c.obj (.text:split)
                  20010a10    0000006e                           : _printfi.c.obj (.text:_mcpy)
                  20010a7e    00000002     nortos_cc32xx.a : startup_cc32xx_ccs.oem4 (.text:defaultHandler)
                  20010a80    0000006c     rtsv7M4_T_le_eabi.lib : hostrename.c.obj (.text:HOSTrename)
                  20010aec    0000006a     drivers_cc32xx.a : I2CCC32XX.oem4 (.text:I2CSupport_primeTransfer)
                  20010b56    00000002     nortos_cc32xx.a : startup_cc32xx_ccs.oem4 (.text:faultISR)
                  20010b58    00000068     rtsv7M4_T_le_eabi.lib : hostlseek.c.obj (.text:HOSTlseek)
                  20010bc0    00000068                           : copy_decompress_lzss.c.obj (.text:decompress:lzss:__TI_decompress_lzss)
                  20010c28    00000068                           : printf.c.obj (.text:printf)
                  20010c90    00000066     drivers_cc32xx.a : UARTCC32XX.oem4 (.text:UARTCC32XX_writeCancel)
                  20010cf6    00000002     nortos_cc32xx.a : startup_cc32xx_ccs.oem4 (.text:nmiISR)
                  20010cf8    00000064     drivers_cc32xx.a : PowerCC32XX.oem4 (.text:PowerCC32XX_setParkState)
                  20010d5c    00000064     rtsv7M4_T_le_eabi.lib : fseek.c.obj (.text:fseek)
                  20010dc0    00000062     drivers_cc32xx.a : UARTCC32XX.oem4 (.text:UARTCC32XX_writePolling)
                  20010e22    00000062     rtsv7M4_T_le_eabi.lib : _io_perm.c.obj (.text:__TI_wrt_ok)
                  20010e84    00000060                           : hostopen.c.obj (.text:HOSTopen)
                  20010ee4    00000060     driverlib.a : prcm.obj (.text:PRCMSysResetCauseGet)
                  20010f44    0000005c     drivers_cc32xx.a : GPIOCC32XX.oem4 (.text:GPIO_setCallback)
                  20010fa0    0000005c     rtsv7M4_T_le_eabi.lib : close.c.obj (.text:close)
                  20010ffc    0000005c                           : s_frexp.c.obj (.text:frexp)
                  20011058    0000005c     nortos_cc32xx.a : ClockPSysTick_nortos.oem4 (.text:sysTickInit)
                  200110b4    00000058     drivers_cc32xx.a : GPIOCC32XX.oem4 (.text:GPIO_write)
                  2001110c    00000058     rtsv7M4_T_le_eabi.lib : hostread.c.obj (.text:HOSTread)
                  20011164    00000058                           : hostwrite.c.obj (.text:HOSTwrite)
                  200111bc    00000058     driverlib.a : prcm.obj (.text:PRCMPeripheralReset)
                  20011214    00000058     drivers_cc32xx.a : PowerCC32XX.oem4 (.text:Power_releaseDependency)
                  2001126c    00000056     rtsv7M4_T_le_eabi.lib : _printfi.c.obj (.text:_pconv_f)
                  200112c2    00000054                           : _ltoa.c.obj (.text:__TI_ltoa)
                  20011316    00000002                           : div0.asm.obj (.text)
                  20011318    00000054     gpiointerrupt.obj (.text:initTimer)
                  2001136c    00000054     drivers_cc32xx.a : UARTCC32XX.oem4 (.text:ringBufGet)
                  200113c0    00000052                      : PowerCC32XX_asm.oem4 (.text:PowerCC32XX_resumeLPDS)
                  20011412    00000052     rtsv7M4_T_le_eabi.lib : _printfi.c.obj (.text:_ecpy)
                  20011464    00000052     drivers_cc32xx.a : TimerCC32XX.oem4 (.text:initHw)
                  200114b6    00000002     --HOLE-- [fill = 0]
                  200114b8    00000050     nortos_cc32xx.a : ClockPSysTick_nortos.oem4 (.text:ClockP_sysTickHandler)
                  20011508    00000050                     : SemaphoreP_nortos.oem4 (.text:SemaphoreP_construct)
                  20011558    00000050     drivers_cc32xx.a : TimerCC32XX.oem4 (.text:TimerCC32XX_allocateTimerResource)
                  200115a8    0000004c                      : GPIOCC32XX.oem4 (.text:GPIO_enableInt)
                  200115f4    0000004c                      : I2CCC32XX.oem4 (.text:I2CCC32XX_readRecieveFifo)
                  20011640    0000004c                      : PowerCC32XX.oem4 (.text:PowerCC32XX_parkPin)
                  2001168c    0000004c     rtsv7M4_T_le_eabi.lib : fflush.c.obj (.text:__TI_doflush)
                  200116d8    0000004c                           : atoi.c.obj (.text:atoi)
                  20011724    0000004c     drivers_cc32xx.a : PowerCC32XX.oem4 (.text:restorePeriphClocks)
                  20011770    0000004c     rtsv7M4_T_le_eabi.lib : snprintf.c.obj (.text:snprintf)
                  200117bc    00000048     driverlib.a : flash.obj (.text:FlashDisable)
                  20011804    00000048                 : prcm.obj (.text:PRCMLPDSEnter)
                  2001184c    00000048                 : prcm.obj (.text:PRCMPeripheralClkEnable)
                  20011894    00000048     drivers_cc32xx.a : PowerCC32XX.oem4 (.text:Power_releaseConstraint)
                  200118dc    00000048     rtsv7M4_T_le_eabi.lib : exit.c.obj (.text:exit)
                  20011924    00000048                           : fd_toi_t2.asm.obj (.text)
                  2001196c    00000046     drivers_cc32xx.a : RingBuf.oem4 (.text:RingBuf_put)
                  200119b2    00000046                      : TimerCC32XX.oem4 (.text:getPrescaler)
                  200119f8    00000044     nortos_cc32xx.a : ClockPSysTick_nortos.oem4 (.text:ClockP_stop)
                  20011a3c    00000044     rtsv7M4_T_le_eabi.lib : hostclose.c.obj (.text:HOSTclose)
                  20011a80    00000044                           : hostunlink.c.obj (.text:HOSTunlink)
                  20011ac4    00000044     driverlib.a : prcm.obj (.text:PRCMLPDSRestoreInfoSet)
                  20011b08    00000044     drivers_cc32xx.a : PowerCC32XX_asm.oem4 (.text:PowerCC32XX_enterLPDS)
                  20011b4c    00000044     nortos_cc32xx.a : SemaphoreP_nortos.oem4 (.text:SemaphoreP_post)
                  20011b90    00000044                     : SwiP_nortos.oem4 (.text:SwiP_restore)
                  20011bd4    00000044     drivers_cc32xx.a : Timer.oem4 (.text:Timer_start)
                  20011c18    00000044                      : UART.oem4 (.text:UART_init)
                  20011c5c    00000044     rtsv7M4_T_le_eabi.lib : autoinit.c.obj (.text:__TI_auto_init_nobinit_nopinit:__TI_auto_init_nobinit_nopinit)
                  20011ca0    00000044                           : getdevice.c.obj (.text:getdevice)
                  20011ce4    00000044     gpiointerrupt.obj (.text:initUART)
                  20011d28    00000040     nortos_cc32xx.a : ClockPSysTick_nortos.oem4 (.text:ClockP_construct)
                  20011d68    00000040     driverlib.a : pin.obj (.text:PinModeSet)
                  20011da8    00000040     drivers_cc32xx.a : RingBuf.oem4 (.text:RingBuf_get)
                  20011de8    00000040                      : TimerCC32XX.oem4 (.text:TimerSupport_timerEnable)
                  20011e28    00000040                      : TimerCC32XX.oem4 (.text:Timer_close)
                  20011e68    00000040                      : UARTCC32XX.oem4 (.text:UARTCC32XX_read)
                  20011ea8    00000040                      : UART.oem4 (.text:UART_open)
                  20011ee8    0000003e     rtsv7M4_T_le_eabi.lib : _printfi.c.obj (.text:_fcpy)
                  20011f26    00000002     --HOLE-- [fill = 0]
                  20011f28    0000003c     nortos_cc32xx.a : ClockPSysTick_nortos.oem4 (.text:ClockP_destruct)
                  20011f64    0000003c     drivers_cc32xx.a : PowerCC32XX.oem4 (.text:Power_setConstraint)
                  20011fa0    0000003a     nortos_cc32xx.a : PowerCC32XX_nortos.oem4 (.text:getCountsRTC)
                  20011fda    00000002     --HOLE-- [fill = 0]
                  20011fdc    00000038     driverlib.a : prcm.obj (.text:PRCMLPDSEnterKeepDebugIf)
                  20012014    00000038     rtsv7M4_T_le_eabi.lib : trgmsg.c.obj (.text:__TI_writemsg)
                  2001204c    00000038     nortos_cc32xx.a : ClockPSysTick_nortos.oem4 (.text:addToList)
                  20012084    00000038                     : startup_cc32xx_ccs.oem4 (.text:initVectors)
                  200120bc    00000038     drivers_cc32xx.a : PowerCC32XX.oem4 (.text:notify)
                  200120f4    00000038     rtsv7M4_T_le_eabi.lib : fs_toi_t2.asm.obj (.text)
                  2001212c    00000038                           : i_tofs_t2.asm.obj (.text)
                  20012164    00000036     driverlib.a : timer.obj (.text:TimerControlStall)
                  2001219a    00000036     drivers_cc32xx.a : Timer.oem4 (.text:Timer_stop)
                  200121d0    00000036                      : UARTCC32XX.oem4 (.text:UARTCC32XX_readCancel)
                  20012206    00000036     rtsv7M4_T_le_eabi.lib : strncpy.c.obj (.text:strncpy)
                  2001223c    00000034     nortos_cc32xx.a : ClockPSysTick_nortos.oem4 (.text:ClockP_getTicksUntilInterrupt)
                  20012270    00000034                     : ClockPSysTick_nortos.oem4 (.text:ClockP_startup)
                  200122a4    00000034     driverlib.a : pin.obj (.text:PinModeGet)
                  200122d8    00000034     drivers_cc32xx.a : PowerCC32XX.oem4 (.text:PowerCC32XX_restoreParkState)
                  2001230c    00000034                      : TimerCC32XX.oem4 (.text:TimerCC32XX_freeTimerResource)
                  20012340    00000034                      : TimerCC32XX.oem4 (.text:TimerCC32XX_hwiIntFunction)
                  20012374    00000034     rtsv7M4_T_le_eabi.lib : fopen.c.obj (.text:__TI_cleanup)
                  200123a8    00000034                           : trgmsg.c.obj (.text:__TI_readmsg)
                  200123dc    00000034     drivers_cc32xx.a : TimerCC32XX.oem4 (.text:getPowerMgrId)
                  20012410    00000034     gpiointerrupt.obj (.text:gpioButtonFxn0)
                  20012444    00000030     nortos_cc32xx.a : ClockPSysTick_nortos.oem4 (.text:ClockP_start)
                  20012474    00000030     drivers_cc32xx.a : PowerCC32XX.oem4 (.text:PowerCC32XX_restoreParkedPin)
                  200124a4    00000030     rtsv7M4_T_le_eabi.lib : snprintf.c.obj (.text:_outs)
                  200124d4    00000030                           : getdevice.c.obj (.text:finddevice)
                  20012504    00000030     gpiointerrupt.obj (.text:gpioButtonFxn1)
                  20012534    0000002e     rtsv7M4_T_le_eabi.lib : i_tofd_t2.asm.obj (.text)
                  20012562    00000002     --HOLE-- [fill = 0]
                  20012564    0000002c     drivers_cc32xx.a : PowerCC32XX.oem4 (.text:PowerCC32XX_getParkState)
                  20012590    0000002c     rtsv7M4_T_le_eabi.lib : unlink.c.obj (.text:unlink)
                  200125bc    0000002a     nortos_cc32xx.a : HwiPCC32XX_nortos.oem4 (.text:HwiP_create)
                  200125e6    0000002a     driverlib.a : timer.obj (.text:TimerLoadSet)
                  20012610    0000002a                 : timer.obj (.text:TimerPrescaleSet)
                  2001263a    00000028                 : i2c.obj (.text:I2CFIFODataPutNonBlocking)
                  20012662    00000002     --HOLE-- [fill = 0]
                  20012664    00000028                 : prcm.obj (.text:PRCMPeripheralClkDisable)
                  2001268c    00000028     drivers_cc32xx.a : PowerCC32XX.oem4 (.text:Power_registerNotify)
                  200126b4    00000028     rtsv7M4_T_le_eabi.lib : memory.c.obj (.text:free_list_insert)
                  200126dc    00000028                           : lseek.c.obj (.text:lseek)
                  20012704    00000028                           : write.c.obj (.text:write)
                  2001272c    00000026     driverlib.a : i2c.obj (.text:I2CFIFODataGetNonBlocking)
                  20012752    00000026     drivers_cc32xx.a : I2C.oem4 (.text:I2C_cancel)
                  20012778    00000026                      : List.oem4 (.text:List_put)
                  2001279e    00000026                      : List.oem4 (.text:List_remove)
                  200127c4    00000024     nortos_cc32xx.a : HwiPCC32XX_nortos.oem4 (.text:HwiP_dispatch)
                  200127e8    00000024     drivers_cc32xx.a : PowerCC32XX.oem4 (.text:PowerCC32XX_reset)
                  2001280c    00000024                      : TimerCC32XX.oem4 (.text:TimerSupport_timerDisable)
                  20012830    00000024     rtsv7M4_T_le_eabi.lib : boot_cortex_m.c.obj (.text:_c_int00_noargs:_c_int00_noargs)
                  20012854    00000022     driverlib.a : i2c.obj (.text:I2CMasterSlaveAddrSet)
                  20012876    00000020     nortos_cc32xx.a : HwiPCC32XX_nortos.oem4 (.text:HwiP_destruct)
                  20012896    00000002     --HOLE-- [fill = 0]
                  20012898    00000020     drivers_cc32xx.a : PowerCC32XX.oem4 (.text:Power_unregisterNotify)
                  200128b8    00000020                      : RingBuf.oem4 (.text:RingBuf_peek)
                  200128d8    00000020                      : UARTCC32XX.oem4 (.text:getPowerMgrId)
                  200128f8    00000020     rtsv7M4_T_le_eabi.lib : memchr.c.obj (.text:memchr)
                  20012918    0000001e     driverlib.a : i2c.obj (.text:I2CMasterIntStatusEx)
                  20012936    0000001e     nortos_cc32xx.a : SemaphoreP_nortos.oem4 (.text:SemaphoreP_constructBinary)
                  20012954    0000001e     driverlib.a : timer.obj (.text:TimerDisable)
                  20012972    0000001e                 : timer.obj (.text:TimerEnable)
                  20012990    0000001c                 : pin.obj (.text:PinToPadGet)
                  200129ac    0000001c     nortos_cc32xx.a : SwiP_nortos.oem4 (.text:SwiP_disable)
                  200129c8    0000001c     rtsv7M4_T_le_eabi.lib : memory.c.obj (.text:free_list_remove)
                  200129e4    0000001c                           : memccpy.c.obj (.text:memccpy)
                  20012a00    0000001a     nortos_cc32xx.a : ClockPSysTick_nortos.oem4 (.text:ClockP_create)
                  20012a1a    0000001a                     : SemaphoreP_nortos.oem4 (.text:SemaphoreP_createBinary)
                  20012a34    0000001a                     : startup_cc32xx_ccs.oem4 (.text:resetISR)
                  20012a4e    00000018     driverlib.a : i2c.obj (.text:I2CMasterBusBusy)
                  20012a66    00000018                 : i2c.obj (.text:I2CMasterIntDisableEx)
                  20012a7e    00000018                 : i2c.obj (.text:I2CMasterIntEnableEx)
                  20012a96    00000018                 : i2c.obj (.text:I2CRxFIFOFlush)
                  20012aae    00000018                 : i2c.obj (.text:I2CTxFIFOFlush)
                  20012ac6    00000002     --HOLE-- [fill = 0]
                  20012ac8    00000018     drivers_cc32xx.a : PowerCC32XX.oem4 (.text:Power_getTransitionLatency)
                  20012ae0    00000018                      : PowerCC32XX.oem4 (.text:Power_idleFunc)
                  20012af8    00000018     driverlib.a : timer.obj (.text:TimerIntDisable)
                  20012b10    00000018                 : timer.obj (.text:TimerIntEnable)
                  20012b28    00000018                 : uart.obj (.text:UARTBusy)
                  20012b40    00000018                 : uart.obj (.text:UARTIntEnable)
                  20012b58    00000018     drivers_cc32xx.a : UART.oem4 (.text:UART_Params_init)
                  20012b70    00000018     rtsv7M4_T_le_eabi.lib : snprintf.c.obj (.text:_outc)
                  20012b88    00000018                           : ll_mul_t2.asm.obj (.text)
                  20012ba0    00000018                           : strcmp.c.obj (.text:strcmp)
                  20012bb8    00000016     driverlib.a : i2c.obj (.text:I2CMasterBurstLengthSet)
                  20012bce    00000016                 : prcm.obj (.text:PRCMHIBRegRead)
                  20012be4    00000016                 : prcm.obj (.text:PRCMHIBRegWrite)
                  20012bfa    00000016     nortos_cc32xx.a : SemaphoreP_nortos.oem4 (.text:SemaphoreP_create)
                  20012c10    00000016     rtsv7M4_T_le_eabi.lib : strchr.c.obj (.text:strchr)
                  20012c26    00000014     driverlib.a : cpu.obj (.text:CPUcpsid)
                  20012c3a    00000002     --HOLE-- [fill = 0]
                  20012c3c    00000014     nortos_cc32xx.a : HwiPCC32XX_nortos.oem4 (.text:HwiP_inISR)
                  20012c50    00000014     drivers_cc32xx.a : I2CCC32XX.oem4 (.text:I2CSupport_masterFinish)
                  20012c64    00000014                      : I2C.oem4 (.text:I2C_transfer)
                  20012c78    00000014     driverlib.a : interrupt.obj (.text:IntVTableBaseSet)
                  20012c8c    00000014     drivers_cc32xx.a : PowerCC32XX.oem4 (.text:Power_disablePolicy)
                  20012ca0    00000014                      : PowerCC32XX.oem4 (.text:Power_getDependencyCount)
                  20012cb4    00000014     gpiointerrupt.obj (.text:changeThermostat)
                  20012cc8    00000014     drivers_cc32xx.a : UARTCC32XX.oem4 (.text:releasePowerConstraint)
                  20012cdc    00000014     rtsv7M4_T_le_eabi.lib : strcpy.c.obj (.text:strcpy)
                  20012cf0    00000014                           : strlen.c.obj (.text:strlen)
                  20012d04    00000012     nortos_cc32xx.a : HwiPCC32XX_nortos.oem4 (.text:HwiP_Params_init)
                  20012d16    00000012     driverlib.a : i2c.obj (.text:I2CMasterIntClearEx)
                  20012d28    00000012     drivers_cc32xx.a : RingBuf.oem4 (.text:RingBuf_construct)
                  20012d3a    00000012     driverlib.a : timer.obj (.text:TimerIntClear)
                  20012d4c    00000012     main_nortos.obj (.text:main)
                  20012d5e    00000012     rtsv7M4_T_le_eabi.lib : wcslen.c.obj (.text:wcslen)
                  20012d70    00000010     ti_drivers_config.obj (.text:Board_init)
                  20012d80    00000010     nortos_cc32xx.a : ClockPSysTick_nortos.oem4 (.text:ClockP_add)
                  20012d90    00000010                     : ClockPSysTick_nortos.oem4 (.text:ClockP_delete)
                  20012da0    00000010                     : ClockPSysTick_nortos.oem4 (.text:ClockP_getCpuFreq)
                  20012db0    00000010                     : ClockPSysTick_nortos.oem4 (.text:ClockP_getSystemTicks)
                  20012dc0    00000010                     : ClockPSysTick_nortos.oem4 (.text:ClockP_setTicks)
                  20012dd0    00000010                     : HwiPCC32XX_nortos.oem4 (.text:HwiP_delete)
                  20012de0    00000010                     : HwiPCC32XX_nortos.oem4 (.text:HwiP_restore)
                  20012df0    00000010     driverlib.a : i2c.obj (.text:I2CFIFOStatus)
                  20012e00    00000010     drivers_cc32xx.a : I2C.oem4 (.text:I2C_Params_init)
                  20012e10    00000010                      : PowerCC32XX.oem4 (.text:Power_enablePolicy)
                  20012e20    00000010     nortos_cc32xx.a : SemaphoreP_nortos.oem4 (.text:SemaphoreP_Params_init)
                  20012e30    00000010     drivers_cc32xx.a : Timer.oem4 (.text:Timer_Params_init)
                  20012e40    00000010                      : UARTCC32XX.oem4 (.text:readBlockingTimeout)
                  20012e50    0000000e     nortos_cc32xx.a : HwiPCC32XX_nortos.oem4 (.text:HwiP_clearInterrupt)
                  20012e5e    0000000e                     : HwiPCC32XX_nortos.oem4 (.text:HwiP_disable)
                  20012e6c    0000000e                     : HwiPCC32XX_nortos.oem4 (.text:HwiP_disableInterrupt)
                  20012e7a    0000000e                     : HwiPCC32XX_nortos.oem4 (.text:HwiP_enable)
                  20012e88    0000000e                     : HwiPCC32XX_nortos.oem4 (.text:HwiP_enableInterrupt)
                  20012e96    0000000e     drivers_cc32xx.a : I2CCC32XX.oem4 (.text:I2CCC32XX_updateReg)
                  20012ea4    0000000e                      : RingBuf.oem4 (.text:RingBuf_isFull)
                  20012eb2    0000000e     rtsv7M4_T_le_eabi.lib : copy_decompress_none.c.obj (.text:decompress:none:__TI_decompress_none)
                  20012ec0    0000000c     drivers_cc32xx.a : I2CCC32XX.oem4 (.text:I2CCC32XX_postNotify)
                  20012ecc    0000000c                      : PowerCC32XX.oem4 (.text:Power_getConstraintMask)
                  20012ed8    0000000c     rtsv7M4_T_le_eabi.lib : s_copysign.c.obj (.text:copysign)
                  20012ee4    0000000c                           : copy_zero_init.c.obj (.text:decompress:ZI:__TI_zero_init)
                  20012ef0    0000000c     drivers_cc32xx.a : TimerCC32XX.oem4 (.text:postNotifyFxn)
                  20012efc    0000000c                      : UARTCC32XX.oem4 (.text:postNotifyFxn)
                  20012f08    0000000a     nortos_cc32xx.a : ClockPSysTick_nortos.oem4 (.text:ClockP_Params_init)
                  20012f12    0000000a                     : ClockPSysTick_nortos.oem4 (.text:ClockP_isActive)
                  20012f1c    0000000a     driverlib.a : interrupt.obj (.text:IntMasterDisable)
                  20012f26    0000000a     drivers_cc32xx.a : UART.oem4 (.text:UART_write)
                  20012f30    00000008                      : I2CCC32XX.oem4 (.text:I2CCC32XX_blockingCallback)
                  20012f38    00000008     rtsv7M4_T_le_eabi.lib : errno.c.obj (.text:__aeabi_errno_addr)
                  20012f40    00000008                           : memory.c.obj (.text:malloc)
                  20012f48    00000008     drivers_cc32xx.a : UARTCC32XX.oem4 (.text:readSemCallback)
                  20012f50    00000008                      : UARTCC32XX.oem4 (.text:writeSemCallback)
                  20012f58    00000006                      : I2CCC32XX.oem4 (.text:I2CSupport_powerRelConstraint)
                  20012f5e    00000006                      : I2CCC32XX.oem4 (.text:I2CSupport_powerSetConstraint)
                  20012f64    00000006     driverlib.a : utils.obj (.text:UtilsDelay)
                  20012f6a    00000004     nortos_cc32xx.a : ClockPSysTick_nortos.oem4 (.text:ClockP_setTimeout)
                  20012f6e    00000004                     : HwiPCC32XX_nortos.oem4 (.text:HwiP_post)
                  20012f72    00000004                     : SemaphoreP_nortos.oem4 (.text:SemaphoreP_delete)
                  20012f76    00000004     rtsv7M4_T_le_eabi.lib : printf.c.obj (.text:_outc)
                  20012f7a    00000004                           : printf.c.obj (.text:_outs)
                  20012f7e    00000004                           : pre_init.c.obj (.text:_system_pre_init)
                  20012f82    00000004                           : exit.c.obj (.text:abort:abort)

.const     0    20013d1c    00000502     
                  20013d1c    00000101     rtsv7M4_T_le_eabi.lib : ctype.c.obj (.const:.string:_ctypes_)
                  20013e1d    00000003     --HOLE-- [fill = 0]
                  20013e20    00000100     driverlib.a : pin.obj (.const:g_ulPinToPadMap)
                  20013f20    000000a8                 : prcm.obj (.const:PRCM_PeriphRegsList)
                  20013fc8    00000044     ti_drivers_config.obj (.const:PowerCC32XX_config)
                  2001400c    00000028     drivers_cc32xx.a : UARTCC32XX.oem4 (.const:UARTCC32XX_fxnTable)
                  20014034    00000024                      : UART.oem4 (.const:UART_defaultParams)
                  20014058    00000024     ti_drivers_config.obj (.const:uartCC32XXHWAttrs0)
                  2001407c    00000021     drivers_cc32xx.a : GPIOCC32XX.oem4 (.const:.string:pinTable)
                  2001409d    00000003     --HOLE-- [fill = 0]
                  200140a0    00000020                      : UARTCC32XX.oem4 (.const:staticFxnTable)
                  200140c0    00000018     driverlib.a : interrupt.obj (.const:g_pulEnRegs)
                  200140d8    00000018                 : interrupt.obj (.const:g_pulPendRegs)
                  200140f0    00000018     gpiointerrupt.obj (.const:sensors)
                  20014108    00000014     ti_drivers_config.obj (.const:GPIOCC32XX_config)
                  2001411c    00000014     drivers_cc32xx.a : GPIOCC32XX.oem4 (.const:gpioBaseAddresses)
                  20014130    00000014     ti_drivers_config.obj (.const:i2cCC32XXHWAttrs)
                  20014144    00000014     drivers_cc32xx.a : UARTCC32XX.oem4 (.const:parityType)
                  20014158    00000014                      : GPIOCC32XX.oem4 (.const:powerResources)
                  2001416c    00000010                      : I2C.oem4 (.const:I2C_defaultParams)
                  2001417c    00000010                      : I2CCC32XX.oem4 (.const:I2C_defaultParams)
                  2001418c    00000010                      : UARTCC32XX.oem4 (.const:dataLength)
                  2001419c    00000010     ti_drivers_config.obj (.const:timerCC32XXHWAttrs)
                  200141ac    0000000c     gpiointerrupt.obj (.const:.string)
                  200141b8    0000000c     ti_drivers_config.obj (.const:UART_config)
                  200141c4    0000000c     drivers_cc32xx.a : Timer.oem4 (.const:defaultParams)
                  200141d0    0000000c                      : TimerCC32XX.oem4 (.const:defaultParams)
                  200141dc    00000009     ti_drivers_config.obj (.const)
                  200141e5    00000003     --HOLE-- [fill = 0]
                  200141e8    00000008     ti_drivers_config.obj (.const:I2C_config)
                  200141f0    00000008     ti_drivers_config.obj (.const:Timer_config)
                  200141f8    00000008     drivers_cc32xx.a : GPIOCC32XX.oem4 (.const:outPinTypes)
                  20014200    00000008                      : UARTCC32XX.oem4 (.const:stopBits)
                  20014208    00000006                      : GPIOCC32XX.oem4 (.const:.string:interruptType)
                  2001420e    00000006                      : GPIOCC32XX.oem4 (.const:inPinTypes)
                  20014214    00000006                      : GPIOCC32XX.oem4 (.const:outPinStrengths)
                  2001421a    00000004                      : GPIOCC32XX.oem4 (.const:.string:portInterruptIds)

.cinit     0    20014220    00000148     
                  20014220    00000123     (.cinit..data.load) [load image, compression = lzss]
                  20014343    00000001     --HOLE-- [fill = 0]
                  20014344    0000000c     (__TI_handler_table)
                  20014350    00000008     (.cinit..bss.load) [load image, compression = zero_init]
                  20014358    00000010     (__TI_cinit_table)

.init_array 
*          0    20004000    00000000     UNINITIALIZED

.ramVecs   0    20000000    0000030c     NOLOAD SECTION
                  20000000    0000030c     nortos_cc32xx.a : startup_cc32xx_ccs.oem4 (.ramVecs)

.stack     0    20003000    00001000     UNINITIALIZED
                  20003000    00000004     rtsv7M4_T_le_eabi.lib : boot_cortex_m.c.obj (.stack)
                  20003004    00000ffc     --HOLE--

.resetVecs 
*          0    20004000    00000040     
                  20004000    00000040     nortos_cc32xx.a : startup_cc32xx_ccs.oem4 (.resetVecs:retain)

.sysmem    0    20004040    00008000     UNINITIALIZED
                  20004040    00000010     rtsv7M4_T_le_eabi.lib : memory.c.obj (.sysmem)
                  20004050    00007ff0     --HOLE--

.data      0    20012f88    000007a8     UNINITIALIZED
                  20012f88    0000030c     nortos_cc32xx.a : HwiPCC32XX_nortos.oem4 (.data:HwiP_dispatchTable)
                  20013294    0000016c     drivers_cc32xx.a : PowerCC32XX.oem4 (.data:PowerCC32XX_module)
                  20013400    000000f8     ti_drivers_config.obj (.data:parkInfo)
                  200134f8    000000f0     rtsv7M4_T_le_eabi.lib : defs.c.obj (.data:_ftable)
                  200135e8    00000078                           : host_device.c.obj (.data:_device)
                  20013660    00000050                           : host_device.c.obj (.data:_stream)
                  200136b0    00000011     gpiointerrupt.obj (.data)
                  200136c1    00000003     nortos_cc32xx.a : SemaphoreP_nortos.oem4 (.data)
                  200136c4    00000010     rtsv7M4_T_le_eabi.lib : defs.c.obj (.data)
                  200136d4    0000000c                           : exit.c.obj (.data:$O1$$)
                  200136e0    0000000c     ti_drivers_config.obj (.data:gpioCallbackFunctions)
                  200136ec    0000000c     ti_drivers_config.obj (.data:gpioPinConfigs)
                  200136f8    00000009     drivers_cc32xx.a : GPIOCC32XX.oem4 (.data)
                  20013701    00000001                      : UART.oem4 (.data)
                  20013702    00000002     --HOLE--
                  20013704    00000008     rtsv7M4_T_le_eabi.lib : _lock.c.obj (.data:$O1$$)
                  2001370c    00000008                           : memory.c.obj (.data:$O1$$)
                  20013714    00000008     nortos_cc32xx.a : SemaphoreP_nortos.oem4 (.data:SemaphoreP_defaultParams)
                  2001371c    00000008                     : HwiPCC32XX_nortos.oem4 (.data)
                  20013724    00000005                     : ClockPSysTick_nortos.oem4 (.data)
                  20013729    00000003     --HOLE--
                  2001372c    00000004     rtsv7M4_T_le_eabi.lib : errno.c.obj (.data)

.bss       0    20013730    000005ec     UNINITIALIZED
                  20013730    0000012c     (.common:PowerCC32XX_contextSave)
                  2001385c    00000120     rtsv7M4_T_le_eabi.lib : trgmsg.c.obj (.bss:_CIOBUF_)
                  2001397c    000000fc     (.common:i2cCC32XXObjects)
                  20013a78    000000a0     (.common:__TI_tmpnams)
                  20013b18    00000084     (.common:timerCC32XXObjects)
                  20013b9c    00000084     (.common:uartCC32XXObjects0)
                  20013c20    00000040     (.common:output)
                  20013c60    00000020     drivers_cc32xx.a : GPIOCC32XX.oem4 (.bss:gpioCallbackInfo)
                  20013c80    00000020     ti_drivers_config.obj (.bss:uartCC32XXRingBuffer0)
                  20013ca0    00000020     (.common:i2cTransaction)
                  20013cc0    00000014     drivers_cc32xx.a : GPIOCC32XX.oem4 (.bss:powerNotifyObj)
                  20013cd4    00000004                      : GPIOCC32XX.oem4 (.bss)
                  20013cd8    00000010     (.common:ClockP_ctrl)
                  20013ce8    0000000d     nortos_cc32xx.a : SwiP_nortos.oem4 (.bss)
                  20013cf5    00000008     (.common:parmbuf)
                  20013cfd    00000001     (.common:LED_State)
                  20013cfe    00000002     --HOLE--
                  20013d00    00000004                     : ClockPSysTick_nortos.oem4 (.bss)
                  20013d04    00000004     drivers_cc32xx.a : TimerCC32XX.oem4 (.bss:timerState)
                  20013d08    00000004     (.common:i2c)
                  20013d0c    00000004     (.common:rxBuffer)
                  20013d10    00000004     (.common:timer0)
                  20013d14    00000004     (.common:txBuffer)
                  20013d18    00000004     (.common:uart)

.log_data 
*          0    90000000    00000000     COPY SECTION

__llvm_prf_cnts 
*          0    20004000    00000000     UNINITIALIZED

MODULE SUMMARY

       Module                       code    ro data   rw data
       ------                       ----    -------   -------
    .\
       gpiointerrupt.obj            1800    36        134    
       main_nortos.obj              18      0         0      
    +--+----------------------------+-------+---------+---------+
       Total:                       1818    36        134    
                                                             
    .\syscfg\
       ti_drivers_config.obj        18      197       820    
    +--+----------------------------+-------+---------+---------+
       Total:                       18      197       820    
                                                             
    C:/ti/simplelink_cc32xx_sdk_5_20_00_06/kernel/nortos/lib/ccs/m4/nortos_cc32xx.a
       HwiPCC32XX_nortos.oem4       394     0         788    
       startup_cc32xx_ccs.oem4      90      64        780    
       ClockPSysTick_nortos.oem4    702     0         25     
       PowerCC32XX_nortos.oem4      472     0         0      
       SemaphoreP_nortos.oem4       410     0         11     
       SwiP_nortos.oem4             96      0         13     
    +--+----------------------------+-------+---------+---------+
       Total:                       2164    64        1617   
                                                             
    C:/ti/simplelink_cc32xx_sdk_5_20_00_06/source/ti/devices/cc32xx/driverlib/ccs/Release/driverlib.a
       prcm.obj                     1604    168       0      
       pin.obj                      280     256       0      
       interrupt.obj                334     48        0      
       i2c.obj                      318     0         0      
       timer.obj                    264     0         0      
       flash.obj                    72      0         0      
       uart.obj                     48      0         0      
       cpu.obj                      20      0         0      
       utils.obj                    6       0         0      
    +--+----------------------------+-------+---------+---------+
       Total:                       2946    472       0      
                                                             
    C:/ti/simplelink_cc32xx_sdk_5_20_00_06/source/ti/drivers/lib/ccs/m4/drivers_cc32xx.a
       UARTCC32XX.oem4              3466    116       0      
       PowerCC32XX.oem4             2432    0         664    
       I2CCC32XX.oem4               1452    16        0      
       GPIOCC32XX.oem4              1208    103       65     
       TimerCC32XX.oem4             876     12        4      
       I2C.oem4                     366     16        0      
       UART.oem4                    166     36        1      
       RingBuf.oem4                 198     0         0      
       Timer.oem4                   140     12        0      
       PowerCC32XX_asm.oem4         150     0         0      
       List.oem4                    76      0         0      
    +--+----------------------------+-------+---------+---------+
       Total:                       10530   311       734    
                                                             
    C:\ti\ccs1230\ccs\tools\compiler\ti-cgt-arm_20.2.7.LTS\lib\rtsv7M4_T_le_eabi.lib
       _printfi.c.obj               4835    0         0      
       memory.c.obj                 672     0         8      
       fd_add_t2.asm.obj            438     0         0      
       defs.c.obj                   0       0         416    
       trgmsg.c.obj                 108     0         288    
       fd_div_t2.asm.obj            310     0         0      
       fputs.c.obj                  276     0         0      
       fd_cmp_t2.asm.obj            268     0         0      
       ctype.c.obj                  0       257       0      
       fd_mul_t2.asm.obj            252     0         0      
       setvbuf.c.obj                220     0         0      
       s_scalbn.c.obj               208     0         0      
       host_device.c.obj            0       0         200    
       memcpy_t2.asm.obj            156     0         0      
       ull_div_t2.asm.obj           150     0         0      
       snprintf.c.obj               148     0         0      
       fputc.c.obj                  140     0         0      
       fs_mul_t2.asm.obj            122     0         0      
       memset_t2.asm.obj            122     0         0      
       fclose.c.obj                 116     0         0      
       getdevice.c.obj              116     0         0      
       printf.c.obj                 112     0         0      
       hostrename.c.obj             108     0         0      
       copy_decompress_lzss.c.obj   104     0         0      
       hostlseek.c.obj              104     0         0      
       hostopen.c.obj               96      0         8      
       fseek.c.obj                  100     0         0      
       _io_perm.c.obj               98      0         0      
       close.c.obj                  92      0         0      
       s_frexp.c.obj                92      0         0      
       exit.c.obj                   76      0         12     
       hostread.c.obj               88      0         0      
       hostwrite.c.obj              88      0         0      
       _ltoa.c.obj                  84      0         0      
       atoi.c.obj                   76      0         0      
       fflush.c.obj                 76      0         0      
       fd_toi_t2.asm.obj            72      0         0      
       autoinit.c.obj               68      0         0      
       hostclose.c.obj              68      0         0      
       hostunlink.c.obj             68      0         0      
       fs_toi_t2.asm.obj            56      0         0      
       i_tofs_t2.asm.obj            56      0         0      
       strncpy.c.obj                54      0         0      
       fopen.c.obj                  52      0         0      
       i_tofd_t2.asm.obj            46      0         0      
       unlink.c.obj                 44      0         0      
       lseek.c.obj                  40      0         0      
       write.c.obj                  40      0         0      
       boot_cortex_m.c.obj          36      0         0      
       memchr.c.obj                 32      0         0      
       memccpy.c.obj                28      0         0      
       ll_mul_t2.asm.obj            24      0         0      
       strcmp.c.obj                 24      0         0      
       strchr.c.obj                 22      0         0      
       strcpy.c.obj                 20      0         0      
       strlen.c.obj                 20      0         0      
       wcslen.c.obj                 18      0         0      
       copy_decompress_none.c.obj   14      0         0      
       copy_zero_init.c.obj         12      0         0      
       errno.c.obj                  8       0         4      
       s_copysign.c.obj             12      0         0      
       _lock.c.obj                  2       0         8      
       pre_init.c.obj               4       0         0      
       div0.asm.obj                 2       0         0      
    +--+----------------------------+-------+---------+---------+
       Total:                       10993   257       944    
                                                             
       Heap:                        0       0         32768  
       Stack:                       0       0         4096   
       Linker Generated:            0       327       0      
    +--+----------------------------+-------+---------+---------+
       Grand Total:                 28469   1664      41113  


LINKER GENERATED COPY TABLES

__TI_cinit_table @ 20014358 records: 2, size/record: 8, table size: 16
	.data: load addr=20014220, load size=00000123 bytes, run addr=20012f88, run size=000007a8 bytes, compression=lzss
	.bss: load addr=20014350, load size=00000008 bytes, run addr=20013730, run size=000005ec bytes, compression=zero_init


LINKER GENERATED HANDLER TABLE

__TI_handler_table @ 20014344 records: 3, size/record: 4, table size: 12
	index: 0, handler: __TI_decompress_lzss
	index: 1, handler: __TI_decompress_none
	index: 2, handler: __TI_zero_init


GLOBAL SYMBOLS: SORTED ALPHABETICALLY BY Name 

address   name                             
-------   ----                             
20012d71  Board_init                       
2000ca8f  Board_initHook                   
20012f83  C$$EXIT                          
20012043  C$$IO$$                          
200141dc  CONFIG_GPIO_BUTTON_0_CONST       
200141dd  CONFIG_GPIO_BUTTON_1_CONST       
200141de  CONFIG_GPIO_LED_0_CONST          
200141df  CONFIG_I2C_0_CONST               
200141e1  CONFIG_TIMER_0_CONST             
200141e3  CONFIG_UART_0_CONST              
20012c27  CPUcpsid                         
20012f09  ClockP_Params_init               
20012d81  ClockP_add                       
20011d29  ClockP_construct                 
20012a01  ClockP_create                    
20013cd8  ClockP_ctrl                      
20012d91  ClockP_delete                    
20011f29  ClockP_destruct                  
200114b9  ClockP_doTick                    
20012da1  ClockP_getCpuFreq                
20012db1  ClockP_getSystemTicks            
2001223d  ClockP_getTicksUntilInterrupt    
20012f13  ClockP_isActive                  
20012dc1  ClockP_setTicks                  
20012f6b  ClockP_setTimeout                
20012445  ClockP_start                     
20012271  ClockP_startup                   
200119f9  ClockP_stop                      
200114b9  ClockP_sysTickHandler            
20013724  ClockP_tickPeriod                
200117bd  FlashDisable                     
20014108  GPIOCC32XX_config                
200115a9  GPIO_enableInt                   
200107c9  GPIO_hwiIntFxn                   
2000f29d  GPIO_init                        
20010f45  GPIO_setCallback                 
2000d5fd  GPIO_setConfig                   
200110b5  GPIO_write                       
20011a3d  HOSTclose                        
20010b59  HOSTlseek                        
20010e85  HOSTopen                         
2001110d  HOSTread                         
20010a81  HOSTrename                       
20011a81  HOSTunlink                       
20011165  HOSTwrite                        
20012d05  HwiP_Params_init                 
20012e51  HwiP_clearInterrupt              
20010099  HwiP_construct                   
200125bd  HwiP_create                      
20012dd1  HwiP_delete                      
20012877  HwiP_destruct                    
20012e5f  HwiP_disable                     
20012e6d  HwiP_disableInterrupt            
200127c5  HwiP_dispatch                    
20012e7b  HwiP_enable                      
20012e89  HwiP_enableInterrupt             
20012c3d  HwiP_inISR                       
2001371c  HwiP_key                         
20012f6f  HwiP_post                        
20012de1  HwiP_restore                     
20013720  HwiP_swiPIntNum                  
2001272d  I2CFIFODataGetNonBlocking        
2001263b  I2CFIFODataPutNonBlocking        
20012df1  I2CFIFOStatus                    
20012bb9  I2CMasterBurstLengthSet          
20012a4f  I2CMasterBusBusy                 
20012d17  I2CMasterIntClearEx              
20012a67  I2CMasterIntDisableEx            
20012a7f  I2CMasterIntEnableEx             
20012919  I2CMasterIntStatusEx             
20012855  I2CMasterSlaveAddrSet            
20012a97  I2CRxFIFOFlush                   
20012c51  I2CSupport_masterFinish          
20012f59  I2CSupport_powerRelConstraint    
20012f5f  I2CSupport_powerSetConstraint    
20010aed  I2CSupport_primeTransfer         
20012aaf  I2CTxFIFOFlush                   
20012e01  I2C_Params_init                  
20012753  I2C_cancel                       
200141e8  I2C_config                       
200141e0  I2C_count                        
2001416c  I2C_defaultParams                
2000db63  I2C_init                         
2000ec55  I2C_open                         
20012c65  I2C_transfer                     
2000e5bf  I2C_transferTimeout              
UNDEFED   ITM_flush                        
UNDEFED   ITM_restore                      
2000fa6d  IntEnable                        
20012f1d  IntMasterDisable                 
200101b1  IntPendSet                       
20012c79  IntVTableBaseSet                 
20013cfd  LED_State                        
20012779  List_put                         
2001279f  List_remove                      
20012e7b  NoRTOS_start                     
2000ca91  PRCMCC3200MCUInit                
20012bcf  PRCMHIBRegRead                   
20012be5  PRCMHIBRegWrite                  
20011805  PRCMLPDSEnter                    
20011fdd  PRCMLPDSEnterKeepDebugIf         
20011ac5  PRCMLPDSRestoreInfoSet           
20012665  PRCMPeripheralClkDisable         
2001184d  PRCMPeripheralClkEnable          
200111bd  PRCMPeripheralReset              
20010ee5  PRCMSysResetCauseGet             
20010239  PinConfigSet                     
200122a5  PinModeGet                       
20011d69  PinModeSet                       
20012991  PinToPadGet                      
20013fc8  PowerCC32XX_config               
2000fb15  PowerCC32XX_configureWakeup      
20013730  PowerCC32XX_contextSave          
20011b09  PowerCC32XX_enterLPDS            
20012565  PowerCC32XX_getParkState         
2000ef3f  PowerCC32XX_initPolicy           
20013294  PowerCC32XX_module               
20011641  PowerCC32XX_parkPin              
200127e9  PowerCC32XX_reset                
200122d9  PowerCC32XX_restoreParkState     
20012475  PowerCC32XX_restoreParkedPin     
200113c1  PowerCC32XX_resumeLPDS           
20010cf9  PowerCC32XX_setParkState         
2000db65  PowerCC32XX_sleepPolicy          
20012c8d  Power_disablePolicy              
20012e11  Power_enablePolicy               
20012ecd  Power_getConstraintMask          
20012ca1  Power_getDependencyCount         
20012ac9  Power_getTransitionLatency       
20012ae1  Power_idleFunc                   
20010455  Power_init                       
2001268d  Power_registerNotify             
20011895  Power_releaseConstraint          
20011215  Power_releaseDependency          
20011f65  Power_setConstraint              
2001055d  Power_setDependency              
2000e219  Power_sleep                      
20012899  Power_unregisterNotify           
20012d29  RingBuf_construct                
20011da9  RingBuf_get                      
20012ea5  RingBuf_isFull                   
200128b9  RingBuf_peek                     
2001196d  RingBuf_put                      
20012e21  SemaphoreP_Params_init           
20011509  SemaphoreP_construct             
20012937  SemaphoreP_constructBinary       
20012bfb  SemaphoreP_create                
20012a1b  SemaphoreP_createBinary          
20013714  SemaphoreP_defaultParams         
20012f73  SemaphoreP_delete                
2000f29b  SemaphoreP_destruct              
2000fd01  SemaphoreP_pend                  
20011b4d  SemaphoreP_post                  
200129ad  SwiP_disable                     
20011b91  SwiP_restore                     
20011559  TimerCC32XX_allocateTimerResource
2001230d  TimerCC32XX_freeTimerResource    
20012165  TimerControlStall                
20012955  TimerDisable                     
20012973  TimerEnable                      
200136b0  TimerFlag                        
20012d3b  TimerIntClear                    
20012af9  TimerIntDisable                  
20012b11  TimerIntEnable                   
200125e7  TimerLoadSet                     
20012611  TimerPrescaleSet                 
2001280d  TimerSupport_timerDisable        
20011de9  TimerSupport_timerEnable         
20012e31  Timer_Params_init                
20011e29  Timer_close                      
200141f0  Timer_config                     
200141e2  Timer_count                      
2000f4db  Timer_init                       
2000e351  Timer_open                       
20011bd5  Timer_start                      
2001219b  Timer_stop                       
20012b29  UARTBusy                         
2000e6e1  UARTCC32XX_close                 
2000ee4d  UARTCC32XX_control               
2001400c  UARTCC32XX_fxnTable              
2000f64b  UARTCC32XX_init                  
2000cebd  UARTCC32XX_open                  
20011e69  UARTCC32XX_read                  
200121d1  UARTCC32XX_readCancel            
2000f421  UARTCC32XX_readPolling           
2000f1d1  UARTCC32XX_write                 
20010c91  UARTCC32XX_writeCancel           
20010dc1  UARTCC32XX_writePolling          
20012b41  UARTIntEnable                    
20012b59  UART_Params_init                 
200141b8  UART_config                      
200141e4  UART_count                       
20014034  UART_defaultParams               
20011c19  UART_init                        
20011ea9  UART_open                        
20012f27  UART_write                       
20012f65  UtilsDelay                       
2001385c  __CIOBUF_                        
20004000  __STACK_END                      
00001000  __STACK_SIZE                     
00008000  __SYSMEM_SIZE                    
20014358  __TI_CINIT_Base                  
20014368  __TI_CINIT_Limit                 
20014344  __TI_Handler_Table_Base          
20014350  __TI_Handler_Table_Limit         
20011c5d  __TI_auto_init_nobinit_nopinit   
20012375  __TI_cleanup                     
200136d4  __TI_cleanup_ptr                 
2001092d  __TI_closefile                   
20010bc1  __TI_decompress_lzss             
20012eb3  __TI_decompress_none             
2001168d  __TI_doflush                     
200136d8  __TI_dtors_ptr                   
200136dc  __TI_enable_exit_profile_output  
200136c4  __TI_ft_end                      
200112c3  __TI_ltoa                        
ffffffff  __TI_pprof_out_hndl              
2000c041  __TI_printfi                     
ffffffff  __TI_prof_data_size              
ffffffff  __TI_prof_data_start             
200123a9  __TI_readmsg                     
20014220  __TI_static_base__               
20013a78  __TI_tmpnams                     
20012015  __TI_writemsg                    
20010e23  __TI_wrt_ok                      
20012ee5  __TI_zero_init                   
20010349  __aeabi_cdcmpeq                  
20010349  __aeabi_cdcmple                  
200103cf  __aeabi_cdrcmple                 
20011925  __aeabi_d2iz                     
2000d9b7  __aeabi_dadd                     
2000e489  __aeabi_ddiv                     
2000ed51  __aeabi_dmul                     
2000d9ad  __aeabi_dsub                     
20012f39  __aeabi_errno_addr               
200120f5  __aeabi_f2iz                     
200106d3  __aeabi_fmul                     
20012535  __aeabi_i2d                      
2001212d  __aeabi_i2f                      
20011317  __aeabi_idiv0                    
20011317  __aeabi_ldiv0                    
20012b89  __aeabi_lmul                     
2001074d  __aeabi_memclr                   
2001074d  __aeabi_memclr4                  
2001074d  __aeabi_memclr8                  
2000fe3d  __aeabi_memcpy                   
2000fe3d  __aeabi_memcpy4                  
2000fe3d  __aeabi_memcpy8                  
2001074f  __aeabi_memset                   
2001074f  __aeabi_memset4                  
2001074f  __aeabi_memset8                  
200136d0  __aeabi_stderr                   
200136c8  __aeabi_stdin                    
200136cc  __aeabi_stdout                   
2000ff71  __aeabi_uldivmod                 
ffffffff  __binit__                        
ffffffff  __c_args__                       
UNDEFED   __mpu_init                       
20003000  __stack                          
20004000  __start___llvm_prf_cnts          
20004000  __stop___llvm_prf_cnts           
20012831  _c_int00_noargs                  
20013d1c  _ctypes_                         
200135e8  _device                          
200134f8  _ftable                          
20013704  _lock                            
2000f7b3  _nop                             
20013660  _stream                          
20004040  _sys_memory                      
UNDEFED   _system_post_cinit               
20012f7f  _system_pre_init                 
20013708  _unlock                          
20012f83  abort                            
2000eb55  aligned_alloc                    
200116d9  atoi                             
ffffffff  binit                            
20012cb5  changeThermostat                 
200107c7  clkFxn                           
20010fa1  close                            
20012ed9  copysign                         
20012ed9  copysignl                        
200136b8  direction                        
2001372c  errno                            
200118dd  exit                             
200124d5  finddevice                       
20010125  fputc                            
2000ea41  fputs                            
2000ef41  free                             
20010ffd  frexp                            
20010ffd  frexpl                           
20010d5d  fseek                            
20011ca1  getdevice                        
20012411  gpioButtonFxn0                   
20012505  gpioButtonFxn1                   
200136e0  gpioCallbackFunctions            
200136ec  gpioPinConfigs                   
200136c0  heat                             
20013d08  i2c                              
20014130  i2cCC32XXHWAttrs                 
2001397c  i2cCC32XXObjects                 
20013ca0  i2cTransaction                   
2001420e  inPinTypes                       
2000d3ad  initI2C                          
20011319  initTimer                        
20011ce5  initUART                         
20012085  initVectors                      
2000f101  ldexp                            
2000f101  ldexpl                           
200126dd  lseek                            
20012d4d  main                             
2000dd01  mainThread                       
20012f41  malloc                           
2000eb55  memalign                         
200129e5  memccpy                          
200128f9  memchr                           
2000fe3d  memcpy                           
20010755  memset                           
20014214  outPinStrengths                  
200141f8  outPinTypes                      
20013c20  output                           
20013400  parkInfo                         
20013cf5  parmbuf                          
20010c29  printf                           
20010125  putc                             
2000e921  readTemp                         
20012591  remove                           
20012a35  resetISR                         
20012a48  resetVectorAddr                  
20004000  resetVectors                     
20013d0c  rxBuffer                         
2000f101  scalbn                           
2000f101  scalbnl                          
200136b4  setpoint                         
2000f025  setvbuf                          
20011771  snprintf                         
20012c11  strchr                           
20012ba1  strcmp                           
20012cdd  strcpy                           
20012cf1  strlen                           
20012207  strncpy                          
20013d10  timer0                           
2001419c  timerCC32XXHWAttrs               
20013b18  timerCC32XXObjects               
200102c1  timerCallback                    
200136bc  timerPeriod                      
20013d14  txBuffer                         
20013d18  uart                             
20013b9c  uartCC32XXObjects0               
20012591  unlink                           
2000f64d  updateLED                        
200136b9  wasPushed                        
20012d5f  wcslen                           
20012705  write                            


GLOBAL SYMBOLS: SORTED BY Symbol Address 

address   name                             
-------   ----                             
00001000  __STACK_SIZE                     
00008000  __SYSMEM_SIZE                    
20003000  __stack                          
20004000  __STACK_END                      
20004000  __start___llvm_prf_cnts          
20004000  __stop___llvm_prf_cnts           
20004000  resetVectors                     
20004040  _sys_memory                      
2000c041  __TI_printfi                     
2000ca8f  Board_initHook                   
2000ca91  PRCMCC3200MCUInit                
2000cebd  UARTCC32XX_open                  
2000d3ad  initI2C                          
2000d5fd  GPIO_setConfig                   
2000d9ad  __aeabi_dsub                     
2000d9b7  __aeabi_dadd                     
2000db63  I2C_init                         
2000db65  PowerCC32XX_sleepPolicy          
2000dd01  mainThread                       
2000e219  Power_sleep                      
2000e351  Timer_open                       
2000e489  __aeabi_ddiv                     
2000e5bf  I2C_transferTimeout              
2000e6e1  UARTCC32XX_close                 
2000e921  readTemp                         
2000ea41  fputs                            
2000eb55  aligned_alloc                    
2000eb55  memalign                         
2000ec55  I2C_open                         
2000ed51  __aeabi_dmul                     
2000ee4d  UARTCC32XX_control               
2000ef3f  PowerCC32XX_initPolicy           
2000ef41  free                             
2000f025  setvbuf                          
2000f101  ldexp                            
2000f101  ldexpl                           
2000f101  scalbn                           
2000f101  scalbnl                          
2000f1d1  UARTCC32XX_write                 
2000f29b  SemaphoreP_destruct              
2000f29d  GPIO_init                        
2000f421  UARTCC32XX_readPolling           
2000f4db  Timer_init                       
2000f64b  UARTCC32XX_init                  
2000f64d  updateLED                        
2000f7b3  _nop                             
2000fa6d  IntEnable                        
2000fb15  PowerCC32XX_configureWakeup      
2000fd01  SemaphoreP_pend                  
2000fe3d  __aeabi_memcpy                   
2000fe3d  __aeabi_memcpy4                  
2000fe3d  __aeabi_memcpy8                  
2000fe3d  memcpy                           
2000ff71  __aeabi_uldivmod                 
20010099  HwiP_construct                   
20010125  fputc                            
20010125  putc                             
200101b1  IntPendSet                       
20010239  PinConfigSet                     
200102c1  timerCallback                    
20010349  __aeabi_cdcmpeq                  
20010349  __aeabi_cdcmple                  
200103cf  __aeabi_cdrcmple                 
20010455  Power_init                       
2001055d  Power_setDependency              
200106d3  __aeabi_fmul                     
2001074d  __aeabi_memclr                   
2001074d  __aeabi_memclr4                  
2001074d  __aeabi_memclr8                  
2001074f  __aeabi_memset                   
2001074f  __aeabi_memset4                  
2001074f  __aeabi_memset8                  
20010755  memset                           
200107c7  clkFxn                           
200107c9  GPIO_hwiIntFxn                   
2001092d  __TI_closefile                   
20010a81  HOSTrename                       
20010aed  I2CSupport_primeTransfer         
20010b59  HOSTlseek                        
20010bc1  __TI_decompress_lzss             
20010c29  printf                           
20010c91  UARTCC32XX_writeCancel           
20010cf9  PowerCC32XX_setParkState         
20010d5d  fseek                            
20010dc1  UARTCC32XX_writePolling          
20010e23  __TI_wrt_ok                      
20010e85  HOSTopen                         
20010ee5  PRCMSysResetCauseGet             
20010f45  GPIO_setCallback                 
20010fa1  close                            
20010ffd  frexp                            
20010ffd  frexpl                           
200110b5  GPIO_write                       
2001110d  HOSTread                         
20011165  HOSTwrite                        
200111bd  PRCMPeripheralReset              
20011215  Power_releaseDependency          
200112c3  __TI_ltoa                        
20011317  __aeabi_idiv0                    
20011317  __aeabi_ldiv0                    
20011319  initTimer                        
200113c1  PowerCC32XX_resumeLPDS           
200114b9  ClockP_doTick                    
200114b9  ClockP_sysTickHandler            
20011509  SemaphoreP_construct             
20011559  TimerCC32XX_allocateTimerResource
200115a9  GPIO_enableInt                   
20011641  PowerCC32XX_parkPin              
2001168d  __TI_doflush                     
200116d9  atoi                             
20011771  snprintf                         
200117bd  FlashDisable                     
20011805  PRCMLPDSEnter                    
2001184d  PRCMPeripheralClkEnable          
20011895  Power_releaseConstraint          
200118dd  exit                             
20011925  __aeabi_d2iz                     
2001196d  RingBuf_put                      
200119f9  ClockP_stop                      
20011a3d  HOSTclose                        
20011a81  HOSTunlink                       
20011ac5  PRCMLPDSRestoreInfoSet           
20011b09  PowerCC32XX_enterLPDS            
20011b4d  SemaphoreP_post                  
20011b91  SwiP_restore                     
20011bd5  Timer_start                      
20011c19  UART_init                        
20011c5d  __TI_auto_init_nobinit_nopinit   
20011ca1  getdevice                        
20011ce5  initUART                         
20011d29  ClockP_construct                 
20011d69  PinModeSet                       
20011da9  RingBuf_get                      
20011de9  TimerSupport_timerEnable         
20011e29  Timer_close                      
20011e69  UARTCC32XX_read                  
20011ea9  UART_open                        
20011f29  ClockP_destruct                  
20011f65  Power_setConstraint              
20011fdd  PRCMLPDSEnterKeepDebugIf         
20012015  __TI_writemsg                    
20012043  C$$IO$$                          
20012085  initVectors                      
200120f5  __aeabi_f2iz                     
2001212d  __aeabi_i2f                      
20012165  TimerControlStall                
2001219b  Timer_stop                       
200121d1  UARTCC32XX_readCancel            
20012207  strncpy                          
2001223d  ClockP_getTicksUntilInterrupt    
20012271  ClockP_startup                   
200122a5  PinModeGet                       
200122d9  PowerCC32XX_restoreParkState     
2001230d  TimerCC32XX_freeTimerResource    
20012375  __TI_cleanup                     
200123a9  __TI_readmsg                     
20012411  gpioButtonFxn0                   
20012445  ClockP_start                     
20012475  PowerCC32XX_restoreParkedPin     
200124d5  finddevice                       
20012505  gpioButtonFxn1                   
20012535  __aeabi_i2d                      
20012565  PowerCC32XX_getParkState         
20012591  remove                           
20012591  unlink                           
200125bd  HwiP_create                      
200125e7  TimerLoadSet                     
20012611  TimerPrescaleSet                 
2001263b  I2CFIFODataPutNonBlocking        
20012665  PRCMPeripheralClkDisable         
2001268d  Power_registerNotify             
200126dd  lseek                            
20012705  write                            
2001272d  I2CFIFODataGetNonBlocking        
20012753  I2C_cancel                       
20012779  List_put                         
2001279f  List_remove                      
200127c5  HwiP_dispatch                    
200127e9  PowerCC32XX_reset                
2001280d  TimerSupport_timerDisable        
20012831  _c_int00_noargs                  
20012855  I2CMasterSlaveAddrSet            
20012877  HwiP_destruct                    
20012899  Power_unregisterNotify           
200128b9  RingBuf_peek                     
200128f9  memchr                           
20012919  I2CMasterIntStatusEx             
20012937  SemaphoreP_constructBinary       
20012955  TimerDisable                     
20012973  TimerEnable                      
20012991  PinToPadGet                      
200129ad  SwiP_disable                     
200129e5  memccpy                          
20012a01  ClockP_create                    
20012a1b  SemaphoreP_createBinary          
20012a35  resetISR                         
20012a48  resetVectorAddr                  
20012a4f  I2CMasterBusBusy                 
20012a67  I2CMasterIntDisableEx            
20012a7f  I2CMasterIntEnableEx             
20012a97  I2CRxFIFOFlush                   
20012aaf  I2CTxFIFOFlush                   
20012ac9  Power_getTransitionLatency       
20012ae1  Power_idleFunc                   
20012af9  TimerIntDisable                  
20012b11  TimerIntEnable                   
20012b29  UARTBusy                         
20012b41  UARTIntEnable                    
20012b59  UART_Params_init                 
20012b89  __aeabi_lmul                     
20012ba1  strcmp                           
20012bb9  I2CMasterBurstLengthSet          
20012bcf  PRCMHIBRegRead                   
20012be5  PRCMHIBRegWrite                  
20012bfb  SemaphoreP_create                
20012c11  strchr                           
20012c27  CPUcpsid                         
20012c3d  HwiP_inISR                       
20012c51  I2CSupport_masterFinish          
20012c65  I2C_transfer                     
20012c79  IntVTableBaseSet                 
20012c8d  Power_disablePolicy              
20012ca1  Power_getDependencyCount         
20012cb5  changeThermostat                 
20012cdd  strcpy                           
20012cf1  strlen                           
20012d05  HwiP_Params_init                 
20012d17  I2CMasterIntClearEx              
20012d29  RingBuf_construct                
20012d3b  TimerIntClear                    
20012d4d  main                             
20012d5f  wcslen                           
20012d71  Board_init                       
20012d81  ClockP_add                       
20012d91  ClockP_delete                    
20012da1  ClockP_getCpuFreq                
20012db1  ClockP_getSystemTicks            
20012dc1  ClockP_setTicks                  
20012dd1  HwiP_delete                      
20012de1  HwiP_restore                     
20012df1  I2CFIFOStatus                    
20012e01  I2C_Params_init                  
20012e11  Power_enablePolicy               
20012e21  SemaphoreP_Params_init           
20012e31  Timer_Params_init                
20012e51  HwiP_clearInterrupt              
20012e5f  HwiP_disable                     
20012e6d  HwiP_disableInterrupt            
20012e7b  HwiP_enable                      
20012e7b  NoRTOS_start                     
20012e89  HwiP_enableInterrupt             
20012ea5  RingBuf_isFull                   
20012eb3  __TI_decompress_none             
20012ecd  Power_getConstraintMask          
20012ed9  copysign                         
20012ed9  copysignl                        
20012ee5  __TI_zero_init                   
20012f09  ClockP_Params_init               
20012f13  ClockP_isActive                  
20012f1d  IntMasterDisable                 
20012f27  UART_write                       
20012f39  __aeabi_errno_addr               
20012f41  malloc                           
20012f59  I2CSupport_powerRelConstraint    
20012f5f  I2CSupport_powerSetConstraint    
20012f65  UtilsDelay                       
20012f6b  ClockP_setTimeout                
20012f6f  HwiP_post                        
20012f73  SemaphoreP_delete                
20012f7f  _system_pre_init                 
20012f83  C$$EXIT                          
20012f83  abort                            
20013294  PowerCC32XX_module               
20013400  parkInfo                         
200134f8  _ftable                          
200135e8  _device                          
20013660  _stream                          
200136b0  TimerFlag                        
200136b4  setpoint                         
200136b8  direction                        
200136b9  wasPushed                        
200136bc  timerPeriod                      
200136c0  heat                             
200136c4  __TI_ft_end                      
200136c8  __aeabi_stdin                    
200136cc  __aeabi_stdout                   
200136d0  __aeabi_stderr                   
200136d4  __TI_cleanup_ptr                 
200136d8  __TI_dtors_ptr                   
200136dc  __TI_enable_exit_profile_output  
200136e0  gpioCallbackFunctions            
200136ec  gpioPinConfigs                   
20013704  _lock                            
20013708  _unlock                          
20013714  SemaphoreP_defaultParams         
2001371c  HwiP_key                         
20013720  HwiP_swiPIntNum                  
20013724  ClockP_tickPeriod                
2001372c  errno                            
20013730  PowerCC32XX_contextSave          
2001385c  __CIOBUF_                        
2001397c  i2cCC32XXObjects                 
20013a78  __TI_tmpnams                     
20013b18  timerCC32XXObjects               
20013b9c  uartCC32XXObjects0               
20013c20  output                           
20013ca0  i2cTransaction                   
20013cd8  ClockP_ctrl                      
20013cf5  parmbuf                          
20013cfd  LED_State                        
20013d08  i2c                              
20013d0c  rxBuffer                         
20013d10  timer0                           
20013d14  txBuffer                         
20013d18  uart                             
20013d1c  _ctypes_                         
20013fc8  PowerCC32XX_config               
2001400c  UARTCC32XX_fxnTable              
20014034  UART_defaultParams               
20014108  GPIOCC32XX_config                
20014130  i2cCC32XXHWAttrs                 
2001416c  I2C_defaultParams                
2001419c  timerCC32XXHWAttrs               
200141b8  UART_config                      
200141dc  CONFIG_GPIO_BUTTON_0_CONST       
200141dd  CONFIG_GPIO_BUTTON_1_CONST       
200141de  CONFIG_GPIO_LED_0_CONST          
200141df  CONFIG_I2C_0_CONST               
200141e0  I2C_count                        
200141e1  CONFIG_TIMER_0_CONST             
200141e2  Timer_count                      
200141e3  CONFIG_UART_0_CONST              
200141e4  UART_count                       
200141e8  I2C_config                       
200141f0  Timer_config                     
200141f8  outPinTypes                      
2001420e  inPinTypes                       
20014214  outPinStrengths                  
20014220  __TI_static_base__               
20014344  __TI_Handler_Table_Base          
20014350  __TI_Handler_Table_Limit         
20014358  __TI_CINIT_Base                  
20014368  __TI_CINIT_Limit                 
ffffffff  __TI_pprof_out_hndl              
ffffffff  __TI_prof_data_size              
ffffffff  __TI_prof_data_start             
ffffffff  __binit__                        
ffffffff  __c_args__                       
ffffffff  binit                            
UNDEFED   ITM_flush                        
UNDEFED   ITM_restore                      
UNDEFED   __mpu_init                       
UNDEFED   _system_post_cinit               

[353 symbols]
