<?xml version="1.0" encoding="ISO-8859-1" ?>
<link_info>
   <banner>TI ARM Linker PC v20.2.7.LTS</banner>
   <copyright>Copyright (c) 1996-2018 Texas Instruments Incorporated</copyright>
   <link_time>0x64e2d27b</link_time>
   <link_errors>0x0</link_errors>
   <output_file>gpiointerrupt_CC3220S_LAUNCHXL_nortos_ccs.out</output_file>
   <entry_point>
      <name>resetISR</name>
      <address>0x20012059</address>
   </entry_point>
   <input_file_list>
      <input_file id="fl-2">
         <path>.\</path>
         <kind>object</kind>
         <file>gpiointerrupt.obj</file>
         <name>gpiointerrupt.obj</name>
      </input_file>
      <input_file id="fl-3">
         <path>.\syscfg\</path>
         <kind>object</kind>
         <file>ti_drivers_config.obj</file>
         <name>ti_drivers_config.obj</name>
      </input_file>
      <input_file id="fl-4">
         <path>.\</path>
         <kind>object</kind>
         <file>main_nortos.obj</file>
         <name>main_nortos.obj</name>
      </input_file>
      <input_file id="fl-d">
         <kind>object</kind>
         <file>&lt;internal&gt;</file>
         <name>&lt;internal&gt;</name>
      </input_file>
      <input_file id="fl-e">
         <path>C:\ti\simplelink_cc32xx_sdk_5_20_00_06\source\ti\drivers\lib\ccs\m4\</path>
         <kind>archive</kind>
         <file>drivers_cc32xx.a</file>
         <name>I2C.oem4</name>
      </input_file>
      <input_file id="fl-f">
         <path>C:\ti\simplelink_cc32xx_sdk_5_20_00_06\source\ti\drivers\lib\ccs\m4\</path>
         <kind>archive</kind>
         <file>drivers_cc32xx.a</file>
         <name>Timer.oem4</name>
      </input_file>
      <input_file id="fl-10">
         <path>C:\ti\simplelink_cc32xx_sdk_5_20_00_06\source\ti\drivers\lib\ccs\m4\</path>
         <kind>archive</kind>
         <file>drivers_cc32xx.a</file>
         <name>UART.oem4</name>
      </input_file>
      <input_file id="fl-11">
         <path>C:\ti\simplelink_cc32xx_sdk_5_20_00_06\source\ti\drivers\lib\ccs\m4\</path>
         <kind>archive</kind>
         <file>drivers_cc32xx.a</file>
         <name>GPIOCC32XX.oem4</name>
      </input_file>
      <input_file id="fl-12">
         <path>C:\ti\simplelink_cc32xx_sdk_5_20_00_06\source\ti\drivers\lib\ccs\m4\</path>
         <kind>archive</kind>
         <file>drivers_cc32xx.a</file>
         <name>I2CCC32XX.oem4</name>
      </input_file>
      <input_file id="fl-13">
         <path>C:\ti\simplelink_cc32xx_sdk_5_20_00_06\source\ti\drivers\lib\ccs\m4\</path>
         <kind>archive</kind>
         <file>drivers_cc32xx.a</file>
         <name>PowerCC32XX.oem4</name>
      </input_file>
      <input_file id="fl-14">
         <path>C:\ti\simplelink_cc32xx_sdk_5_20_00_06\source\ti\drivers\lib\ccs\m4\</path>
         <kind>archive</kind>
         <file>drivers_cc32xx.a</file>
         <name>PowerCC32XX_asm.oem4</name>
      </input_file>
      <input_file id="fl-15">
         <path>C:\ti\simplelink_cc32xx_sdk_5_20_00_06\source\ti\drivers\lib\ccs\m4\</path>
         <kind>archive</kind>
         <file>drivers_cc32xx.a</file>
         <name>TimerCC32XX.oem4</name>
      </input_file>
      <input_file id="fl-16">
         <path>C:\ti\simplelink_cc32xx_sdk_5_20_00_06\source\ti\drivers\lib\ccs\m4\</path>
         <kind>archive</kind>
         <file>drivers_cc32xx.a</file>
         <name>UARTCC32XX.oem4</name>
      </input_file>
      <input_file id="fl-17">
         <path>C:\ti\simplelink_cc32xx_sdk_5_20_00_06\source\ti\drivers\lib\ccs\m4\</path>
         <kind>archive</kind>
         <file>drivers_cc32xx.a</file>
         <name>List.oem4</name>
      </input_file>
      <input_file id="fl-18">
         <path>C:\ti\simplelink_cc32xx_sdk_5_20_00_06\source\ti\drivers\lib\ccs\m4\</path>
         <kind>archive</kind>
         <file>drivers_cc32xx.a</file>
         <name>RingBuf.oem4</name>
      </input_file>
      <input_file id="fl-19">
         <path>C:\ti\simplelink_cc32xx_sdk_5_20_00_06\kernel\nortos\lib\ccs\m4\</path>
         <kind>archive</kind>
         <file>nortos_cc32xx.a</file>
         <name>NoRTOS.oem4</name>
      </input_file>
      <input_file id="fl-1a">
         <path>C:\ti\simplelink_cc32xx_sdk_5_20_00_06\kernel\nortos\lib\ccs\m4\</path>
         <kind>archive</kind>
         <file>nortos_cc32xx.a</file>
         <name>SemaphoreP_nortos.oem4</name>
      </input_file>
      <input_file id="fl-1b">
         <path>C:\ti\simplelink_cc32xx_sdk_5_20_00_06\kernel\nortos\lib\ccs\m4\</path>
         <kind>archive</kind>
         <file>nortos_cc32xx.a</file>
         <name>ClockPSysTick_nortos.oem4</name>
      </input_file>
      <input_file id="fl-1c">
         <path>C:\ti\simplelink_cc32xx_sdk_5_20_00_06\kernel\nortos\lib\ccs\m4\</path>
         <kind>archive</kind>
         <file>nortos_cc32xx.a</file>
         <name>HwiPCC32XX_nortos.oem4</name>
      </input_file>
      <input_file id="fl-1d">
         <path>C:\ti\simplelink_cc32xx_sdk_5_20_00_06\kernel\nortos\lib\ccs\m4\</path>
         <kind>archive</kind>
         <file>nortos_cc32xx.a</file>
         <name>PowerCC32XX_nortos.oem4</name>
      </input_file>
      <input_file id="fl-1e">
         <path>C:\ti\simplelink_cc32xx_sdk_5_20_00_06\kernel\nortos\lib\ccs\m4\</path>
         <kind>archive</kind>
         <file>nortos_cc32xx.a</file>
         <name>startup_cc32xx_ccs.oem4</name>
      </input_file>
      <input_file id="fl-1f">
         <path>C:\ti\simplelink_cc32xx_sdk_5_20_00_06\kernel\nortos\lib\ccs\m4\</path>
         <kind>archive</kind>
         <file>nortos_cc32xx.a</file>
         <name>SwiP_nortos.oem4</name>
      </input_file>
      <input_file id="fl-20">
         <path>C:\ti\simplelink_cc32xx_sdk_5_20_00_06\kernel\nortos\lib\ccs\m4\</path>
         <kind>archive</kind>
         <file>nortos_cc32xx.a</file>
         <name>QueueP_nortos.oem4</name>
      </input_file>
      <input_file id="fl-21">
         <path>C:\ti\simplelink_cc32xx_sdk_5_20_00_06\source\ti\devices\cc32xx\driverlib\ccs\Release\</path>
         <kind>archive</kind>
         <file>driverlib.a</file>
         <name>cpu.obj</name>
      </input_file>
      <input_file id="fl-22">
         <path>C:\ti\simplelink_cc32xx_sdk_5_20_00_06\source\ti\devices\cc32xx\driverlib\ccs\Release\</path>
         <kind>archive</kind>
         <file>driverlib.a</file>
         <name>i2c.obj</name>
      </input_file>
      <input_file id="fl-23">
         <path>C:\ti\simplelink_cc32xx_sdk_5_20_00_06\source\ti\devices\cc32xx\driverlib\ccs\Release\</path>
         <kind>archive</kind>
         <file>driverlib.a</file>
         <name>interrupt.obj</name>
      </input_file>
      <input_file id="fl-24">
         <path>C:\ti\simplelink_cc32xx_sdk_5_20_00_06\source\ti\devices\cc32xx\driverlib\ccs\Release\</path>
         <kind>archive</kind>
         <file>driverlib.a</file>
         <name>pin.obj</name>
      </input_file>
      <input_file id="fl-25">
         <path>C:\ti\simplelink_cc32xx_sdk_5_20_00_06\source\ti\devices\cc32xx\driverlib\ccs\Release\</path>
         <kind>archive</kind>
         <file>driverlib.a</file>
         <name>prcm.obj</name>
      </input_file>
      <input_file id="fl-26">
         <path>C:\ti\simplelink_cc32xx_sdk_5_20_00_06\source\ti\devices\cc32xx\driverlib\ccs\Release\</path>
         <kind>archive</kind>
         <file>driverlib.a</file>
         <name>timer.obj</name>
      </input_file>
      <input_file id="fl-27">
         <path>C:\ti\simplelink_cc32xx_sdk_5_20_00_06\source\ti\devices\cc32xx\driverlib\ccs\Release\</path>
         <kind>archive</kind>
         <file>driverlib.a</file>
         <name>uart.obj</name>
      </input_file>
      <input_file id="fl-28">
         <path>C:\ti\simplelink_cc32xx_sdk_5_20_00_06\source\ti\devices\cc32xx\driverlib\ccs\Release\</path>
         <kind>archive</kind>
         <file>driverlib.a</file>
         <name>utils.obj</name>
      </input_file>
      <input_file id="fl-29">
         <path>C:\ti\simplelink_cc32xx_sdk_5_20_00_06\source\ti\devices\cc32xx\driverlib\ccs\Release\</path>
         <kind>archive</kind>
         <file>driverlib.a</file>
         <name>flash.obj</name>
      </input_file>
      <input_file id="fl-df">
         <path>C:\ti\ccs1230\ccs\tools\compiler\ti-cgt-arm_20.2.7.LTS\lib\</path>
         <kind>archive</kind>
         <file>rtsv7M4_T_le_eabi.lib</file>
         <name>snprintf.c.obj</name>
      </input_file>
      <input_file id="fl-e0">
         <path>C:\ti\ccs1230\ccs\tools\compiler\ti-cgt-arm_20.2.7.LTS\lib\</path>
         <kind>archive</kind>
         <file>rtsv7M4_T_le_eabi.lib</file>
         <name>fs_mul_t2.asm.obj</name>
      </input_file>
      <input_file id="fl-e1">
         <path>C:\ti\ccs1230\ccs\tools\compiler\ti-cgt-arm_20.2.7.LTS\lib\</path>
         <kind>archive</kind>
         <file>rtsv7M4_T_le_eabi.lib</file>
         <name>fs_toi_t2.asm.obj</name>
      </input_file>
      <input_file id="fl-e2">
         <path>C:\ti\ccs1230\ccs\tools\compiler\ti-cgt-arm_20.2.7.LTS\lib\</path>
         <kind>archive</kind>
         <file>rtsv7M4_T_le_eabi.lib</file>
         <name>i_tofs_t2.asm.obj</name>
      </input_file>
      <input_file id="fl-e3">
         <path>C:\ti\ccs1230\ccs\tools\compiler\ti-cgt-arm_20.2.7.LTS\lib\</path>
         <kind>archive</kind>
         <file>rtsv7M4_T_le_eabi.lib</file>
         <name>ll_mul_t2.asm.obj</name>
      </input_file>
      <input_file id="fl-e4">
         <path>C:\ti\ccs1230\ccs\tools\compiler\ti-cgt-arm_20.2.7.LTS\lib\</path>
         <kind>archive</kind>
         <file>rtsv7M4_T_le_eabi.lib</file>
         <name>memcpy_t2.asm.obj</name>
      </input_file>
      <input_file id="fl-e5">
         <path>C:\ti\ccs1230\ccs\tools\compiler\ti-cgt-arm_20.2.7.LTS\lib\</path>
         <kind>archive</kind>
         <file>rtsv7M4_T_le_eabi.lib</file>
         <name>ull_div_t2.asm.obj</name>
      </input_file>
      <input_file id="fl-e6">
         <path>C:\ti\ccs1230\ccs\tools\compiler\ti-cgt-arm_20.2.7.LTS\lib\</path>
         <kind>archive</kind>
         <file>rtsv7M4_T_le_eabi.lib</file>
         <name>copy_zero_init.c.obj</name>
      </input_file>
      <input_file id="fl-e7">
         <path>C:\ti\ccs1230\ccs\tools\compiler\ti-cgt-arm_20.2.7.LTS\lib\</path>
         <kind>archive</kind>
         <file>rtsv7M4_T_le_eabi.lib</file>
         <name>copy_decompress_none.c.obj</name>
      </input_file>
      <input_file id="fl-e8">
         <path>C:\ti\ccs1230\ccs\tools\compiler\ti-cgt-arm_20.2.7.LTS\lib\</path>
         <kind>archive</kind>
         <file>rtsv7M4_T_le_eabi.lib</file>
         <name>copy_decompress_lzss.c.obj</name>
      </input_file>
      <input_file id="fl-e9">
         <path>C:\ti\ccs1230\ccs\tools\compiler\ti-cgt-arm_20.2.7.LTS\lib\</path>
         <kind>archive</kind>
         <file>rtsv7M4_T_le_eabi.lib</file>
         <name>memory.c.obj</name>
      </input_file>
      <input_file id="fl-ea">
         <path>C:\ti\ccs1230\ccs\tools\compiler\ti-cgt-arm_20.2.7.LTS\lib\</path>
         <kind>archive</kind>
         <file>rtsv7M4_T_le_eabi.lib</file>
         <name>boot_cortex_m.c.obj</name>
      </input_file>
      <input_file id="fl-eb">
         <path>C:\ti\ccs1230\ccs\tools\compiler\ti-cgt-arm_20.2.7.LTS\lib\</path>
         <kind>archive</kind>
         <file>rtsv7M4_T_le_eabi.lib</file>
         <name>_printfi.c.obj</name>
      </input_file>
      <input_file id="fl-ec">
         <path>C:\ti\ccs1230\ccs\tools\compiler\ti-cgt-arm_20.2.7.LTS\lib\</path>
         <kind>archive</kind>
         <file>rtsv7M4_T_le_eabi.lib</file>
         <name>div0.asm.obj</name>
      </input_file>
      <input_file id="fl-ed">
         <path>C:\ti\ccs1230\ccs\tools\compiler\ti-cgt-arm_20.2.7.LTS\lib\</path>
         <kind>archive</kind>
         <file>rtsv7M4_T_le_eabi.lib</file>
         <name>fd_add_t2.asm.obj</name>
      </input_file>
      <input_file id="fl-ee">
         <path>C:\ti\ccs1230\ccs\tools\compiler\ti-cgt-arm_20.2.7.LTS\lib\</path>
         <kind>archive</kind>
         <file>rtsv7M4_T_le_eabi.lib</file>
         <name>fd_cmp_t2.asm.obj</name>
      </input_file>
      <input_file id="fl-ef">
         <path>C:\ti\ccs1230\ccs\tools\compiler\ti-cgt-arm_20.2.7.LTS\lib\</path>
         <kind>archive</kind>
         <file>rtsv7M4_T_le_eabi.lib</file>
         <name>fd_div_t2.asm.obj</name>
      </input_file>
      <input_file id="fl-f0">
         <path>C:\ti\ccs1230\ccs\tools\compiler\ti-cgt-arm_20.2.7.LTS\lib\</path>
         <kind>archive</kind>
         <file>rtsv7M4_T_le_eabi.lib</file>
         <name>fd_mul_t2.asm.obj</name>
      </input_file>
      <input_file id="fl-f1">
         <path>C:\ti\ccs1230\ccs\tools\compiler\ti-cgt-arm_20.2.7.LTS\lib\</path>
         <kind>archive</kind>
         <file>rtsv7M4_T_le_eabi.lib</file>
         <name>fd_toi_t2.asm.obj</name>
      </input_file>
      <input_file id="fl-f2">
         <path>C:\ti\ccs1230\ccs\tools\compiler\ti-cgt-arm_20.2.7.LTS\lib\</path>
         <kind>archive</kind>
         <file>rtsv7M4_T_le_eabi.lib</file>
         <name>i_tofd_t2.asm.obj</name>
      </input_file>
      <input_file id="fl-f3">
         <path>C:\ti\ccs1230\ccs\tools\compiler\ti-cgt-arm_20.2.7.LTS\lib\</path>
         <kind>archive</kind>
         <file>rtsv7M4_T_le_eabi.lib</file>
         <name>memset_t2.asm.obj</name>
      </input_file>
      <input_file id="fl-f4">
         <path>C:\ti\ccs1230\ccs\tools\compiler\ti-cgt-arm_20.2.7.LTS\lib\</path>
         <kind>archive</kind>
         <file>rtsv7M4_T_le_eabi.lib</file>
         <name>autoinit.c.obj</name>
      </input_file>
      <input_file id="fl-f5">
         <path>C:\ti\ccs1230\ccs\tools\compiler\ti-cgt-arm_20.2.7.LTS\lib\</path>
         <kind>archive</kind>
         <file>rtsv7M4_T_le_eabi.lib</file>
         <name>pre_init.c.obj</name>
      </input_file>
      <input_file id="fl-f6">
         <path>C:\ti\ccs1230\ccs\tools\compiler\ti-cgt-arm_20.2.7.LTS\lib\</path>
         <kind>archive</kind>
         <file>rtsv7M4_T_le_eabi.lib</file>
         <name>cpy_tbl.c.obj</name>
      </input_file>
      <input_file id="fl-f7">
         <path>C:\ti\ccs1230\ccs\tools\compiler\ti-cgt-arm_20.2.7.LTS\lib\</path>
         <kind>archive</kind>
         <file>rtsv7M4_T_le_eabi.lib</file>
         <name>exit.c.obj</name>
      </input_file>
      <input_file id="fl-f8">
         <path>C:\ti\ccs1230\ccs\tools\compiler\ti-cgt-arm_20.2.7.LTS\lib\</path>
         <kind>archive</kind>
         <file>rtsv7M4_T_le_eabi.lib</file>
         <name>_lock.c.obj</name>
      </input_file>
      <input_file id="fl-f9">
         <path>C:\ti\ccs1230\ccs\tools\compiler\ti-cgt-arm_20.2.7.LTS\lib\</path>
         <kind>archive</kind>
         <file>rtsv7M4_T_le_eabi.lib</file>
         <name>_ltoa.c.obj</name>
      </input_file>
      <input_file id="fl-fa">
         <path>C:\ti\ccs1230\ccs\tools\compiler\ti-cgt-arm_20.2.7.LTS\lib\</path>
         <kind>archive</kind>
         <file>rtsv7M4_T_le_eabi.lib</file>
         <name>args_main.c.obj</name>
      </input_file>
      <input_file id="fl-fb">
         <path>C:\ti\ccs1230\ccs\tools\compiler\ti-cgt-arm_20.2.7.LTS\lib\</path>
         <kind>archive</kind>
         <file>rtsv7M4_T_le_eabi.lib</file>
         <name>atoi.c.obj</name>
      </input_file>
      <input_file id="fl-fc">
         <path>C:\ti\ccs1230\ccs\tools\compiler\ti-cgt-arm_20.2.7.LTS\lib\</path>
         <kind>archive</kind>
         <file>rtsv7M4_T_le_eabi.lib</file>
         <name>ctype.c.obj</name>
      </input_file>
      <input_file id="fl-fd">
         <path>C:\ti\ccs1230\ccs\tools\compiler\ti-cgt-arm_20.2.7.LTS\lib\</path>
         <kind>archive</kind>
         <file>rtsv7M4_T_le_eabi.lib</file>
         <name>memccpy.c.obj</name>
      </input_file>
      <input_file id="fl-fe">
         <path>C:\ti\ccs1230\ccs\tools\compiler\ti-cgt-arm_20.2.7.LTS\lib\</path>
         <kind>archive</kind>
         <file>rtsv7M4_T_le_eabi.lib</file>
         <name>strchr.c.obj</name>
      </input_file>
      <input_file id="fl-ff">
         <path>C:\ti\ccs1230\ccs\tools\compiler\ti-cgt-arm_20.2.7.LTS\lib\</path>
         <kind>archive</kind>
         <file>rtsv7M4_T_le_eabi.lib</file>
         <name>strlen.c.obj</name>
      </input_file>
      <input_file id="fl-100">
         <path>C:\ti\ccs1230\ccs\tools\compiler\ti-cgt-arm_20.2.7.LTS\lib\</path>
         <kind>archive</kind>
         <file>rtsv7M4_T_le_eabi.lib</file>
         <name>errno.c.obj</name>
      </input_file>
      <input_file id="fl-101">
         <path>C:\ti\ccs1230\ccs\tools\compiler\ti-cgt-arm_20.2.7.LTS\lib\</path>
         <kind>archive</kind>
         <file>rtsv7M4_T_le_eabi.lib</file>
         <name>wcslen.c.obj</name>
      </input_file>
      <input_file id="fl-102">
         <path>C:\ti\ccs1230\ccs\tools\compiler\ti-cgt-arm_20.2.7.LTS\lib\</path>
         <kind>archive</kind>
         <file>rtsv7M4_T_le_eabi.lib</file>
         <name>s_frexp.c.obj</name>
      </input_file>
      <input_file id="fl-103">
         <path>C:\ti\ccs1230\ccs\tools\compiler\ti-cgt-arm_20.2.7.LTS\lib\</path>
         <kind>archive</kind>
         <file>rtsv7M4_T_le_eabi.lib</file>
         <name>s_scalbn.c.obj</name>
      </input_file>
      <input_file id="fl-104">
         <path>C:\ti\ccs1230\ccs\tools\compiler\ti-cgt-arm_20.2.7.LTS\lib\</path>
         <kind>archive</kind>
         <file>rtsv7M4_T_le_eabi.lib</file>
         <name>s_copysign.c.obj</name>
      </input_file>
   </input_file_list>
   <object_component_list>
      <object_component id="oc-3b0">
         <name>.text:__TI_printfi</name>
         <load_address>0x2000c040</load_address>
         <run_address>0x2000c040</run_address>
         <size>0xa4e</size>
         <input_file_ref idref="fl-eb"/>
      </object_component>
      <object_component id="oc-1df">
         <name>.text:Board_initHook</name>
         <load_address>0x2000ca8e</load_address>
         <run_address>0x2000ca8e</run_address>
         <size>0x2</size>
         <input_file_ref idref="fl-3"/>
      </object_component>
      <object_component id="oc-1d3">
         <name>.text:PRCMCC3200MCUInit</name>
         <load_address>0x2000ca90</load_address>
         <run_address>0x2000ca90</run_address>
         <size>0x42c</size>
         <input_file_ref idref="fl-25"/>
      </object_component>
      <object_component id="oc-872">
         <name>.text:UARTCC32XX_open</name>
         <load_address>0x2000cebc</load_address>
         <run_address>0x2000cebc</run_address>
         <size>0x288</size>
         <input_file_ref idref="fl-16"/>
      </object_component>
      <object_component id="oc-573">
         <name>.text:_pconv_a</name>
         <load_address>0x2000d144</load_address>
         <run_address>0x2000d144</run_address>
         <size>0x268</size>
         <input_file_ref idref="fl-eb"/>
      </object_component>
      <object_component id="oc-1f9">
         <name>.text:initI2C</name>
         <load_address>0x2000d3ac</load_address>
         <run_address>0x2000d3ac</run_address>
         <size>0x250</size>
         <input_file_ref idref="fl-2"/>
      </object_component>
      <object_component id="oc-1ff">
         <name>.text:GPIO_setConfig</name>
         <load_address>0x2000d5fc</load_address>
         <run_address>0x2000d5fc</run_address>
         <size>0x1e4</size>
         <input_file_ref idref="fl-11"/>
      </object_component>
      <object_component id="oc-561">
         <name>.text:_pconv_g</name>
         <load_address>0x2000d7e0</load_address>
         <run_address>0x2000d7e0</run_address>
         <size>0x1cc</size>
         <input_file_ref idref="fl-eb"/>
      </object_component>
      <object_component id="oc-775">
         <name>.text</name>
         <load_address>0x2000d9ac</load_address>
         <run_address>0x2000d9ac</run_address>
         <size>0x1b6</size>
         <input_file_ref idref="fl-ed"/>
      </object_component>
      <object_component id="oc-34c">
         <name>.text:I2C_init</name>
         <load_address>0x2000db62</load_address>
         <run_address>0x2000db62</run_address>
         <size>0x2</size>
         <input_file_ref idref="fl-e"/>
      </object_component>
      <object_component id="oc-414">
         <name>.text:PowerCC32XX_sleepPolicy</name>
         <load_address>0x2000db64</load_address>
         <run_address>0x2000db64</run_address>
         <size>0x19c</size>
         <input_file_ref idref="fl-1d"/>
      </object_component>
      <object_component id="oc-15f">
         <name>.text:mainThread</name>
         <load_address>0x2000dd00</load_address>
         <run_address>0x2000dd00</run_address>
         <size>0x198</size>
         <input_file_ref idref="fl-2"/>
      </object_component>
      <object_component id="oc-500">
         <name>.text:I2CCC32XX_hwiFxn</name>
         <load_address>0x2000de98</load_address>
         <run_address>0x2000de98</run_address>
         <size>0x148</size>
         <input_file_ref idref="fl-12"/>
      </object_component>
      <object_component id="oc-7e5">
         <name>.text:parkPins</name>
         <load_address>0x2000dfe0</load_address>
         <run_address>0x2000dfe0</run_address>
         <size>0x148</size>
         <input_file_ref idref="fl-13"/>
      </object_component>
      <object_component id="oc-56d">
         <name>.text:_pconv_e</name>
         <load_address>0x2000e128</load_address>
         <run_address>0x2000e128</run_address>
         <size>0x13c</size>
         <input_file_ref idref="fl-eb"/>
      </object_component>
      <object_component id="oc-5e9">
         <name>.text:Power_sleep</name>
         <load_address>0x2000e264</load_address>
         <run_address>0x2000e264</run_address>
         <size>0x138</size>
         <input_file_ref idref="fl-13"/>
      </object_component>
      <object_component id="oc-325">
         <name>.text:Timer_open</name>
         <load_address>0x2000e39c</load_address>
         <run_address>0x2000e39c</run_address>
         <size>0x138</size>
         <input_file_ref idref="fl-15"/>
      </object_component>
      <object_component id="oc-75b">
         <name>.text</name>
         <load_address>0x2000e4d4</load_address>
         <run_address>0x2000e4d4</run_address>
         <size>0x136</size>
         <input_file_ref idref="fl-ef"/>
      </object_component>
      <object_component id="oc-50e">
         <name>.text:I2C_transferTimeout</name>
         <load_address>0x2000e60a</load_address>
         <run_address>0x2000e60a</run_address>
         <size>0x122</size>
         <input_file_ref idref="fl-e"/>
      </object_component>
      <object_component id="oc-860">
         <name>.text:UARTCC32XX_close</name>
         <load_address>0x2000e72c</load_address>
         <run_address>0x2000e72c</run_address>
         <size>0x120</size>
         <input_file_ref idref="fl-16"/>
      </object_component>
      <object_component id="oc-787">
         <name>.text:fcvt</name>
         <load_address>0x2000e84c</load_address>
         <run_address>0x2000e84c</run_address>
         <size>0x120</size>
         <input_file_ref idref="fl-eb"/>
      </object_component>
      <object_component id="oc-3a8">
         <name>.text:readTempSensor</name>
         <load_address>0x2000e96c</load_address>
         <run_address>0x2000e96c</run_address>
         <size>0x120</size>
         <input_file_ref idref="fl-2"/>
      </object_component>
      <object_component id="oc-743">
         <name>.text:aligned_alloc</name>
         <load_address>0x2000ea8c</load_address>
         <run_address>0x2000ea8c</run_address>
         <size>0x100</size>
         <input_file_ref idref="fl-e9"/>
      </object_component>
      <object_component id="oc-358">
         <name>.text:I2C_open</name>
         <load_address>0x2000eb8c</load_address>
         <run_address>0x2000eb8c</run_address>
         <size>0xfc</size>
         <input_file_ref idref="fl-12"/>
      </object_component>
      <object_component id="oc-756">
         <name>.text</name>
         <load_address>0x2000ec88</load_address>
         <run_address>0x2000ec88</run_address>
         <size>0xfc</size>
         <input_file_ref idref="fl-f0"/>
      </object_component>
      <object_component id="oc-866">
         <name>.text:UARTCC32XX_control</name>
         <load_address>0x2000ed84</load_address>
         <run_address>0x2000ed84</run_address>
         <size>0xf2</size>
         <input_file_ref idref="fl-16"/>
      </object_component>
      <object_component id="oc-40e">
         <name>.text:PowerCC32XX_initPolicy</name>
         <load_address>0x2000ee76</load_address>
         <run_address>0x2000ee76</run_address>
         <size>0x2</size>
         <input_file_ref idref="fl-1d"/>
      </object_component>
      <object_component id="oc-430">
         <name>.text:free</name>
         <load_address>0x2000ee78</load_address>
         <run_address>0x2000ee78</run_address>
         <size>0xe4</size>
         <input_file_ref idref="fl-e9"/>
      </object_component>
      <object_component id="oc-79b">
         <name>.text:scalbn</name>
         <load_address>0x2000ef5c</load_address>
         <run_address>0x2000ef5c</run_address>
         <size>0xd0</size>
         <input_file_ref idref="fl-103"/>
      </object_component>
      <object_component id="oc-88a">
         <name>.text:UARTCC32XX_write</name>
         <load_address>0x2000f02c</load_address>
         <run_address>0x2000f02c</run_address>
         <size>0xca</size>
         <input_file_ref idref="fl-16"/>
      </object_component>
      <object_component id="oc-66a">
         <name>.text:SemaphoreP_destruct</name>
         <load_address>0x2000f0f6</load_address>
         <run_address>0x2000f0f6</run_address>
         <size>0x2</size>
         <input_file_ref idref="fl-1a"/>
      </object_component>
      <object_component id="oc-1e7">
         <name>.text:GPIO_init</name>
         <load_address>0x2000f0f8</load_address>
         <run_address>0x2000f0f8</run_address>
         <size>0xc4</size>
         <input_file_ref idref="fl-11"/>
      </object_component>
      <object_component id="oc-802">
         <name>.text:restoreParkedPins</name>
         <load_address>0x2000f1bc</load_address>
         <run_address>0x2000f1bc</run_address>
         <size>0xc0</size>
         <input_file_ref idref="fl-13"/>
      </object_component>
      <object_component id="oc-87e">
         <name>.text:UARTCC32XX_readPolling</name>
         <load_address>0x2000f27c</load_address>
         <run_address>0x2000f27c</run_address>
         <size>0xba</size>
         <input_file_ref idref="fl-16"/>
      </object_component>
      <object_component id="oc-319">
         <name>.text:Timer_init</name>
         <load_address>0x2000f336</load_address>
         <run_address>0x2000f336</run_address>
         <size>0x2</size>
         <input_file_ref idref="fl-f"/>
      </object_component>
      <object_component id="oc-9ce">
         <name>.text:initHw</name>
         <load_address>0x2000f338</load_address>
         <run_address>0x2000f338</run_address>
         <size>0xb8</size>
         <input_file_ref idref="fl-16"/>
      </object_component>
      <object_component id="oc-a6f">
         <name>.text:readTaskCallback</name>
         <load_address>0x2000f3f0</load_address>
         <run_address>0x2000f3f0</run_address>
         <size>0xb6</size>
         <input_file_ref idref="fl-16"/>
      </object_component>
      <object_component id="oc-70f">
         <name>.text:I2CCC32XX_completeTransfer</name>
         <load_address>0x2000f4a6</load_address>
         <run_address>0x2000f4a6</run_address>
         <size>0xb2</size>
         <input_file_ref idref="fl-12"/>
      </object_component>
      <object_component id="oc-556">
         <name>.text:_ltostr</name>
         <load_address>0x2000f558</load_address>
         <run_address>0x2000f558</run_address>
         <size>0xb1</size>
         <input_file_ref idref="fl-eb"/>
      </object_component>
      <object_component id="oc-a5d">
         <name>.text:readTaskBlocking</name>
         <load_address>0x2000f60a</load_address>
         <run_address>0x2000f60a</run_address>
         <size>0xb0</size>
         <input_file_ref idref="fl-16"/>
      </object_component>
      <object_component id="oc-a63">
         <name>.text:readIsrTextBlocking</name>
         <load_address>0x2000f6ba</load_address>
         <run_address>0x2000f6ba</run_address>
         <size>0xae</size>
         <input_file_ref idref="fl-16"/>
      </object_component>
      <object_component id="oc-6fd">
         <name>.text:I2CCC32XX_primeWriteBurst</name>
         <load_address>0x2000f768</load_address>
         <run_address>0x2000f768</run_address>
         <size>0xa8</size>
         <input_file_ref idref="fl-12"/>
      </object_component>
      <object_component id="oc-b5">
         <name>.text:IntEnable</name>
         <load_address>0x2000f810</load_address>
         <run_address>0x2000f810</run_address>
         <size>0xa8</size>
         <input_file_ref idref="fl-23"/>
      </object_component>
      <object_component id="oc-2cd">
         <name>.text:PowerCC32XX_configureWakeup</name>
         <load_address>0x2000f8b8</load_address>
         <run_address>0x2000f8b8</run_address>
         <size>0xa8</size>
         <input_file_ref idref="fl-13"/>
      </object_component>
      <object_component id="oc-a75">
         <name>.text:readIsrTextCallback</name>
         <load_address>0x2000f960</load_address>
         <run_address>0x2000f960</run_address>
         <size>0xa2</size>
         <input_file_ref idref="fl-16"/>
      </object_component>
      <object_component id="oc-a05">
         <name>.text:writeData</name>
         <load_address>0x2000fa02</load_address>
         <run_address>0x2000fa02</run_address>
         <size>0xa2</size>
         <input_file_ref idref="fl-16"/>
      </object_component>
      <object_component id="oc-2f3">
         <name>.text:SemaphoreP_pend</name>
         <load_address>0x2000faa4</load_address>
         <run_address>0x2000faa4</run_address>
         <size>0xa0</size>
         <input_file_ref idref="fl-1a"/>
      </object_component>
      <object_component id="oc-4ee">
         <name>.text:I2CCC32XX_initHw</name>
         <load_address>0x2000fb44</load_address>
         <run_address>0x2000fb44</run_address>
         <size>0x9c</size>
         <input_file_ref idref="fl-12"/>
      </object_component>
      <object_component id="oc-3b">
         <name>.text</name>
         <load_address>0x2000fbe0</load_address>
         <run_address>0x2000fbe0</run_address>
         <size>0x9c</size>
         <input_file_ref idref="fl-e4"/>
      </object_component>
      <object_component id="oc-30f">
         <name>.text:powerNotifyFxn</name>
         <load_address>0x2000fc7c</load_address>
         <run_address>0x2000fc7c</run_address>
         <size>0x98</size>
         <input_file_ref idref="fl-11"/>
      </object_component>
      <object_component id="oc-5e4">
         <name>.text</name>
         <load_address>0x2000fd14</load_address>
         <run_address>0x2000fd14</run_address>
         <size>0x96</size>
         <input_file_ref idref="fl-e5"/>
      </object_component>
      <object_component id="oc-86c">
         <name>.text:UARTCC32XX_init</name>
         <load_address>0x2000fdaa</load_address>
         <run_address>0x2000fdaa</run_address>
         <size>0x2</size>
         <input_file_ref idref="fl-16"/>
      </object_component>
      <object_component id="oc-7f6">
         <name>.text:restoreNVICRegs</name>
         <load_address>0x2000fdac</load_address>
         <run_address>0x2000fdac</run_address>
         <size>0x90</size>
         <input_file_ref idref="fl-13"/>
      </object_component>
      <object_component id="oc-4e8">
         <name>.text:HwiP_construct</name>
         <load_address>0x2000fe3c</load_address>
         <run_address>0x2000fe3c</run_address>
         <size>0x8c</size>
         <input_file_ref idref="fl-1c"/>
      </object_component>
      <object_component id="oc-97f">
         <name>.text:IntPendSet</name>
         <load_address>0x2000fec8</load_address>
         <run_address>0x2000fec8</run_address>
         <size>0x88</size>
         <input_file_ref idref="fl-23"/>
      </object_component>
      <object_component id="oc-36c">
         <name>.text:PinConfigSet</name>
         <load_address>0x2000ff50</load_address>
         <run_address>0x2000ff50</run_address>
         <size>0x88</size>
         <input_file_ref idref="fl-24"/>
      </object_component>
      <object_component id="oc-55c">
         <name>.text:__aeabi_cdcmple</name>
         <load_address>0x2000ffd8</load_address>
         <run_address>0x2000ffd8</run_address>
         <size>0x86</size>
         <input_file_ref idref="fl-ee"/>
      </object_component>
      <object_component id="oc-760">
         <name>.text:__aeabi_cdrcmple</name>
         <load_address>0x2001005e</load_address>
         <run_address>0x2001005e</run_address>
         <size>0x86</size>
         <input_file_ref idref="fl-ee"/>
      </object_component>
      <object_component id="oc-1d9">
         <name>.text:Power_init</name>
         <load_address>0x200100e4</load_address>
         <run_address>0x200100e4</run_address>
         <size>0x84</size>
         <input_file_ref idref="fl-13"/>
      </object_component>
      <object_component id="oc-7eb">
         <name>.text:saveNVICRegs</name>
         <load_address>0x20010168</load_address>
         <run_address>0x20010168</run_address>
         <size>0x84</size>
         <input_file_ref idref="fl-13"/>
      </object_component>
      <object_component id="oc-372">
         <name>.text:Power_setDependency</name>
         <load_address>0x200101ec</load_address>
         <run_address>0x200101ec</run_address>
         <size>0x80</size>
         <input_file_ref idref="fl-13"/>
      </object_component>
      <object_component id="oc-a57">
         <name>.text:readIsrBinaryBlocking</name>
         <load_address>0x2001026c</load_address>
         <run_address>0x2001026c</run_address>
         <size>0x7c</size>
         <input_file_ref idref="fl-16"/>
      </object_component>
      <object_component id="oc-6f7">
         <name>.text:I2CCC32XX_primeReadBurst</name>
         <load_address>0x200102e8</load_address>
         <run_address>0x200102e8</run_address>
         <size>0x7a</size>
         <input_file_ref idref="fl-12"/>
      </object_component>
      <object_component id="oc-53f">
         <name>.text</name>
         <load_address>0x20010362</load_address>
         <run_address>0x20010362</run_address>
         <size>0x7a</size>
         <input_file_ref idref="fl-e0"/>
      </object_component>
      <object_component id="oc-9d">
         <name>.text</name>
         <load_address>0x200103dc</load_address>
         <run_address>0x200103dc</run_address>
         <size>0x7a</size>
         <input_file_ref idref="fl-f3"/>
      </object_component>
      <object_component id="oc-3db">
         <name>.text:_nop</name>
         <load_address>0x20010456</load_address>
         <run_address>0x20010456</run_address>
         <size>0x2</size>
         <input_file_ref idref="fl-f8"/>
      </object_component>
      <object_component id="oc-396">
         <name>.text:GPIO_hwiIntFxn</name>
         <load_address>0x20010458</load_address>
         <run_address>0x20010458</run_address>
         <size>0x78</size>
         <input_file_ref idref="fl-11"/>
      </object_component>
      <object_component id="oc-a69">
         <name>.text:readIsrBinaryCallback</name>
         <load_address>0x200104d0</load_address>
         <run_address>0x200104d0</run_address>
         <size>0x78</size>
         <input_file_ref idref="fl-16"/>
      </object_component>
      <object_component id="oc-9dd">
         <name>.text:UARTCC32XX_hwiIntFxn</name>
         <load_address>0x20010548</load_address>
         <run_address>0x20010548</run_address>
         <size>0x74</size>
         <input_file_ref idref="fl-16"/>
      </object_component>
      <object_component id="oc-8f6">
         <name>.text:split</name>
         <load_address>0x200105bc</load_address>
         <run_address>0x200105bc</run_address>
         <size>0x70</size>
         <input_file_ref idref="fl-e9"/>
      </object_component>
      <object_component id="oc-780">
         <name>.text:_mcpy</name>
         <load_address>0x2001062c</load_address>
         <run_address>0x2001062c</run_address>
         <size>0x6e</size>
         <input_file_ref idref="fl-eb"/>
      </object_component>
      <object_component id="oc-72a">
         <name>.text:I2CSupport_primeTransfer</name>
         <load_address>0x2001069a</load_address>
         <run_address>0x2001069a</run_address>
         <size>0x6a</size>
         <input_file_ref idref="fl-12"/>
      </object_component>
      <object_component id="oc-14">
         <name>.text:decompress:lzss:__TI_decompress_lzss</name>
         <load_address>0x20010704</load_address>
         <run_address>0x20010704</run_address>
         <size>0x68</size>
         <input_file_ref idref="fl-e8"/>
      </object_component>
      <object_component id="oc-896">
         <name>.text:UARTCC32XX_writeCancel</name>
         <load_address>0x2001076c</load_address>
         <run_address>0x2001076c</run_address>
         <size>0x66</size>
         <input_file_ref idref="fl-16"/>
      </object_component>
      <object_component id="oc-73">
         <name>.text:busFaultHandler</name>
         <load_address>0x200107d2</load_address>
         <run_address>0x200107d2</run_address>
         <size>0x2</size>
         <input_file_ref idref="fl-1e"/>
      </object_component>
      <object_component id="oc-47f">
         <name>.text:PowerCC32XX_setParkState</name>
         <load_address>0x200107d4</load_address>
         <run_address>0x200107d4</run_address>
         <size>0x64</size>
         <input_file_ref idref="fl-13"/>
      </object_component>
      <object_component id="oc-890">
         <name>.text:UARTCC32XX_writePolling</name>
         <load_address>0x20010838</load_address>
         <run_address>0x20010838</run_address>
         <size>0x62</size>
         <input_file_ref idref="fl-16"/>
      </object_component>
      <object_component id="oc-455">
         <name>.text:clkFxn</name>
         <load_address>0x2001089a</load_address>
         <run_address>0x2001089a</run_address>
         <size>0x2</size>
         <input_file_ref idref="fl-1a"/>
      </object_component>
      <object_component id="oc-29b">
         <name>.text:PRCMSysResetCauseGet</name>
         <load_address>0x2001089c</load_address>
         <run_address>0x2001089c</run_address>
         <size>0x60</size>
         <input_file_ref idref="fl-25"/>
      </object_component>
      <object_component id="oc-21d">
         <name>.text:Read_Temp</name>
         <load_address>0x200108fc</load_address>
         <run_address>0x200108fc</run_address>
         <size>0x60</size>
         <input_file_ref idref="fl-2"/>
      </object_component>
      <object_component id="oc-20b">
         <name>.text:GPIO_setCallback</name>
         <load_address>0x2001095c</load_address>
         <run_address>0x2001095c</run_address>
         <size>0x5c</size>
         <input_file_ref idref="fl-11"/>
      </object_component>
      <object_component id="oc-795">
         <name>.text:frexp</name>
         <load_address>0x200109b8</load_address>
         <run_address>0x200109b8</run_address>
         <size>0x5c</size>
         <input_file_ref idref="fl-102"/>
      </object_component>
      <object_component id="oc-93f">
         <name>.text:sysTickInit</name>
         <load_address>0x20010a14</load_address>
         <run_address>0x20010a14</run_address>
         <size>0x5c</size>
         <input_file_ref idref="fl-1b"/>
      </object_component>
      <object_component id="oc-205">
         <name>.text:GPIO_write</name>
         <load_address>0x20010a70</load_address>
         <run_address>0x20010a70</run_address>
         <size>0x58</size>
         <input_file_ref idref="fl-11"/>
      </object_component>
      <object_component id="oc-2b4">
         <name>.text:PRCMPeripheralReset</name>
         <load_address>0x20010ac8</load_address>
         <run_address>0x20010ac8</run_address>
         <size>0x58</size>
         <input_file_ref idref="fl-25"/>
      </object_component>
      <object_component id="oc-84f">
         <name>.text:Power_releaseDependency</name>
         <load_address>0x20010b20</load_address>
         <run_address>0x20010b20</run_address>
         <size>0x58</size>
         <input_file_ref idref="fl-13"/>
      </object_component>
      <object_component id="oc-567">
         <name>.text:_pconv_f</name>
         <load_address>0x20010b78</load_address>
         <run_address>0x20010b78</run_address>
         <size>0x56</size>
         <input_file_ref idref="fl-eb"/>
      </object_component>
      <object_component id="oc-76a">
         <name>.text:__TI_ltoa</name>
         <load_address>0x20010bce</load_address>
         <run_address>0x20010bce</run_address>
         <size>0x54</size>
         <input_file_ref idref="fl-f9"/>
      </object_component>
      <object_component id="oc-6d">
         <name>.text:defaultHandler</name>
         <load_address>0x20010c22</load_address>
         <run_address>0x20010c22</run_address>
         <size>0x2</size>
         <input_file_ref idref="fl-1e"/>
      </object_component>
      <object_component id="oc-1ed">
         <name>.text:initTimer</name>
         <load_address>0x20010c24</load_address>
         <run_address>0x20010c24</run_address>
         <size>0x54</size>
         <input_file_ref idref="fl-2"/>
      </object_component>
      <object_component id="oc-ab1">
         <name>.text:ringBufGet</name>
         <load_address>0x20010c78</load_address>
         <run_address>0x20010c78</run_address>
         <size>0x54</size>
         <input_file_ref idref="fl-16"/>
      </object_component>
      <object_component id="oc-95c">
         <name>.text:PowerCC32XX_resumeLPDS</name>
         <load_address>0x20010ccc</load_address>
         <run_address>0x20010ccc</run_address>
         <size>0x52</size>
         <input_file_ref idref="fl-14"/>
      </object_component>
      <object_component id="oc-77a">
         <name>.text:_ecpy</name>
         <load_address>0x20010d1e</load_address>
         <run_address>0x20010d1e</run_address>
         <size>0x52</size>
         <input_file_ref idref="fl-eb"/>
      </object_component>
      <object_component id="oc-4ac">
         <name>.text:initHw</name>
         <load_address>0x20010d70</load_address>
         <run_address>0x20010d70</run_address>
         <size>0x52</size>
         <input_file_ref idref="fl-15"/>
      </object_component>
      <object_component id="oc-67">
         <name>.text:faultISR</name>
         <load_address>0x20010dc2</load_address>
         <run_address>0x20010dc2</run_address>
         <size>0x2</size>
         <input_file_ref idref="fl-1e"/>
      </object_component>
      <object_component id="oc-79">
         <name>.text:ClockP_sysTickHandler</name>
         <load_address>0x20010dc4</load_address>
         <run_address>0x20010dc4</run_address>
         <size>0x50</size>
         <input_file_ref idref="fl-1b"/>
      </object_component>
      <object_component id="oc-60a">
         <name>.text:SemaphoreP_construct</name>
         <load_address>0x20010e14</load_address>
         <run_address>0x20010e14</run_address>
         <size>0x50</size>
         <input_file_ref idref="fl-1a"/>
      </object_component>
      <object_component id="oc-48e">
         <name>.text:TimerCC32XX_allocateTimerResource</name>
         <load_address>0x20010e64</load_address>
         <run_address>0x20010e64</run_address>
         <size>0x50</size>
         <input_file_ref idref="fl-15"/>
      </object_component>
      <object_component id="oc-211">
         <name>.text:GPIO_enableInt</name>
         <load_address>0x20010eb4</load_address>
         <run_address>0x20010eb4</run_address>
         <size>0x4c</size>
         <input_file_ref idref="fl-11"/>
      </object_component>
      <object_component id="oc-6eb">
         <name>.text:I2CCC32XX_readRecieveFifo</name>
         <load_address>0x20010f00</load_address>
         <run_address>0x20010f00</run_address>
         <size>0x4c</size>
         <input_file_ref idref="fl-12"/>
      </object_component>
      <object_component id="oc-953">
         <name>.text:PowerCC32XX_parkPin</name>
         <load_address>0x20010f4c</load_address>
         <run_address>0x20010f4c</run_address>
         <size>0x4c</size>
         <input_file_ref idref="fl-13"/>
      </object_component>
      <object_component id="oc-550">
         <name>.text:atoi</name>
         <load_address>0x20010f98</load_address>
         <run_address>0x20010f98</run_address>
         <size>0x4c</size>
         <input_file_ref idref="fl-fb"/>
      </object_component>
      <object_component id="oc-7fc">
         <name>.text:restorePeriphClocks</name>
         <load_address>0x20010fe4</load_address>
         <run_address>0x20010fe4</run_address>
         <size>0x4c</size>
         <input_file_ref idref="fl-13"/>
      </object_component>
      <object_component id="oc-229">
         <name>.text:snprintf</name>
         <load_address>0x20011030</load_address>
         <run_address>0x20011030</run_address>
         <size>0x4c</size>
         <input_file_ref idref="fl-df"/>
      </object_component>
      <object_component id="oc-977">
         <name>.text:FlashDisable</name>
         <load_address>0x2001107c</load_address>
         <run_address>0x2001107c</run_address>
         <size>0x48</size>
         <input_file_ref idref="fl-29"/>
      </object_component>
      <object_component id="oc-808">
         <name>.text:PRCMLPDSEnter</name>
         <load_address>0x200110c4</load_address>
         <run_address>0x200110c4</run_address>
         <size>0x48</size>
         <input_file_ref idref="fl-25"/>
      </object_component>
      <object_component id="oc-2ae">
         <name>.text:PRCMPeripheralClkEnable</name>
         <load_address>0x2001110c</load_address>
         <run_address>0x2001110c</run_address>
         <size>0x48</size>
         <input_file_ref idref="fl-25"/>
      </object_component>
      <object_component id="oc-8d1">
         <name>.text:Power_releaseConstraint</name>
         <load_address>0x20011154</load_address>
         <run_address>0x20011154</run_address>
         <size>0x48</size>
         <input_file_ref idref="fl-13"/>
      </object_component>
      <object_component id="oc-765">
         <name>.text</name>
         <load_address>0x2001119c</load_address>
         <run_address>0x2001119c</run_address>
         <size>0x48</size>
         <input_file_ref idref="fl-f1"/>
      </object_component>
      <object_component id="oc-a9e">
         <name>.text:RingBuf_put</name>
         <load_address>0x200111e4</load_address>
         <run_address>0x200111e4</run_address>
         <size>0x46</size>
         <input_file_ref idref="fl-18"/>
      </object_component>
      <object_component id="oc-4a6">
         <name>.text:getPrescaler</name>
         <load_address>0x2001122a</load_address>
         <run_address>0x2001122a</run_address>
         <size>0x46</size>
         <input_file_ref idref="fl-15"/>
      </object_component>
      <object_component id="oc-632">
         <name>.text:ClockP_stop</name>
         <load_address>0x20011270</load_address>
         <run_address>0x20011270</run_address>
         <size>0x44</size>
         <input_file_ref idref="fl-1b"/>
      </object_component>
      <object_component id="oc-961">
         <name>.text:PRCMLPDSRestoreInfoSet</name>
         <load_address>0x200112b4</load_address>
         <run_address>0x200112b4</run_address>
         <size>0x44</size>
         <input_file_ref idref="fl-25"/>
      </object_component>
      <object_component id="oc-7f1">
         <name>.text:PowerCC32XX_enterLPDS</name>
         <load_address>0x200112f8</load_address>
         <run_address>0x200112f8</run_address>
         <size>0x44</size>
         <input_file_ref idref="fl-14"/>
      </object_component>
      <object_component id="oc-2ff">
         <name>.text:SemaphoreP_post</name>
         <load_address>0x2001133c</load_address>
         <run_address>0x2001133c</run_address>
         <size>0x44</size>
         <input_file_ref idref="fl-1a"/>
      </object_component>
      <object_component id="oc-5fa">
         <name>.text:SwiP_restore</name>
         <load_address>0x20011380</load_address>
         <run_address>0x20011380</run_address>
         <size>0x44</size>
         <input_file_ref idref="fl-1f"/>
      </object_component>
      <object_component id="oc-32b">
         <name>.text:Timer_start</name>
         <load_address>0x200113c4</load_address>
         <run_address>0x200113c4</run_address>
         <size>0x44</size>
         <input_file_ref idref="fl-f"/>
      </object_component>
      <object_component id="oc-339">
         <name>.text:UART_init</name>
         <load_address>0x20011408</load_address>
         <run_address>0x20011408</run_address>
         <size>0x44</size>
         <input_file_ref idref="fl-10"/>
      </object_component>
      <object_component id="oc-172">
         <name>.text:__TI_auto_init_nobinit_nopinit:__TI_auto_init_nobinit_nopinit</name>
         <load_address>0x2001144c</load_address>
         <run_address>0x2001144c</run_address>
         <size>0x44</size>
         <input_file_ref idref="fl-f4"/>
      </object_component>
      <object_component id="oc-1f3">
         <name>.text:initUART</name>
         <load_address>0x20011490</load_address>
         <run_address>0x20011490</run_address>
         <size>0x44</size>
         <input_file_ref idref="fl-2"/>
      </object_component>
      <object_component id="oc-a46">
         <name>.text:ClockP_construct</name>
         <load_address>0x200114d4</load_address>
         <run_address>0x200114d4</run_address>
         <size>0x40</size>
         <input_file_ref idref="fl-1b"/>
      </object_component>
      <object_component id="oc-2c6">
         <name>.text:PinModeSet</name>
         <load_address>0x20011514</load_address>
         <run_address>0x20011514</run_address>
         <size>0x40</size>
         <input_file_ref idref="fl-24"/>
      </object_component>
      <object_component id="oc-223">
         <name>.text:Read_LED</name>
         <load_address>0x20011554</load_address>
         <run_address>0x20011554</run_address>
         <size>0x40</size>
         <input_file_ref idref="fl-2"/>
      </object_component>
      <object_component id="oc-9f7">
         <name>.text:RingBuf_get</name>
         <load_address>0x20011594</load_address>
         <run_address>0x20011594</run_address>
         <size>0x40</size>
         <input_file_ref idref="fl-18"/>
      </object_component>
      <object_component id="oc-4c9">
         <name>.text:TimerSupport_timerEnable</name>
         <load_address>0x200115d4</load_address>
         <run_address>0x200115d4</run_address>
         <size>0x40</size>
         <input_file_ref idref="fl-15"/>
      </object_component>
      <object_component id="oc-4a0">
         <name>.text:Timer_close</name>
         <load_address>0x20011614</load_address>
         <run_address>0x20011614</run_address>
         <size>0x40</size>
         <input_file_ref idref="fl-15"/>
      </object_component>
      <object_component id="oc-878">
         <name>.text:UARTCC32XX_read</name>
         <load_address>0x20011654</load_address>
         <run_address>0x20011654</run_address>
         <size>0x40</size>
         <input_file_ref idref="fl-16"/>
      </object_component>
      <object_component id="oc-345">
         <name>.text:UART_open</name>
         <load_address>0x20011694</load_address>
         <run_address>0x20011694</run_address>
         <size>0x40</size>
         <input_file_ref idref="fl-10"/>
      </object_component>
      <object_component id="oc-78d">
         <name>.text:_fcpy</name>
         <load_address>0x200116d4</load_address>
         <run_address>0x200116d4</run_address>
         <size>0x3e</size>
         <input_file_ref idref="fl-eb"/>
      </object_component>
      <object_component id="oc-61">
         <name>.text:nmiISR</name>
         <load_address>0x20011712</load_address>
         <run_address>0x20011712</run_address>
         <size>0x2</size>
         <input_file_ref idref="fl-1e"/>
      </object_component>
      <object_component id="oc-44f">
         <name>.text:ClockP_destruct</name>
         <load_address>0x20011714</load_address>
         <run_address>0x20011714</run_address>
         <size>0x3c</size>
         <input_file_ref idref="fl-1b"/>
      </object_component>
      <object_component id="oc-6ab">
         <name>.text:Power_setConstraint</name>
         <load_address>0x20011750</load_address>
         <run_address>0x20011750</run_address>
         <size>0x3c</size>
         <input_file_ref idref="fl-13"/>
      </object_component>
      <object_component id="oc-217">
         <name>.text:Read_Button</name>
         <load_address>0x2001178c</load_address>
         <run_address>0x2001178c</run_address>
         <size>0x3c</size>
         <input_file_ref idref="fl-2"/>
      </object_component>
      <object_component id="oc-5de">
         <name>.text:getCountsRTC</name>
         <load_address>0x200117c8</load_address>
         <run_address>0x200117c8</run_address>
         <size>0x3a</size>
         <input_file_ref idref="fl-1d"/>
      </object_component>
      <object_component id="oc-7d9">
         <name>.text</name>
         <load_address>0x20011802</load_address>
         <run_address>0x20011802</run_address>
         <size>0x2</size>
         <input_file_ref idref="fl-ec"/>
      </object_component>
      <object_component id="oc-80e">
         <name>.text:PRCMLPDSEnterKeepDebugIf</name>
         <load_address>0x20011804</load_address>
         <run_address>0x20011804</run_address>
         <size>0x38</size>
         <input_file_ref idref="fl-25"/>
      </object_component>
      <object_component id="oc-db">
         <name>.text:addToList</name>
         <load_address>0x2001183c</load_address>
         <run_address>0x2001183c</run_address>
         <size>0x38</size>
         <input_file_ref idref="fl-1b"/>
      </object_component>
      <object_component id="oc-59">
         <name>.text:initVectors</name>
         <load_address>0x20011874</load_address>
         <run_address>0x20011874</run_address>
         <size>0x38</size>
         <input_file_ref idref="fl-1e"/>
      </object_component>
      <object_component id="oc-7df">
         <name>.text:notify</name>
         <load_address>0x200118ac</load_address>
         <run_address>0x200118ac</run_address>
         <size>0x38</size>
         <input_file_ref idref="fl-13"/>
      </object_component>
      <object_component id="oc-544">
         <name>.text</name>
         <load_address>0x200118e4</load_address>
         <run_address>0x200118e4</run_address>
         <size>0x38</size>
         <input_file_ref idref="fl-e1"/>
      </object_component>
      <object_component id="oc-53a">
         <name>.text</name>
         <load_address>0x2001191c</load_address>
         <run_address>0x2001191c</run_address>
         <size>0x38</size>
         <input_file_ref idref="fl-e2"/>
      </object_component>
      <object_component id="oc-68a">
         <name>.text:TimerControlStall</name>
         <load_address>0x20011954</load_address>
         <run_address>0x20011954</run_address>
         <size>0x36</size>
         <input_file_ref idref="fl-26"/>
      </object_component>
      <object_component id="oc-658">
         <name>.text:Timer_stop</name>
         <load_address>0x2001198a</load_address>
         <run_address>0x2001198a</run_address>
         <size>0x36</size>
         <input_file_ref idref="fl-f"/>
      </object_component>
      <object_component id="oc-884">
         <name>.text:UARTCC32XX_readCancel</name>
         <load_address>0x200119c0</load_address>
         <run_address>0x200119c0</run_address>
         <size>0x36</size>
         <input_file_ref idref="fl-16"/>
      </object_component>
      <object_component id="oc-5cc">
         <name>.text:ClockP_getTicksUntilInterrupt</name>
         <load_address>0x200119f8</load_address>
         <run_address>0x200119f8</run_address>
         <size>0x34</size>
         <input_file_ref idref="fl-1b"/>
      </object_component>
      <object_component id="oc-7d0">
         <name>.text:ClockP_startup</name>
         <load_address>0x20011a2c</load_address>
         <run_address>0x20011a2c</run_address>
         <size>0x34</size>
         <input_file_ref idref="fl-1b"/>
      </object_component>
      <object_component id="oc-2c0">
         <name>.text:PinModeGet</name>
         <load_address>0x20011a60</load_address>
         <run_address>0x20011a60</run_address>
         <size>0x34</size>
         <input_file_ref idref="fl-24"/>
      </object_component>
      <object_component id="oc-99b">
         <name>.text:PowerCC32XX_restoreParkState</name>
         <load_address>0x20011a94</load_address>
         <run_address>0x20011a94</run_address>
         <size>0x34</size>
         <input_file_ref idref="fl-13"/>
      </object_component>
      <object_component id="oc-670">
         <name>.text:TimerCC32XX_freeTimerResource</name>
         <load_address>0x20011ac8</load_address>
         <run_address>0x20011ac8</run_address>
         <size>0x34</size>
         <input_file_ref idref="fl-15"/>
      </object_component>
      <object_component id="oc-4c1">
         <name>.text:TimerCC32XX_hwiIntFunction</name>
         <load_address>0x20011afc</load_address>
         <run_address>0x20011afc</run_address>
         <size>0x34</size>
         <input_file_ref idref="fl-15"/>
      </object_component>
      <object_component id="oc-64c">
         <name>.text:getPowerMgrId</name>
         <load_address>0x20011b30</load_address>
         <run_address>0x20011b30</run_address>
         <size>0x34</size>
         <input_file_ref idref="fl-15"/>
      </object_component>
      <object_component id="oc-43d">
         <name>.text:ClockP_start</name>
         <load_address>0x20011b64</load_address>
         <run_address>0x20011b64</run_address>
         <size>0x30</size>
         <input_file_ref idref="fl-1b"/>
      </object_component>
      <object_component id="oc-970">
         <name>.text:PowerCC32XX_restoreParkedPin</name>
         <load_address>0x20011b94</load_address>
         <run_address>0x20011b94</run_address>
         <size>0x30</size>
         <input_file_ref idref="fl-13"/>
      </object_component>
      <object_component id="oc-3b6">
         <name>.text:_outs</name>
         <load_address>0x20011bc4</load_address>
         <run_address>0x20011bc4</run_address>
         <size>0x30</size>
         <input_file_ref idref="fl-df"/>
      </object_component>
      <object_component id="oc-770">
         <name>.text</name>
         <load_address>0x20011bf4</load_address>
         <run_address>0x20011bf4</run_address>
         <size>0x2e</size>
         <input_file_ref idref="fl-f2"/>
      </object_component>
      <object_component id="oc-9bc">
         <name>.text:PowerCC32XX_getParkState</name>
         <load_address>0x20011c24</load_address>
         <run_address>0x20011c24</run_address>
         <size>0x2c</size>
         <input_file_ref idref="fl-13"/>
      </object_component>
      <object_component id="oc-37e">
         <name>.text:HwiP_create</name>
         <load_address>0x20011c50</load_address>
         <run_address>0x20011c50</run_address>
         <size>0x2a</size>
         <input_file_ref idref="fl-1c"/>
      </object_component>
      <object_component id="oc-684">
         <name>.text:TimerLoadSet</name>
         <load_address>0x20011c7a</load_address>
         <run_address>0x20011c7a</run_address>
         <size>0x2a</size>
         <input_file_ref idref="fl-26"/>
      </object_component>
      <object_component id="oc-67e">
         <name>.text:TimerPrescaleSet</name>
         <load_address>0x20011ca4</load_address>
         <run_address>0x20011ca4</run_address>
         <size>0x2a</size>
         <input_file_ref idref="fl-26"/>
      </object_component>
      <object_component id="oc-703">
         <name>.text:I2CFIFODataPutNonBlocking</name>
         <load_address>0x20011cce</load_address>
         <run_address>0x20011cce</run_address>
         <size>0x28</size>
         <input_file_ref idref="fl-22"/>
      </object_component>
      <object_component id="oc-2ba">
         <name>.text:PRCMPeripheralClkDisable</name>
         <load_address>0x20011cf8</load_address>
         <run_address>0x20011cf8</run_address>
         <size>0x28</size>
         <input_file_ref idref="fl-25"/>
      </object_component>
      <object_component id="oc-2f9">
         <name>.text:Power_registerNotify</name>
         <load_address>0x20011d20</load_address>
         <run_address>0x20011d20</run_address>
         <size>0x28</size>
         <input_file_ref idref="fl-13"/>
      </object_component>
      <object_component id="oc-62a">
         <name>.text:free_list_insert</name>
         <load_address>0x20011d48</load_address>
         <run_address>0x20011d48</run_address>
         <size>0x28</size>
         <input_file_ref idref="fl-e9"/>
      </object_component>
      <object_component id="oc-8ad">
         <name>.text:I2CFIFODataGetNonBlocking</name>
         <load_address>0x20011d70</load_address>
         <run_address>0x20011d70</run_address>
         <size>0x26</size>
         <input_file_ref idref="fl-22"/>
      </object_component>
      <object_component id="oc-736">
         <name>.text:I2C_cancel</name>
         <load_address>0x20011d96</load_address>
         <run_address>0x20011d96</run_address>
         <size>0x26</size>
         <input_file_ref idref="fl-e"/>
      </object_component>
      <object_component id="oc-45f">
         <name>.text:List_put</name>
         <load_address>0x20011dbc</load_address>
         <run_address>0x20011dbc</run_address>
         <size>0x26</size>
         <input_file_ref idref="fl-17"/>
      </object_component>
      <object_component id="oc-840">
         <name>.text:List_remove</name>
         <load_address>0x20011de2</load_address>
         <run_address>0x20011de2</run_address>
         <size>0x26</size>
         <input_file_ref idref="fl-17"/>
      </object_component>
      <object_component id="oc-6cb">
         <name>.text:HwiP_dispatch</name>
         <load_address>0x20011e08</load_address>
         <run_address>0x20011e08</run_address>
         <size>0x24</size>
         <input_file_ref idref="fl-1c"/>
      </object_component>
      <object_component id="oc-9b6">
         <name>.text:PowerCC32XX_reset</name>
         <load_address>0x20011e2c</load_address>
         <run_address>0x20011e2c</run_address>
         <size>0x24</size>
         <input_file_ref idref="fl-13"/>
      </object_component>
      <object_component id="oc-839">
         <name>.text:TimerSupport_timerDisable</name>
         <load_address>0x20011e50</load_address>
         <run_address>0x20011e50</run_address>
         <size>0x24</size>
         <input_file_ref idref="fl-15"/>
      </object_component>
      <object_component id="oc-c5">
         <name>.text:_c_int00_noargs:_c_int00_noargs</name>
         <load_address>0x20011e74</load_address>
         <run_address>0x20011e74</run_address>
         <size>0x24</size>
         <input_file_ref idref="fl-ea"/>
      </object_component>
      <object_component id="oc-8b5">
         <name>.text:I2CMasterSlaveAddrSet</name>
         <load_address>0x20011e98</load_address>
         <run_address>0x20011e98</run_address>
         <size>0x22</size>
         <input_file_ref idref="fl-22"/>
      </object_component>
      <object_component id="oc-847">
         <name>.text:HwiP_destruct</name>
         <load_address>0x20011eba</load_address>
         <run_address>0x20011eba</run_address>
         <size>0x20</size>
         <input_file_ref idref="fl-1c"/>
      </object_component>
      <object_component id="oc-65e">
         <name>.text:Power_unregisterNotify</name>
         <load_address>0x20011edc</load_address>
         <run_address>0x20011edc</run_address>
         <size>0x20</size>
         <input_file_ref idref="fl-13"/>
      </object_component>
      <object_component id="oc-9a2">
         <name>.text:RingBuf_peek</name>
         <load_address>0x20011efc</load_address>
         <run_address>0x20011efc</run_address>
         <size>0x20</size>
         <input_file_ref idref="fl-18"/>
      </object_component>
      <object_component id="oc-9b0">
         <name>.text:getPowerMgrId</name>
         <load_address>0x20011f1c</load_address>
         <run_address>0x20011f1c</run_address>
         <size>0x20</size>
         <input_file_ref idref="fl-16"/>
      </object_component>
      <object_component id="oc-6df">
         <name>.text:I2CMasterIntStatusEx</name>
         <load_address>0x20011f3c</load_address>
         <run_address>0x20011f3c</run_address>
         <size>0x1e</size>
         <input_file_ref idref="fl-22"/>
      </object_component>
      <object_component id="oc-494">
         <name>.text:SemaphoreP_constructBinary</name>
         <load_address>0x20011f5a</load_address>
         <run_address>0x20011f5a</run_address>
         <size>0x1e</size>
         <input_file_ref idref="fl-1a"/>
      </object_component>
      <object_component id="oc-678">
         <name>.text:TimerDisable</name>
         <load_address>0x20011f78</load_address>
         <run_address>0x20011f78</run_address>
         <size>0x1e</size>
         <input_file_ref idref="fl-26"/>
      </object_component>
      <object_component id="oc-6b1">
         <name>.text:TimerEnable</name>
         <load_address>0x20011f96</load_address>
         <run_address>0x20011f96</run_address>
         <size>0x1e</size>
         <input_file_ref idref="fl-26"/>
      </object_component>
      <object_component id="oc-94d">
         <name>.text:PinToPadGet</name>
         <load_address>0x20011fb4</load_address>
         <run_address>0x20011fb4</run_address>
         <size>0x1c</size>
         <input_file_ref idref="fl-24"/>
      </object_component>
      <object_component id="oc-5c0">
         <name>.text:SwiP_disable</name>
         <load_address>0x20011fd0</load_address>
         <run_address>0x20011fd0</run_address>
         <size>0x1c</size>
         <input_file_ref idref="fl-1f"/>
      </object_component>
      <object_component id="oc-624">
         <name>.text:free_list_remove</name>
         <load_address>0x20011fec</load_address>
         <run_address>0x20011fec</run_address>
         <size>0x1c</size>
         <input_file_ref idref="fl-e9"/>
      </object_component>
      <object_component id="oc-579">
         <name>.text:memccpy</name>
         <load_address>0x20012008</load_address>
         <run_address>0x20012008</run_address>
         <size>0x1c</size>
         <input_file_ref idref="fl-fd"/>
      </object_component>
      <object_component id="oc-9c8">
         <name>.text:ClockP_create</name>
         <load_address>0x20012024</load_address>
         <run_address>0x20012024</run_address>
         <size>0x1a</size>
         <input_file_ref idref="fl-1b"/>
      </object_component>
      <object_component id="oc-2db">
         <name>.text:SemaphoreP_createBinary</name>
         <load_address>0x2001203e</load_address>
         <run_address>0x2001203e</run_address>
         <size>0x1a</size>
         <input_file_ref idref="fl-1a"/>
      </object_component>
      <object_component id="oc-21">
         <name>.text:resetISR</name>
         <load_address>0x20012058</load_address>
         <run_address>0x20012058</run_address>
         <size>0x1a</size>
         <input_file_ref idref="fl-1e"/>
      </object_component>
      <object_component id="oc-8e6">
         <name>.text:I2CMasterBusBusy</name>
         <load_address>0x20012072</load_address>
         <run_address>0x20012072</run_address>
         <size>0x18</size>
         <input_file_ref idref="fl-22"/>
      </object_component>
      <object_component id="oc-6f1">
         <name>.text:I2CMasterIntDisableEx</name>
         <load_address>0x2001208a</load_address>
         <run_address>0x2001208a</run_address>
         <size>0x18</size>
         <input_file_ref idref="fl-22"/>
      </object_component>
      <object_component id="oc-8c7">
         <name>.text:I2CMasterIntEnableEx</name>
         <load_address>0x200120a2</load_address>
         <run_address>0x200120a2</run_address>
         <size>0x18</size>
         <input_file_ref idref="fl-22"/>
      </object_component>
      <object_component id="oc-8e0">
         <name>.text:I2CRxFIFOFlush</name>
         <load_address>0x200120ba</load_address>
         <run_address>0x200120ba</run_address>
         <size>0x18</size>
         <input_file_ref idref="fl-22"/>
      </object_component>
      <object_component id="oc-8da">
         <name>.text:I2CTxFIFOFlush</name>
         <load_address>0x200120d2</load_address>
         <run_address>0x200120d2</run_address>
         <size>0x18</size>
         <input_file_ref idref="fl-22"/>
      </object_component>
      <object_component id="oc-5d2">
         <name>.text:Power_getTransitionLatency</name>
         <load_address>0x200120ec</load_address>
         <run_address>0x200120ec</run_address>
         <size>0x18</size>
         <input_file_ref idref="fl-13"/>
      </object_component>
      <object_component id="oc-821">
         <name>.text:Power_idleFunc</name>
         <load_address>0x20012104</load_address>
         <run_address>0x20012104</run_address>
         <size>0x18</size>
         <input_file_ref idref="fl-13"/>
      </object_component>
      <object_component id="oc-98b">
         <name>.text:TimerIntDisable</name>
         <load_address>0x2001211c</load_address>
         <run_address>0x2001211c</run_address>
         <size>0x18</size>
         <input_file_ref idref="fl-26"/>
      </object_component>
      <object_component id="oc-6a5">
         <name>.text:TimerIntEnable</name>
         <load_address>0x20012134</load_address>
         <run_address>0x20012134</run_address>
         <size>0x18</size>
         <input_file_ref idref="fl-26"/>
      </object_component>
      <object_component id="oc-9ff">
         <name>.text:UARTBusy</name>
         <load_address>0x2001214c</load_address>
         <run_address>0x2001214c</run_address>
         <size>0x18</size>
         <input_file_ref idref="fl-27"/>
      </object_component>
      <object_component id="oc-a8a">
         <name>.text:UARTIntEnable</name>
         <load_address>0x20012164</load_address>
         <run_address>0x20012164</run_address>
         <size>0x18</size>
         <input_file_ref idref="fl-27"/>
      </object_component>
      <object_component id="oc-33f">
         <name>.text:UART_Params_init</name>
         <load_address>0x2001217c</load_address>
         <run_address>0x2001217c</run_address>
         <size>0x18</size>
         <input_file_ref idref="fl-10"/>
      </object_component>
      <object_component id="oc-3bc">
         <name>.text:_outc</name>
         <load_address>0x20012194</load_address>
         <run_address>0x20012194</run_address>
         <size>0x18</size>
         <input_file_ref idref="fl-df"/>
      </object_component>
      <object_component id="oc-235">
         <name>.text:gpioButtonFxn0</name>
         <load_address>0x200121ac</load_address>
         <run_address>0x200121ac</run_address>
         <size>0x18</size>
         <input_file_ref idref="fl-2"/>
      </object_component>
      <object_component id="oc-23b">
         <name>.text:gpioButtonFxn1</name>
         <load_address>0x200121c4</load_address>
         <run_address>0x200121c4</run_address>
         <size>0x18</size>
         <input_file_ref idref="fl-2"/>
      </object_component>
      <object_component id="oc-5ef">
         <name>.text</name>
         <load_address>0x200121dc</load_address>
         <run_address>0x200121dc</run_address>
         <size>0x18</size>
         <input_file_ref idref="fl-e3"/>
      </object_component>
      <object_component id="oc-331">
         <name>.text:timerCallback</name>
         <load_address>0x200121f4</load_address>
         <run_address>0x200121f4</run_address>
         <size>0x18</size>
         <input_file_ref idref="fl-2"/>
      </object_component>
      <object_component id="oc-8c1">
         <name>.text:I2CMasterBurstLengthSet</name>
         <load_address>0x2001220c</load_address>
         <run_address>0x2001220c</run_address>
         <size>0x16</size>
         <input_file_ref idref="fl-22"/>
      </object_component>
      <object_component id="oc-2a8">
         <name>.text:PRCMHIBRegRead</name>
         <load_address>0x20012222</load_address>
         <run_address>0x20012222</run_address>
         <size>0x16</size>
         <input_file_ref idref="fl-25"/>
      </object_component>
      <object_component id="oc-2a2">
         <name>.text:PRCMHIBRegWrite</name>
         <load_address>0x20012238</load_address>
         <run_address>0x20012238</run_address>
         <size>0x16</size>
         <input_file_ref idref="fl-25"/>
      </object_component>
      <object_component id="oc-425">
         <name>.text:SemaphoreP_create</name>
         <load_address>0x2001224e</load_address>
         <run_address>0x2001224e</run_address>
         <size>0x16</size>
         <input_file_ref idref="fl-1a"/>
      </object_component>
      <object_component id="oc-7a1">
         <name>.text:strchr</name>
         <load_address>0x20012264</load_address>
         <run_address>0x20012264</run_address>
         <size>0x16</size>
         <input_file_ref idref="fl-fe"/>
      </object_component>
      <object_component id="oc-a3">
         <name>.text:CPUcpsid</name>
         <load_address>0x2001227a</load_address>
         <run_address>0x2001227a</run_address>
         <size>0x14</size>
         <input_file_ref idref="fl-21"/>
      </object_component>
      <object_component id="oc-466">
         <name>.text:HwiP_inISR</name>
         <load_address>0x20012290</load_address>
         <run_address>0x20012290</run_address>
         <size>0x14</size>
         <input_file_ref idref="fl-1c"/>
      </object_component>
      <object_component id="oc-8ee">
         <name>.text:I2CSupport_masterFinish</name>
         <load_address>0x200122a4</load_address>
         <run_address>0x200122a4</run_address>
         <size>0x14</size>
         <input_file_ref idref="fl-12"/>
      </object_component>
      <object_component id="oc-35e">
         <name>.text:I2C_transfer</name>
         <load_address>0x200122b8</load_address>
         <run_address>0x200122b8</run_address>
         <size>0x14</size>
         <input_file_ref idref="fl-e"/>
      </object_component>
      <object_component id="oc-af">
         <name>.text:IntVTableBaseSet</name>
         <load_address>0x200122cc</load_address>
         <run_address>0x200122cc</run_address>
         <size>0x14</size>
         <input_file_ref idref="fl-23"/>
      </object_component>
      <object_component id="oc-46c">
         <name>.text:Power_disablePolicy</name>
         <load_address>0x200122e0</load_address>
         <run_address>0x200122e0</run_address>
         <size>0x14</size>
         <input_file_ref idref="fl-13"/>
      </object_component>
      <object_component id="oc-969">
         <name>.text:Power_getDependencyCount</name>
         <load_address>0x200122f4</load_address>
         <run_address>0x200122f4</run_address>
         <size>0x14</size>
         <input_file_ref idref="fl-13"/>
      </object_component>
      <object_component id="oc-a84">
         <name>.text:releasePowerConstraint</name>
         <load_address>0x20012308</load_address>
         <run_address>0x20012308</run_address>
         <size>0x14</size>
         <input_file_ref idref="fl-16"/>
      </object_component>
      <object_component id="oc-54a">
         <name>.text:strlen</name>
         <load_address>0x2001231c</load_address>
         <run_address>0x2001231c</run_address>
         <size>0x14</size>
         <input_file_ref idref="fl-ff"/>
      </object_component>
      <object_component id="oc-378">
         <name>.text:HwiP_Params_init</name>
         <load_address>0x20012330</load_address>
         <run_address>0x20012330</run_address>
         <size>0x12</size>
         <input_file_ref idref="fl-1c"/>
      </object_component>
      <object_component id="oc-6e5">
         <name>.text:I2CMasterIntClearEx</name>
         <load_address>0x20012342</load_address>
         <run_address>0x20012342</run_address>
         <size>0x12</size>
         <input_file_ref idref="fl-22"/>
      </object_component>
      <object_component id="oc-9aa">
         <name>.text:RingBuf_construct</name>
         <load_address>0x20012354</load_address>
         <run_address>0x20012354</run_address>
         <size>0x12</size>
         <input_file_ref idref="fl-18"/>
      </object_component>
      <object_component id="oc-69c">
         <name>.text:TimerIntClear</name>
         <load_address>0x20012366</load_address>
         <run_address>0x20012366</run_address>
         <size>0x12</size>
         <input_file_ref idref="fl-26"/>
      </object_component>
      <object_component id="oc-11a">
         <name>.text:main</name>
         <load_address>0x20012378</load_address>
         <run_address>0x20012378</run_address>
         <size>0x12</size>
         <input_file_ref idref="fl-4"/>
      </object_component>
      <object_component id="oc-57f">
         <name>.text:wcslen</name>
         <load_address>0x2001238a</load_address>
         <run_address>0x2001238a</run_address>
         <size>0x12</size>
         <input_file_ref idref="fl-101"/>
      </object_component>
[...]
      </symbol>
      <symbol id="sm-b13">
         <name>HwiP_disableInterrupt</name>
         <value>0x20012499</value>
         <object_component_ref idref="oc-724"/>
      </symbol>
      <symbol id="sm-b43">
         <name>PowerCC32XX_initPolicy</name>
         <value>0x2000ee77</value>
         <object_component_ref idref="oc-40e"/>
      </symbol>
      <symbol id="sm-b44">
         <name>PowerCC32XX_sleepPolicy</name>
         <value>0x2000db65</value>
         <object_component_ref idref="oc-414"/>
      </symbol>
      <symbol id="sm-b99">
         <name>resetISR</name>
         <value>0x20012059</value>
         <object_component_ref idref="oc-21"/>
      </symbol>
      <symbol id="sm-b9a">
         <name>resetVectorAddr</name>
         <value>0x2001206c</value>
         <object_component_ref idref="oc-21"/>
      </symbol>
      <symbol id="sm-b9b">
         <name>initVectors</name>
         <value>0x20011875</value>
         <object_component_ref idref="oc-59"/>
      </symbol>
      <symbol id="sm-b9c">
         <name>resetVectors</name>
         <value>0x20004000</value>
         <object_component_ref idref="oc-27"/>
      </symbol>
      <symbol id="sm-bcc">
         <name>SwiP_disable</name>
         <value>0x20011fd1</value>
         <object_component_ref idref="oc-5c0"/>
      </symbol>
      <symbol id="sm-bcd">
         <name>SwiP_restore</name>
         <value>0x20011381</value>
         <object_component_ref idref="oc-5fa"/>
      </symbol>
      <symbol id="sm-bd8">
         <name>CPUcpsid</name>
         <value>0x2001227b</value>
         <object_component_ref idref="oc-a3"/>
      </symbol>
      <symbol id="sm-c45">
         <name>I2CRxFIFOFlush</name>
         <value>0x200120bb</value>
         <object_component_ref idref="oc-8e0"/>
      </symbol>
      <symbol id="sm-c46">
         <name>I2CTxFIFOFlush</name>
         <value>0x200120d3</value>
         <object_component_ref idref="oc-8da"/>
      </symbol>
      <symbol id="sm-c47">
         <name>I2CFIFODataPutNonBlocking</name>
         <value>0x20011ccf</value>
         <object_component_ref idref="oc-703"/>
      </symbol>
      <symbol id="sm-c48">
         <name>I2CMasterBusBusy</name>
         <value>0x20012073</value>
         <object_component_ref idref="oc-8e6"/>
      </symbol>
      <symbol id="sm-c49">
         <name>I2CMasterIntDisableEx</name>
         <value>0x2001208b</value>
         <object_component_ref idref="oc-6f1"/>
      </symbol>
      <symbol id="sm-c4a">
         <name>I2CMasterBurstLengthSet</name>
         <value>0x2001220d</value>
         <object_component_ref idref="oc-8c1"/>
      </symbol>
      <symbol id="sm-c4b">
         <name>I2CMasterIntClearEx</name>
         <value>0x20012343</value>
         <object_component_ref idref="oc-6e5"/>
      </symbol>
      <symbol id="sm-c4c">
         <name>I2CMasterSlaveAddrSet</name>
         <value>0x20011e99</value>
         <object_component_ref idref="oc-8b5"/>
      </symbol>
      <symbol id="sm-c4d">
         <name>I2CMasterIntEnableEx</name>
         <value>0x200120a3</value>
         <object_component_ref idref="oc-8c7"/>
      </symbol>
      <symbol id="sm-c4e">
         <name>I2CFIFOStatus</name>
         <value>0x2001241d</value>
         <object_component_ref idref="oc-709"/>
      </symbol>
      <symbol id="sm-c4f">
         <name>I2CMasterIntStatusEx</name>
         <value>0x20011f3d</value>
         <object_component_ref idref="oc-6df"/>
      </symbol>
      <symbol id="sm-c50">
         <name>I2CFIFODataGetNonBlocking</name>
         <value>0x20011d71</value>
         <object_component_ref idref="oc-8ad"/>
      </symbol>
      <symbol id="sm-c95">
         <name>IntVTableBaseSet</name>
         <value>0x200122cd</value>
         <object_component_ref idref="oc-af"/>
      </symbol>
      <symbol id="sm-c96">
         <name>IntEnable</name>
         <value>0x2000f811</value>
         <object_component_ref idref="oc-b5"/>
      </symbol>
      <symbol id="sm-c97">
         <name>IntMasterDisable</name>
         <value>0x20012549</value>
         <object_component_ref idref="oc-53"/>
      </symbol>
      <symbol id="sm-c98">
         <name>IntPendSet</name>
         <value>0x2000fec9</value>
         <object_component_ref idref="oc-97f"/>
      </symbol>
      <symbol id="sm-cd2">
         <name>PinModeGet</name>
         <value>0x20011a61</value>
         <object_component_ref idref="oc-2c0"/>
      </symbol>
      <symbol id="sm-cd3">
         <name>PinConfigSet</name>
         <value>0x2000ff51</value>
         <object_component_ref idref="oc-36c"/>
      </symbol>
      <symbol id="sm-cd4">
         <name>PinModeSet</name>
         <value>0x20011515</value>
         <object_component_ref idref="oc-2c6"/>
      </symbol>
      <symbol id="sm-cd5">
         <name>PinToPadGet</name>
         <value>0x20011fb5</value>
         <object_component_ref idref="oc-94d"/>
      </symbol>
      <symbol id="sm-d9e">
         <name>PRCMLPDSRestoreInfoSet</name>
         <value>0x200112b5</value>
         <object_component_ref idref="oc-961"/>
      </symbol>
      <symbol id="sm-d9f">
         <name>PRCMPeripheralReset</name>
         <value>0x20010ac9</value>
         <object_component_ref idref="oc-2b4"/>
      </symbol>
      <symbol id="sm-da0">
         <name>PRCMLPDSEnter</name>
         <value>0x200110c5</value>
         <object_component_ref idref="oc-808"/>
      </symbol>
      <symbol id="sm-da1">
         <name>PRCMPeripheralClkEnable</name>
         <value>0x2001110d</value>
         <object_component_ref idref="oc-2ae"/>
      </symbol>
      <symbol id="sm-da2">
         <name>PRCMLPDSEnterKeepDebugIf</name>
         <value>0x20011805</value>
         <object_component_ref idref="oc-80e"/>
      </symbol>
      <symbol id="sm-da3">
         <name>PRCMCC3200MCUInit</name>
         <value>0x2000ca91</value>
         <object_component_ref idref="oc-1d3"/>
      </symbol>
      <symbol id="sm-da4">
         <name>PRCMHIBRegWrite</name>
         <value>0x20012239</value>
         <object_component_ref idref="oc-2a2"/>
      </symbol>
      <symbol id="sm-da5">
         <name>PRCMSysResetCauseGet</name>
         <value>0x2001089d</value>
         <object_component_ref idref="oc-29b"/>
      </symbol>
      <symbol id="sm-da6">
         <name>PRCMPeripheralClkDisable</name>
         <value>0x20011cf9</value>
         <object_component_ref idref="oc-2ba"/>
      </symbol>
      <symbol id="sm-da7">
         <name>PRCMHIBRegRead</name>
         <value>0x20012223</value>
         <object_component_ref idref="oc-2a8"/>
      </symbol>
      <symbol id="sm-def">
         <name>TimerLoadSet</name>
         <value>0x20011c7b</value>
         <object_component_ref idref="oc-684"/>
      </symbol>
      <symbol id="sm-df0">
         <name>TimerDisable</name>
         <value>0x20011f79</value>
         <object_component_ref idref="oc-678"/>
      </symbol>
      <symbol id="sm-df1">
         <name>TimerEnable</name>
         <value>0x20011f97</value>
         <object_component_ref idref="oc-6b1"/>
      </symbol>
      <symbol id="sm-df2">
         <name>TimerIntDisable</name>
         <value>0x2001211d</value>
         <object_component_ref idref="oc-98b"/>
      </symbol>
      <symbol id="sm-df3">
         <name>TimerPrescaleSet</name>
         <value>0x20011ca5</value>
         <object_component_ref idref="oc-67e"/>
      </symbol>
      <symbol id="sm-df4">
         <name>TimerControlStall</name>
         <value>0x20011955</value>
         <object_component_ref idref="oc-68a"/>
      </symbol>
      <symbol id="sm-df5">
         <name>TimerIntEnable</name>
         <value>0x20012135</value>
         <object_component_ref idref="oc-6a5"/>
      </symbol>
      <symbol id="sm-df6">
         <name>TimerIntClear</name>
         <value>0x20012367</value>
         <object_component_ref idref="oc-69c"/>
      </symbol>
      <symbol id="sm-e0a">
         <name>UARTBusy</name>
         <value>0x2001214d</value>
         <object_component_ref idref="oc-9ff"/>
      </symbol>
      <symbol id="sm-e0b">
         <name>UARTIntEnable</name>
         <value>0x20012165</value>
         <object_component_ref idref="oc-a8a"/>
      </symbol>
      <symbol id="sm-e0f">
         <name>UtilsDelay</name>
         <value>0x20012591</value>
         <object_component_ref idref="oc-2a1"/>
      </symbol>
      <symbol id="sm-e1f">
         <name>FlashDisable</name>
         <value>0x2001107d</value>
         <object_component_ref idref="oc-977"/>
      </symbol>
      <symbol id="sm-e4e">
         <name>snprintf</name>
         <value>0x20011031</value>
         <object_component_ref idref="oc-229"/>
      </symbol>
      <symbol id="sm-e58">
         <name>__aeabi_fmul</name>
         <value>0x20010363</value>
         <object_component_ref idref="oc-53f"/>
      </symbol>
      <symbol id="sm-e62">
         <name>__aeabi_f2iz</name>
         <value>0x200118e5</value>
         <object_component_ref idref="oc-544"/>
      </symbol>
      <symbol id="sm-e6d">
         <name>__aeabi_i2f</name>
         <value>0x2001191d</value>
         <object_component_ref idref="oc-53a"/>
      </symbol>
      <symbol id="sm-e76">
         <name>__aeabi_lmul</name>
         <value>0x200121dd</value>
         <object_component_ref idref="oc-5ef"/>
      </symbol>
      <symbol id="sm-e91">
         <name>memcpy</name>
         <value>0x2000fbe1</value>
         <object_component_ref idref="oc-3b"/>
      </symbol>
      <symbol id="sm-e92">
         <name>__aeabi_memcpy</name>
         <value>0x2000fbe1</value>
         <object_component_ref idref="oc-3b"/>
      </symbol>
      <symbol id="sm-e93">
         <name>__aeabi_memcpy8</name>
         <value>0x2000fbe1</value>
         <object_component_ref idref="oc-3b"/>
      </symbol>
      <symbol id="sm-e94">
         <name>__aeabi_memcpy4</name>
         <value>0x2000fbe1</value>
         <object_component_ref idref="oc-3b"/>
      </symbol>
      <symbol id="sm-ea1">
         <name>__aeabi_uldivmod</name>
         <value>0x2000fd15</value>
         <object_component_ref idref="oc-5e4"/>
      </symbol>
      <symbol id="sm-eb3">
         <name>__TI_zero_init</name>
         <value>0x20012511</value>
         <object_component_ref idref="oc-4d"/>
      </symbol>
      <symbol id="sm-eca">
         <name>__TI_decompress_none</name>
         <value>0x200124df</value>
         <object_component_ref idref="oc-1a"/>
      </symbol>
      <symbol id="sm-eed">
         <name>__TI_decompress_lzss</name>
         <value>0x20010705</value>
         <object_component_ref idref="oc-14"/>
      </symbol>
      <symbol id="sm-f76">
         <name>_sys_memory</name>
         <value>0x20004040</value>
         <object_component_ref idref="oc-2a"/>
      </symbol>
      <symbol id="sm-f77">
         <name>free</name>
         <value>0x2000ee79</value>
         <object_component_ref idref="oc-430"/>
      </symbol>
      <symbol id="sm-f78">
         <name>memalign</name>
         <value>0x2000ea8d</value>
         <object_component_ref idref="oc-743"/>
      </symbol>
      <symbol id="sm-f79">
         <name>malloc</name>
         <value>0x2001256d</value>
         <object_component_ref idref="oc-51b"/>
      </symbol>
      <symbol id="sm-f7a">
         <name>aligned_alloc</name>
         <value>0x2000ea8d</value>
         <object_component_ref idref="oc-743"/>
      </symbol>
      <symbol id="sm-f8c">
         <name>__stack</name>
         <value>0x20003000</value>
         <object_component_ref idref="oc-2d"/>
      </symbol>
      <symbol id="sm-f8d">
         <name>_c_int00_noargs</name>
         <value>0x20011e75</value>
         <object_component_ref idref="oc-c5"/>
      </symbol>
      <symbol id="sm-10f2">
         <name>__TI_printfi</name>
         <value>0x2000c041</value>
         <object_component_ref idref="oc-3b0"/>
      </symbol>
      <symbol id="sm-10fc">
         <name>__aeabi_idiv0</name>
         <value>0x20011803</value>
         <object_component_ref idref="oc-7d9"/>
      </symbol>
      <symbol id="sm-10fd">
         <name>__aeabi_ldiv0</name>
         <value>0x20011803</value>
         <object_component_ref idref="oc-7d9"/>
      </symbol>
      <symbol id="sm-1114">
         <name>__aeabi_dsub</name>
         <value>0x2000d9ad</value>
         <object_component_ref idref="oc-775"/>
      </symbol>
      <symbol id="sm-1115">
         <name>__aeabi_dadd</name>
         <value>0x2000d9b7</value>
         <object_component_ref idref="oc-775"/>
      </symbol>
      <symbol id="sm-1137">
         <name>__aeabi_cdcmpeq</name>
         <value>0x2000ffd9</value>
         <object_component_ref idref="oc-55c"/>
      </symbol>
      <symbol id="sm-1138">
         <name>__aeabi_cdcmple</name>
         <value>0x2000ffd9</value>
         <object_component_ref idref="oc-55c"/>
      </symbol>
      <symbol id="sm-1139">
         <name>__aeabi_cdrcmple</name>
         <value>0x2001005f</value>
         <object_component_ref idref="oc-760"/>
      </symbol>
      <symbol id="sm-114d">
         <name>__aeabi_ddiv</name>
         <value>0x2000e4d5</value>
         <object_component_ref idref="oc-75b"/>
      </symbol>
      <symbol id="sm-1158">
         <name>__aeabi_dmul</name>
         <value>0x2000ec89</value>
         <object_component_ref idref="oc-756"/>
      </symbol>
      <symbol id="sm-1162">
         <name>__aeabi_d2iz</name>
         <value>0x2001119d</value>
         <object_component_ref idref="oc-765"/>
      </symbol>
      <symbol id="sm-116c">
         <name>__aeabi_i2d</name>
         <value>0x20011bf5</value>
         <object_component_ref idref="oc-770"/>
      </symbol>
      <symbol id="sm-117b">
         <name>__aeabi_memset</name>
         <value>0x200103df</value>
         <object_component_ref idref="oc-9d"/>
      </symbol>
      <symbol id="sm-117c">
         <name>memset</name>
         <value>0x200103e5</value>
         <object_component_ref idref="oc-9d"/>
      </symbol>
      <symbol id="sm-117d">
         <name>__aeabi_memset8</name>
         <value>0x200103df</value>
         <object_component_ref idref="oc-9d"/>
      </symbol>
      <symbol id="sm-117e">
         <name>__aeabi_memset4</name>
         <value>0x200103df</value>
         <object_component_ref idref="oc-9d"/>
      </symbol>
      <symbol id="sm-117f">
         <name>__aeabi_memclr8</name>
         <value>0x200103dd</value>
         <object_component_ref idref="oc-9d"/>
      </symbol>
      <symbol id="sm-1180">
         <name>__aeabi_memclr4</name>
         <value>0x200103dd</value>
         <object_component_ref idref="oc-9d"/>
      </symbol>
      <symbol id="sm-1181">
         <name>__aeabi_memclr</name>
         <value>0x200103dd</value>
         <object_component_ref idref="oc-9d"/>
      </symbol>
      <symbol id="sm-11a9">
         <name>__TI_auto_init_nobinit_nopinit</name>
         <value>0x2001144d</value>
         <object_component_ref idref="oc-172"/>
      </symbol>
      <symbol id="sm-11b3">
         <name>_system_pre_init</name>
         <value>0x200125a3</value>
         <object_component_ref idref="oc-114"/>
      </symbol>
      <symbol id="sm-11bf">
         <name>C$$EXIT</name>
         <value>0x200125a7</value>
         <object_component_ref idref="oc-166"/>
      </symbol>
      <symbol id="sm-11c0">
         <name>abort</name>
         <value>0x200125a7</value>
         <object_component_ref idref="oc-166"/>
      </symbol>
      <symbol id="sm-11d5">
         <name>_nop</name>
         <value>0x20010457</value>
         <object_component_ref idref="oc-3db"/>
      </symbol>
      <symbol id="sm-11d6">
         <name>_lock</name>
         <value>0x20012b50</value>
         <object_component_ref idref="oc-24e"/>
      </symbol>
      <symbol id="sm-11d7">
         <name>_unlock</name>
         <value>0x20012b54</value>
         <object_component_ref idref="oc-24e"/>
      </symbol>
      <symbol id="sm-11e6">
         <name>__TI_ltoa</name>
         <value>0x20010bcf</value>
         <object_component_ref idref="oc-76a"/>
      </symbol>
      <symbol id="sm-11fd">
         <name>atoi</name>
         <value>0x20010f99</value>
         <object_component_ref idref="oc-550"/>
      </symbol>
      <symbol id="sm-1208">
         <name>_ctypes_</name>
         <value>0x20012b7c</value>
         <object_component_ref idref="oc-74f"/>
      </symbol>
      <symbol id="sm-1218">
         <name>memccpy</name>
         <value>0x20012009</value>
         <object_component_ref idref="oc-579"/>
      </symbol>
      <symbol id="sm-1228">
         <name>strchr</name>
         <value>0x20012265</value>
         <object_component_ref idref="oc-7a1"/>
      </symbol>
      <symbol id="sm-1236">
         <name>strlen</name>
         <value>0x2001231d</value>
         <object_component_ref idref="oc-54a"/>
      </symbol>
      <symbol id="sm-124c">
         <name>__aeabi_errno_addr</name>
         <value>0x20012565</value>
         <object_component_ref idref="oc-585"/>
      </symbol>
      <symbol id="sm-124d">
         <name>errno</name>
         <value>0x20012b78</value>
         <object_component_ref idref="oc-7b1"/>
      </symbol>
      <symbol id="sm-1266">
         <name>wcslen</name>
         <value>0x2001238b</value>
         <object_component_ref idref="oc-57f"/>
      </symbol>
      <symbol id="sm-1286">
         <name>frexpl</name>
         <value>0x200109b9</value>
         <object_component_ref idref="oc-795"/>
      </symbol>
      <symbol id="sm-1287">
         <name>frexp</name>
         <value>0x200109b9</value>
         <object_component_ref idref="oc-795"/>
      </symbol>
      <symbol id="sm-12a5">
         <name>scalbn</name>
         <value>0x2000ef5d</value>
         <object_component_ref idref="oc-79b"/>
      </symbol>
      <symbol id="sm-12a6">
         <name>scalbnl</name>
         <value>0x2000ef5d</value>
         <object_component_ref idref="oc-79b"/>
      </symbol>
      <symbol id="sm-12a7">
         <name>ldexpl</name>
         <value>0x2000ef5d</value>
         <object_component_ref idref="oc-79b"/>
      </symbol>
      <symbol id="sm-12a8">
         <name>ldexp</name>
         <value>0x2000ef5d</value>
         <object_component_ref idref="oc-79b"/>
      </symbol>
      <symbol id="sm-12b2">
         <name>copysign</name>
         <value>0x20012505</value>
         <object_component_ref idref="oc-917"/>
      </symbol>
      <symbol id="sm-12b3">
         <name>copysignl</name>
         <value>0x20012505</value>
         <object_component_ref idref="oc-917"/>
      </symbol>
      <symbol id="sm-12b4">
         <name>__TI_static_base__</name>
         <value>0x200134a8</value>
      </symbol>
      <symbol id="sm-12b7">
         <name>ITM_flush</name>
         <value>0x0</value>
      </symbol>
      <symbol id="sm-12b8">
         <name>ITM_restore</name>
         <value>0x0</value>
      </symbol>
      <symbol id="sm-12b9">
         <name>__mpu_init</name>
         <value>0x0</value>
      </symbol>
      <symbol id="sm-12ba">
         <name>_system_post_cinit</name>
         <value>0x0</value>
      </symbol>
      <symbol id="sm-12bb">
         <name>NoRTOS_start</name>
         <value>0x200124a7</value>
      </symbol>
   </symbol_table>
   <title>Link successful</title>
</link_info>
