******************************************************************************
                  TI ARM Linker PC v20.2.7                     
******************************************************************************
>> Linked Sun Aug 20 22:56:59 2023

OUTPUT FILE NAME:   <gpiointerrupt_CC3220S_LAUNCHXL_nortos_ccs.out>
ENTRY POINT SYMBOL: "resetISR"  address: 20012059


MEMORY CONFIGURATION

         name            origin    length      used     unused   attr    fill
----------------------  --------  ---------  --------  --------  ----  --------
  SRAM2                 20000000   00004000  0000130c  00002cf4  RW X
  SRAM                  20004000   0003c000  0000f598  0002ca68  RW X
  LOG_DATA              90000000   00040000  00000000  00040000  R   


SEGMENT ALLOCATION MAP

run origin  load origin   length   init length attrs members
----------  ----------- ---------- ----------- ----- -------
20003000    20003000    00001000   00000000    rw-
  20003000    20003000    00001000   00000000    rw- .stack
20004000    20004000    00000040   00000040    r--
  20004000    20004000    00000040   00000040    r-- .resetVecs
20004040    20004040    00008000   00000000    rw-
  20004040    20004040    00008000   00000000    rw- .sysmem
2000c040    2000c040    0000656a   0000656a    r-x
  2000c040    2000c040    0000656a   0000656a    r-x .text
200125ac    200125ac    000005d0   00000000    rw-
  200125ac    200125ac    000005d0   00000000    rw- .data
20012b7c    20012b7c    00000502   00000502    r--
  20012b7c    20012b7c    00000502   00000502    r-- .const
20013080    20013080    00000424   00000000    rw-
  20013080    20013080    00000424   00000000    rw- .bss
200134a8    200134a8    000000f8   000000f8    r--
  200134a8    200134a8    000000f8   000000f8    r-- .cinit


SECTION ALLOCATION MAP

 output                                  attributes/
section   page    origin      length       input sections
--------  ----  ----------  ----------   ----------------
.text      0    2000c040    0000656a     
                  2000c040    00000a4e     rtsv7M4_T_le_eabi.lib : _printfi.c.obj (.text:__TI_printfi)
                  2000ca8e    00000002     ti_drivers_config.obj (.text:Board_initHook)
                  2000ca90    0000042c     driverlib.a : prcm.obj (.text:PRCMCC3200MCUInit)
                  2000cebc    00000288     drivers_cc32xx.a : UARTCC32XX.oem4 (.text:UARTCC32XX_open)
                  2000d144    00000268     rtsv7M4_T_le_eabi.lib : _printfi.c.obj (.text:_pconv_a)
                  2000d3ac    00000250     gpiointerrupt.obj (.text:initI2C)
                  2000d5fc    000001e4     drivers_cc32xx.a : GPIOCC32XX.oem4 (.text:GPIO_setConfig)
                  2000d7e0    000001cc     rtsv7M4_T_le_eabi.lib : _printfi.c.obj (.text:_pconv_g)
                  2000d9ac    000001b6                           : fd_add_t2.asm.obj (.text)
                  2000db62    00000002     drivers_cc32xx.a : I2C.oem4 (.text:I2C_init)
                  2000db64    0000019c     nortos_cc32xx.a : PowerCC32XX_nortos.oem4 (.text:PowerCC32XX_sleepPolicy)
                  2000dd00    00000198     gpiointerrupt.obj (.text:mainThread)
                  2000de98    00000148     drivers_cc32xx.a : I2CCC32XX.oem4 (.text:I2CCC32XX_hwiFxn)
                  2000dfe0    00000148                      : PowerCC32XX.oem4 (.text:parkPins)
                  2000e128    0000013c     rtsv7M4_T_le_eabi.lib : _printfi.c.obj (.text:_pconv_e)
                  2000e264    00000138     drivers_cc32xx.a : PowerCC32XX.oem4 (.text:Power_sleep)
                  2000e39c    00000138                      : TimerCC32XX.oem4 (.text:Timer_open)
                  2000e4d4    00000136     rtsv7M4_T_le_eabi.lib : fd_div_t2.asm.obj (.text)
                  2000e60a    00000122     drivers_cc32xx.a : I2C.oem4 (.text:I2C_transferTimeout)
                  2000e72c    00000120                      : UARTCC32XX.oem4 (.text:UARTCC32XX_close)
                  2000e84c    00000120     rtsv7M4_T_le_eabi.lib : _printfi.c.obj (.text:fcvt)
                  2000e96c    00000120     gpiointerrupt.obj (.text:readTempSensor)
                  2000ea8c    00000100     rtsv7M4_T_le_eabi.lib : memory.c.obj (.text:aligned_alloc)
                  2000eb8c    000000fc     drivers_cc32xx.a : I2CCC32XX.oem4 (.text:I2C_open)
                  2000ec88    000000fc     rtsv7M4_T_le_eabi.lib : fd_mul_t2.asm.obj (.text)
                  2000ed84    000000f2     drivers_cc32xx.a : UARTCC32XX.oem4 (.text:UARTCC32XX_control)
                  2000ee76    00000002     nortos_cc32xx.a : PowerCC32XX_nortos.oem4 (.text:PowerCC32XX_initPolicy)
                  2000ee78    000000e4     rtsv7M4_T_le_eabi.lib : memory.c.obj (.text:free)
                  2000ef5c    000000d0                           : s_scalbn.c.obj (.text:scalbn)
                  2000f02c    000000ca     drivers_cc32xx.a : UARTCC32XX.oem4 (.text:UARTCC32XX_write)
                  2000f0f6    00000002     nortos_cc32xx.a : SemaphoreP_nortos.oem4 (.text:SemaphoreP_destruct)
                  2000f0f8    000000c4     drivers_cc32xx.a : GPIOCC32XX.oem4 (.text:GPIO_init)
                  2000f1bc    000000c0                      : PowerCC32XX.oem4 (.text:restoreParkedPins)
                  2000f27c    000000ba                      : UARTCC32XX.oem4 (.text:UARTCC32XX_readPolling)
                  2000f336    00000002                      : Timer.oem4 (.text:Timer_init)
                  2000f338    000000b8                      : UARTCC32XX.oem4 (.text:initHw)
                  2000f3f0    000000b6                      : UARTCC32XX.oem4 (.text:readTaskCallback)
                  2000f4a6    000000b2                      : I2CCC32XX.oem4 (.text:I2CCC32XX_completeTransfer)
                  2000f558    000000b1     rtsv7M4_T_le_eabi.lib : _printfi.c.obj (.text:_ltostr)
                  2000f609    00000001     --HOLE-- [fill = 0]
                  2000f60a    000000b0     drivers_cc32xx.a : UARTCC32XX.oem4 (.text:readTaskBlocking)
                  2000f6ba    000000ae                      : UARTCC32XX.oem4 (.text:readIsrTextBlocking)
                  2000f768    000000a8                      : I2CCC32XX.oem4 (.text:I2CCC32XX_primeWriteBurst)
                  2000f810    000000a8     driverlib.a : interrupt.obj (.text:IntEnable)
                  2000f8b8    000000a8     drivers_cc32xx.a : PowerCC32XX.oem4 (.text:PowerCC32XX_configureWakeup)
                  2000f960    000000a2                      : UARTCC32XX.oem4 (.text:readIsrTextCallback)
                  2000fa02    000000a2                      : UARTCC32XX.oem4 (.text:writeData)
                  2000faa4    000000a0     nortos_cc32xx.a : SemaphoreP_nortos.oem4 (.text:SemaphoreP_pend)
                  2000fb44    0000009c     drivers_cc32xx.a : I2CCC32XX.oem4 (.text:I2CCC32XX_initHw)
                  2000fbe0    0000009c     rtsv7M4_T_le_eabi.lib : memcpy_t2.asm.obj (.text)
                  2000fc7c    00000098     drivers_cc32xx.a : GPIOCC32XX.oem4 (.text:powerNotifyFxn)
                  2000fd14    00000096     rtsv7M4_T_le_eabi.lib : ull_div_t2.asm.obj (.text)
                  2000fdaa    00000002     drivers_cc32xx.a : UARTCC32XX.oem4 (.text:UARTCC32XX_init)
                  2000fdac    00000090                      : PowerCC32XX.oem4 (.text:restoreNVICRegs)
                  2000fe3c    0000008c     nortos_cc32xx.a : HwiPCC32XX_nortos.oem4 (.text:HwiP_construct)
                  2000fec8    00000088     driverlib.a : interrupt.obj (.text:IntPendSet)
                  2000ff50    00000088                 : pin.obj (.text:PinConfigSet)
                  2000ffd8    00000086     rtsv7M4_T_le_eabi.lib : fd_cmp_t2.asm.obj (.text:__aeabi_cdcmple)
                  2001005e    00000086                           : fd_cmp_t2.asm.obj (.text:__aeabi_cdrcmple)
                  200100e4    00000084     drivers_cc32xx.a : PowerCC32XX.oem4 (.text:Power_init)
                  20010168    00000084                      : PowerCC32XX.oem4 (.text:saveNVICRegs)
                  200101ec    00000080                      : PowerCC32XX.oem4 (.text:Power_setDependency)
                  2001026c    0000007c                      : UARTCC32XX.oem4 (.text:readIsrBinaryBlocking)
                  200102e8    0000007a                      : I2CCC32XX.oem4 (.text:I2CCC32XX_primeReadBurst)
                  20010362    0000007a     rtsv7M4_T_le_eabi.lib : fs_mul_t2.asm.obj (.text)
                  200103dc    0000007a                           : memset_t2.asm.obj (.text)
                  20010456    00000002                           : _lock.c.obj (.text:_nop)
                  20010458    00000078     drivers_cc32xx.a : GPIOCC32XX.oem4 (.text:GPIO_hwiIntFxn)
                  200104d0    00000078                      : UARTCC32XX.oem4 (.text:readIsrBinaryCallback)
                  20010548    00000074                      : UARTCC32XX.oem4 (.text:UARTCC32XX_hwiIntFxn)
                  200105bc    00000070     rtsv7M4_T_le_eabi.lib : memory.c.obj (.text:split)
                  2001062c    0000006e                           : _printfi.c.obj (.text:_mcpy)
                  2001069a    0000006a     drivers_cc32xx.a : I2CCC32XX.oem4 (.text:I2CSupport_primeTransfer)
                  20010704    00000068     rtsv7M4_T_le_eabi.lib : copy_decompress_lzss.c.obj (.text:decompress:lzss:__TI_decompress_lzss)
                  2001076c    00000066     drivers_cc32xx.a : UARTCC32XX.oem4 (.text:UARTCC32XX_writeCancel)
                  200107d2    00000002     nortos_cc32xx.a : startup_cc32xx_ccs.oem4 (.text:busFaultHandler)
                  200107d4    00000064     drivers_cc32xx.a : PowerCC32XX.oem4 (.text:PowerCC32XX_setParkState)
                  20010838    00000062                      : UARTCC32XX.oem4 (.text:UARTCC32XX_writePolling)
                  2001089a    00000002     nortos_cc32xx.a : SemaphoreP_nortos.oem4 (.text:clkFxn)
                  2001089c    00000060     driverlib.a : prcm.obj (.text:PRCMSysResetCauseGet)
                  200108fc    00000060     gpiointerrupt.obj (.text:Read_Temp)
                  2001095c    0000005c     drivers_cc32xx.a : GPIOCC32XX.oem4 (.text:GPIO_setCallback)
                  200109b8    0000005c     rtsv7M4_T_le_eabi.lib : s_frexp.c.obj (.text:frexp)
                  20010a14    0000005c     nortos_cc32xx.a : ClockPSysTick_nortos.oem4 (.text:sysTickInit)
                  20010a70    00000058     drivers_cc32xx.a : GPIOCC32XX.oem4 (.text:GPIO_write)
                  20010ac8    00000058     driverlib.a : prcm.obj (.text:PRCMPeripheralReset)
                  20010b20    00000058     drivers_cc32xx.a : PowerCC32XX.oem4 (.text:Power_releaseDependency)
                  20010b78    00000056     rtsv7M4_T_le_eabi.lib : _printfi.c.obj (.text:_pconv_f)
                  20010bce    00000054                           : _ltoa.c.obj (.text:__TI_ltoa)
                  20010c22    00000002     nortos_cc32xx.a : startup_cc32xx_ccs.oem4 (.text:defaultHandler)
                  20010c24    00000054     gpiointerrupt.obj (.text:initTimer)
                  20010c78    00000054     drivers_cc32xx.a : UARTCC32XX.oem4 (.text:ringBufGet)
                  20010ccc    00000052                      : PowerCC32XX_asm.oem4 (.text:PowerCC32XX_resumeLPDS)
                  20010d1e    00000052     rtsv7M4_T_le_eabi.lib : _printfi.c.obj (.text:_ecpy)
                  20010d70    00000052     drivers_cc32xx.a : TimerCC32XX.oem4 (.text:initHw)
                  20010dc2    00000002     nortos_cc32xx.a : startup_cc32xx_ccs.oem4 (.text:faultISR)
                  20010dc4    00000050                     : ClockPSysTick_nortos.oem4 (.text:ClockP_sysTickHandler)
                  20010e14    00000050                     : SemaphoreP_nortos.oem4 (.text:SemaphoreP_construct)
                  20010e64    00000050     drivers_cc32xx.a : TimerCC32XX.oem4 (.text:TimerCC32XX_allocateTimerResource)
                  20010eb4    0000004c                      : GPIOCC32XX.oem4 (.text:GPIO_enableInt)
                  20010f00    0000004c                      : I2CCC32XX.oem4 (.text:I2CCC32XX_readRecieveFifo)
                  20010f4c    0000004c                      : PowerCC32XX.oem4 (.text:PowerCC32XX_parkPin)
                  20010f98    0000004c     rtsv7M4_T_le_eabi.lib : atoi.c.obj (.text:atoi)
                  20010fe4    0000004c     drivers_cc32xx.a : PowerCC32XX.oem4 (.text:restorePeriphClocks)
                  20011030    0000004c     rtsv7M4_T_le_eabi.lib : snprintf.c.obj (.text:snprintf)
                  2001107c    00000048     driverlib.a : flash.obj (.text:FlashDisable)
                  200110c4    00000048                 : prcm.obj (.text:PRCMLPDSEnter)
                  2001110c    00000048                 : prcm.obj (.text:PRCMPeripheralClkEnable)
                  20011154    00000048     drivers_cc32xx.a : PowerCC32XX.oem4 (.text:Power_releaseConstraint)
                  2001119c    00000048     rtsv7M4_T_le_eabi.lib : fd_toi_t2.asm.obj (.text)
                  200111e4    00000046     drivers_cc32xx.a : RingBuf.oem4 (.text:RingBuf_put)
                  2001122a    00000046                      : TimerCC32XX.oem4 (.text:getPrescaler)
                  20011270    00000044     nortos_cc32xx.a : ClockPSysTick_nortos.oem4 (.text:ClockP_stop)
                  200112b4    00000044     driverlib.a : prcm.obj (.text:PRCMLPDSRestoreInfoSet)
                  200112f8    00000044     drivers_cc32xx.a : PowerCC32XX_asm.oem4 (.text:PowerCC32XX_enterLPDS)
                  2001133c    00000044     nortos_cc32xx.a : SemaphoreP_nortos.oem4 (.text:SemaphoreP_post)
                  20011380    00000044                     : SwiP_nortos.oem4 (.text:SwiP_restore)
                  200113c4    00000044     drivers_cc32xx.a : Timer.oem4 (.text:Timer_start)
                  20011408    00000044                      : UART.oem4 (.text:UART_init)
                  2001144c    00000044     rtsv7M4_T_le_eabi.lib : autoinit.c.obj (.text:__TI_auto_init_nobinit_nopinit:__TI_auto_init_nobinit_nopinit)
                  20011490    00000044     gpiointerrupt.obj (.text:initUART)
                  200114d4    00000040     nortos_cc32xx.a : ClockPSysTick_nortos.oem4 (.text:ClockP_construct)
                  20011514    00000040     driverlib.a : pin.obj (.text:PinModeSet)
                  20011554    00000040     gpiointerrupt.obj (.text:Read_LED)
                  20011594    00000040     drivers_cc32xx.a : RingBuf.oem4 (.text:RingBuf_get)
                  200115d4    00000040                      : TimerCC32XX.oem4 (.text:TimerSupport_timerEnable)
                  20011614    00000040                      : TimerCC32XX.oem4 (.text:Timer_close)
                  20011654    00000040                      : UARTCC32XX.oem4 (.text:UARTCC32XX_read)
                  20011694    00000040                      : UART.oem4 (.text:UART_open)
                  200116d4    0000003e     rtsv7M4_T_le_eabi.lib : _printfi.c.obj (.text:_fcpy)
                  20011712    00000002     nortos_cc32xx.a : startup_cc32xx_ccs.oem4 (.text:nmiISR)
                  20011714    0000003c                     : ClockPSysTick_nortos.oem4 (.text:ClockP_destruct)
                  20011750    0000003c     drivers_cc32xx.a : PowerCC32XX.oem4 (.text:Power_setConstraint)
                  2001178c    0000003c     gpiointerrupt.obj (.text:Read_Button)
                  200117c8    0000003a     nortos_cc32xx.a : PowerCC32XX_nortos.oem4 (.text:getCountsRTC)
                  20011802    00000002     rtsv7M4_T_le_eabi.lib : div0.asm.obj (.text)
                  20011804    00000038     driverlib.a : prcm.obj (.text:PRCMLPDSEnterKeepDebugIf)
                  2001183c    00000038     nortos_cc32xx.a : ClockPSysTick_nortos.oem4 (.text:addToList)
                  20011874    00000038                     : startup_cc32xx_ccs.oem4 (.text:initVectors)
                  200118ac    00000038     drivers_cc32xx.a : PowerCC32XX.oem4 (.text:notify)
                  200118e4    00000038     rtsv7M4_T_le_eabi.lib : fs_toi_t2.asm.obj (.text)
                  2001191c    00000038                           : i_tofs_t2.asm.obj (.text)
                  20011954    00000036     driverlib.a : timer.obj (.text:TimerControlStall)
                  2001198a    00000036     drivers_cc32xx.a : Timer.oem4 (.text:Timer_stop)
                  200119c0    00000036                      : UARTCC32XX.oem4 (.text:UARTCC32XX_readCancel)
                  200119f6    00000002     --HOLE-- [fill = 0]
                  200119f8    00000034     nortos_cc32xx.a : ClockPSysTick_nortos.oem4 (.text:ClockP_getTicksUntilInterrupt)
                  20011a2c    00000034                     : ClockPSysTick_nortos.oem4 (.text:ClockP_startup)
                  20011a60    00000034     driverlib.a : pin.obj (.text:PinModeGet)
                  20011a94    00000034     drivers_cc32xx.a : PowerCC32XX.oem4 (.text:PowerCC32XX_restoreParkState)
                  20011ac8    00000034                      : TimerCC32XX.oem4 (.text:TimerCC32XX_freeTimerResource)
                  20011afc    00000034                      : TimerCC32XX.oem4 (.text:TimerCC32XX_hwiIntFunction)
                  20011b30    00000034                      : TimerCC32XX.oem4 (.text:getPowerMgrId)
                  20011b64    00000030     nortos_cc32xx.a : ClockPSysTick_nortos.oem4 (.text:ClockP_start)
                  20011b94    00000030     drivers_cc32xx.a : PowerCC32XX.oem4 (.text:PowerCC32XX_restoreParkedPin)
                  20011bc4    00000030     rtsv7M4_T_le_eabi.lib : snprintf.c.obj (.text:_outs)
                  20011bf4    0000002e                           : i_tofd_t2.asm.obj (.text)
                  20011c22    00000002     --HOLE-- [fill = 0]
                  20011c24    0000002c     drivers_cc32xx.a : PowerCC32XX.oem4 (.text:PowerCC32XX_getParkState)
                  20011c50    0000002a     nortos_cc32xx.a : HwiPCC32XX_nortos.oem4 (.text:HwiP_create)
                  20011c7a    0000002a     driverlib.a : timer.obj (.text:TimerLoadSet)
                  20011ca4    0000002a                 : timer.obj (.text:TimerPrescaleSet)
                  20011cce    00000028                 : i2c.obj (.text:I2CFIFODataPutNonBlocking)
                  20011cf6    00000002     --HOLE-- [fill = 0]
                  20011cf8    00000028                 : prcm.obj (.text:PRCMPeripheralClkDisable)
                  20011d20    00000028     drivers_cc32xx.a : PowerCC32XX.oem4 (.text:Power_registerNotify)
                  20011d48    00000028     rtsv7M4_T_le_eabi.lib : memory.c.obj (.text:free_list_insert)
                  20011d70    00000026     driverlib.a : i2c.obj (.text:I2CFIFODataGetNonBlocking)
                  20011d96    00000026     drivers_cc32xx.a : I2C.oem4 (.text:I2C_cancel)
                  20011dbc    00000026                      : List.oem4 (.text:List_put)
                  20011de2    00000026                      : List.oem4 (.text:List_remove)
                  20011e08    00000024     nortos_cc32xx.a : HwiPCC32XX_nortos.oem4 (.text:HwiP_dispatch)
                  20011e2c    00000024     drivers_cc32xx.a : PowerCC32XX.oem4 (.text:PowerCC32XX_reset)
                  20011e50    00000024                      : TimerCC32XX.oem4 (.text:TimerSupport_timerDisable)
                  20011e74    00000024     rtsv7M4_T_le_eabi.lib : boot_cortex_m.c.obj (.text:_c_int00_noargs:_c_int00_noargs)
                  20011e98    00000022     driverlib.a : i2c.obj (.text:I2CMasterSlaveAddrSet)
                  20011eba    00000020     nortos_cc32xx.a : HwiPCC32XX_nortos.oem4 (.text:HwiP_destruct)
                  20011eda    00000002     --HOLE-- [fill = 0]
                  20011edc    00000020     drivers_cc32xx.a : PowerCC32XX.oem4 (.text:Power_unregisterNotify)
                  20011efc    00000020                      : RingBuf.oem4 (.text:RingBuf_peek)
                  20011f1c    00000020                      : UARTCC32XX.oem4 (.text:getPowerMgrId)
                  20011f3c    0000001e     driverlib.a : i2c.obj (.text:I2CMasterIntStatusEx)
                  20011f5a    0000001e     nortos_cc32xx.a : SemaphoreP_nortos.oem4 (.text:SemaphoreP_constructBinary)
                  20011f78    0000001e     driverlib.a : timer.obj (.text:TimerDisable)
                  20011f96    0000001e                 : timer.obj (.text:TimerEnable)
                  20011fb4    0000001c                 : pin.obj (.text:PinToPadGet)
                  20011fd0    0000001c     nortos_cc32xx.a : SwiP_nortos.oem4 (.text:SwiP_disable)
                  20011fec    0000001c     rtsv7M4_T_le_eabi.lib : memory.c.obj (.text:free_list_remove)
                  20012008    0000001c                           : memccpy.c.obj (.text:memccpy)
                  20012024    0000001a     nortos_cc32xx.a : ClockPSysTick_nortos.oem4 (.text:ClockP_create)
                  2001203e    0000001a                     : SemaphoreP_nortos.oem4 (.text:SemaphoreP_createBinary)
                  20012058    0000001a                     : startup_cc32xx_ccs.oem4 (.text:resetISR)
                  20012072    00000018     driverlib.a : i2c.obj (.text:I2CMasterBusBusy)
                  2001208a    00000018                 : i2c.obj (.text:I2CMasterIntDisableEx)
                  200120a2    00000018                 : i2c.obj (.text:I2CMasterIntEnableEx)
                  200120ba    00000018                 : i2c.obj (.text:I2CRxFIFOFlush)
                  200120d2    00000018                 : i2c.obj (.text:I2CTxFIFOFlush)
                  200120ea    00000002     --HOLE-- [fill = 0]
                  200120ec    00000018     drivers_cc32xx.a : PowerCC32XX.oem4 (.text:Power_getTransitionLatency)
                  20012104    00000018                      : PowerCC32XX.oem4 (.text:Power_idleFunc)
                  2001211c    00000018     driverlib.a : timer.obj (.text:TimerIntDisable)
                  20012134    00000018                 : timer.obj (.text:TimerIntEnable)
                  2001214c    00000018                 : uart.obj (.text:UARTBusy)
                  20012164    00000018                 : uart.obj (.text:UARTIntEnable)
                  2001217c    00000018     drivers_cc32xx.a : UART.oem4 (.text:UART_Params_init)
                  20012194    00000018     rtsv7M4_T_le_eabi.lib : snprintf.c.obj (.text:_outc)
                  200121ac    00000018     gpiointerrupt.obj (.text:gpioButtonFxn0)
                  200121c4    00000018     gpiointerrupt.obj (.text:gpioButtonFxn1)
                  200121dc    00000018     rtsv7M4_T_le_eabi.lib : ll_mul_t2.asm.obj (.text)
                  200121f4    00000018     gpiointerrupt.obj (.text:timerCallback)
                  2001220c    00000016     driverlib.a : i2c.obj (.text:I2CMasterBurstLengthSet)
                  20012222    00000016                 : prcm.obj (.text:PRCMHIBRegRead)
                  20012238    00000016                 : prcm.obj (.text:PRCMHIBRegWrite)
                  2001224e    00000016     nortos_cc32xx.a : SemaphoreP_nortos.oem4 (.text:SemaphoreP_create)
                  20012264    00000016     rtsv7M4_T_le_eabi.lib : strchr.c.obj (.text:strchr)
                  2001227a    00000014     driverlib.a : cpu.obj (.text:CPUcpsid)
                  2001228e    00000002     --HOLE-- [fill = 0]
                  20012290    00000014     nortos_cc32xx.a : HwiPCC32XX_nortos.oem4 (.text:HwiP_inISR)
                  200122a4    00000014     drivers_cc32xx.a : I2CCC32XX.oem4 (.text:I2CSupport_masterFinish)
                  200122b8    00000014                      : I2C.oem4 (.text:I2C_transfer)
                  200122cc    00000014     driverlib.a : interrupt.obj (.text:IntVTableBaseSet)
                  200122e0    00000014     drivers_cc32xx.a : PowerCC32XX.oem4 (.text:Power_disablePolicy)
                  200122f4    00000014                      : PowerCC32XX.oem4 (.text:Power_getDependencyCount)
                  20012308    00000014                      : UARTCC32XX.oem4 (.text:releasePowerConstraint)
                  2001231c    00000014     rtsv7M4_T_le_eabi.lib : strlen.c.obj (.text:strlen)
                  20012330    00000012     nortos_cc32xx.a : HwiPCC32XX_nortos.oem4 (.text:HwiP_Params_init)
                  20012342    00000012     driverlib.a : i2c.obj (.text:I2CMasterIntClearEx)
                  20012354    00000012     drivers_cc32xx.a : RingBuf.oem4 (.text:RingBuf_construct)
                  20012366    00000012     driverlib.a : timer.obj (.text:TimerIntClear)
                  20012378    00000012     main_nortos.obj (.text:main)
                  2001238a    00000012     rtsv7M4_T_le_eabi.lib : wcslen.c.obj (.text:wcslen)
                  2001239c    00000010     ti_drivers_config.obj (.text:Board_init)
                  200123ac    00000010     nortos_cc32xx.a : ClockPSysTick_nortos.oem4 (.text:ClockP_add)
                  200123bc    00000010                     : ClockPSysTick_nortos.oem4 (.text:ClockP_delete)
                  200123cc    00000010                     : ClockPSysTick_nortos.oem4 (.text:ClockP_getCpuFreq)
                  200123dc    00000010                     : ClockPSysTick_nortos.oem4 (.text:ClockP_getSystemTicks)
                  200123ec    00000010                     : ClockPSysTick_nortos.oem4 (.text:ClockP_setTicks)
                  200123fc    00000010                     : HwiPCC32XX_nortos.oem4 (.text:HwiP_delete)
                  2001240c    00000010                     : HwiPCC32XX_nortos.oem4 (.text:HwiP_restore)
                  2001241c    00000010     driverlib.a : i2c.obj (.text:I2CFIFOStatus)
                  2001242c    00000010     drivers_cc32xx.a : I2C.oem4 (.text:I2C_Params_init)
                  2001243c    00000010                      : PowerCC32XX.oem4 (.text:Power_enablePolicy)
                  2001244c    00000010     nortos_cc32xx.a : SemaphoreP_nortos.oem4 (.text:SemaphoreP_Params_init)
                  2001245c    00000010     drivers_cc32xx.a : Timer.oem4 (.text:Timer_Params_init)
                  2001246c    00000010                      : UARTCC32XX.oem4 (.text:readBlockingTimeout)
                  2001247c    0000000e     nortos_cc32xx.a : HwiPCC32XX_nortos.oem4 (.text:HwiP_clearInterrupt)
                  2001248a    0000000e                     : HwiPCC32XX_nortos.oem4 (.text:HwiP_disable)
                  20012498    0000000e                     : HwiPCC32XX_nortos.oem4 (.text:HwiP_disableInterrupt)
                  200124a6    0000000e                     : HwiPCC32XX_nortos.oem4 (.text:HwiP_enable)
                  200124b4    0000000e                     : HwiPCC32XX_nortos.oem4 (.text:HwiP_enableInterrupt)
                  200124c2    0000000e     drivers_cc32xx.a : I2CCC32XX.oem4 (.text:I2CCC32XX_updateReg)
                  200124d0    0000000e                      : RingBuf.oem4 (.text:RingBuf_isFull)
                  200124de    0000000e     rtsv7M4_T_le_eabi.lib : copy_decompress_none.c.obj (.text:decompress:none:__TI_decompress_none)
                  200124ec    0000000c     drivers_cc32xx.a : I2CCC32XX.oem4 (.text:I2CCC32XX_postNotify)
                  200124f8    0000000c                      : PowerCC32XX.oem4 (.text:Power_getConstraintMask)
                  20012504    0000000c     rtsv7M4_T_le_eabi.lib : s_copysign.c.obj (.text:copysign)
                  20012510    0000000c                           : copy_zero_init.c.obj (.text:decompress:ZI:__TI_zero_init)
                  2001251c    0000000c     drivers_cc32xx.a : TimerCC32XX.oem4 (.text:postNotifyFxn)
                  20012528    0000000c                      : UARTCC32XX.oem4 (.text:postNotifyFxn)
                  20012534    0000000a     nortos_cc32xx.a : ClockPSysTick_nortos.oem4 (.text:ClockP_Params_init)
                  2001253e    0000000a                     : ClockPSysTick_nortos.oem4 (.text:ClockP_isActive)
                  20012548    0000000a     driverlib.a : interrupt.obj (.text:IntMasterDisable)
                  20012552    0000000a     drivers_cc32xx.a : UART.oem4 (.text:UART_write)
                  2001255c    00000008                      : I2CCC32XX.oem4 (.text:I2CCC32XX_blockingCallback)
                  20012564    00000008     rtsv7M4_T_le_eabi.lib : errno.c.obj (.text:__aeabi_errno_addr)
                  2001256c    00000008                           : memory.c.obj (.text:malloc)
                  20012574    00000008     drivers_cc32xx.a : UARTCC32XX.oem4 (.text:readSemCallback)
                  2001257c    00000008                      : UARTCC32XX.oem4 (.text:writeSemCallback)
                  20012584    00000006                      : I2CCC32XX.oem4 (.text:I2CSupport_powerRelConstraint)
                  2001258a    00000006                      : I2CCC32XX.oem4 (.text:I2CSupport_powerSetConstraint)
                  20012590    00000006     driverlib.a : utils.obj (.text:UtilsDelay)
                  20012596    00000004     nortos_cc32xx.a : ClockPSysTick_nortos.oem4 (.text:ClockP_setTimeout)
                  2001259a    00000004                     : HwiPCC32XX_nortos.oem4 (.text:HwiP_post)
                  2001259e    00000004                     : SemaphoreP_nortos.oem4 (.text:SemaphoreP_delete)
                  200125a2    00000004     rtsv7M4_T_le_eabi.lib : pre_init.c.obj (.text:_system_pre_init)
                  200125a6    00000004                           : exit.c.obj (.text:abort:abort)

.const     0    20012b7c    00000502     
                  20012b7c    00000101     rtsv7M4_T_le_eabi.lib : ctype.c.obj (.const:.string:_ctypes_)
                  20012c7d    00000003     --HOLE-- [fill = 0]
                  20012c80    00000100     driverlib.a : pin.obj (.const:g_ulPinToPadMap)
                  20012d80    000000a8                 : prcm.obj (.const:PRCM_PeriphRegsList)
                  20012e28    00000044     ti_drivers_config.obj (.const:PowerCC32XX_config)
                  20012e6c    00000028     drivers_cc32xx.a : UARTCC32XX.oem4 (.const:UARTCC32XX_fxnTable)
                  20012e94    00000024                      : UART.oem4 (.const:UART_defaultParams)
                  20012eb8    00000024     ti_drivers_config.obj (.const:uartCC32XXHWAttrs0)
                  20012edc    00000021     drivers_cc32xx.a : GPIOCC32XX.oem4 (.const:.string:pinTable)
                  20012efd    00000003     --HOLE-- [fill = 0]
                  20012f00    00000020                      : UARTCC32XX.oem4 (.const:staticFxnTable)
                  20012f20    00000018     driverlib.a : interrupt.obj (.const:g_pulEnRegs)
                  20012f38    00000018                 : interrupt.obj (.const:g_pulPendRegs)
                  20012f50    00000018     gpiointerrupt.obj (.const:sensors)
                  20012f68    00000014     ti_drivers_config.obj (.const:GPIOCC32XX_config)
                  20012f7c    00000014     drivers_cc32xx.a : GPIOCC32XX.oem4 (.const:gpioBaseAddresses)
                  20012f90    00000014     ti_drivers_config.obj (.const:i2cCC32XXHWAttrs)
                  20012fa4    00000014     drivers_cc32xx.a : UARTCC32XX.oem4 (.const:parityType)
                  20012fb8    00000014                      : GPIOCC32XX.oem4 (.const:powerResources)
                  20012fcc    00000010                      : I2C.oem4 (.const:I2C_defaultParams)
                  20012fdc    00000010                      : I2CCC32XX.oem4 (.const:I2C_defaultParams)
                  20012fec    00000010                      : UARTCC32XX.oem4 (.const:dataLength)
                  20012ffc    00000010     ti_drivers_config.obj (.const:timerCC32XXHWAttrs)
                  2001300c    0000000c     gpiointerrupt.obj (.const:.string)
                  20013018    0000000c     ti_drivers_config.obj (.const:UART_config)
                  20013024    0000000c     drivers_cc32xx.a : Timer.oem4 (.const:defaultParams)
                  20013030    0000000c                      : TimerCC32XX.oem4 (.const:defaultParams)
                  2001303c    00000009     ti_drivers_config.obj (.const)
                  20013045    00000003     --HOLE-- [fill = 0]
                  20013048    00000008     ti_drivers_config.obj (.const:I2C_config)
                  20013050    00000008     ti_drivers_config.obj (.const:Timer_config)
                  20013058    00000008     drivers_cc32xx.a : GPIOCC32XX.oem4 (.const:outPinTypes)
                  20013060    00000008                      : UARTCC32XX.oem4 (.const:stopBits)
                  20013068    00000006                      : GPIOCC32XX.oem4 (.const:.string:interruptType)
                  2001306e    00000006                      : GPIOCC32XX.oem4 (.const:inPinTypes)
                  20013074    00000006                      : GPIOCC32XX.oem4 (.const:outPinStrengths)
                  2001307a    00000004                      : GPIOCC32XX.oem4 (.const:.string:portInterruptIds)

.cinit     0    200134a8    000000f8     
                  200134a8    000000d2     (.cinit..data.load) [load image, compression = lzss]
                  2001357a    00000002     --HOLE-- [fill = 0]
                  2001357c    0000000c     (__TI_handler_table)
                  20013588    00000008     (.cinit..bss.load) [load image, compression = zero_init]
                  20013590    00000010     (__TI_cinit_table)

.init_array 
*          0    20004000    00000000     UNINITIALIZED

.ramVecs   0    20000000    0000030c     NOLOAD SECTION
                  20000000    0000030c     nortos_cc32xx.a : startup_cc32xx_ccs.oem4 (.ramVecs)

.stack     0    20003000    00001000     UNINITIALIZED
                  20003000    00000004     rtsv7M4_T_le_eabi.lib : boot_cortex_m.c.obj (.stack)
                  20003004    00000ffc     --HOLE--

.resetVecs 
*          0    20004000    00000040     
                  20004000    00000040     nortos_cc32xx.a : startup_cc32xx_ccs.oem4 (.resetVecs:retain)

.sysmem    0    20004040    00008000     UNINITIALIZED
                  20004040    00000010     rtsv7M4_T_le_eabi.lib : memory.c.obj (.sysmem)
                  20004050    00007ff0     --HOLE--

.data      0    200125ac    000005d0     UNINITIALIZED
                  200125ac    0000030c     nortos_cc32xx.a : HwiPCC32XX_nortos.oem4 (.data:HwiP_dispatchTable)
                  200128b8    0000016c     drivers_cc32xx.a : PowerCC32XX.oem4 (.data:PowerCC32XX_module)
                  20012a24    000000f8     ti_drivers_config.obj (.data:parkInfo)
                  20012b1c    00000010     gpiointerrupt.obj (.data)
                  20012b2c    0000000c     ti_drivers_config.obj (.data:gpioCallbackFunctions)
                  20012b38    0000000c     ti_drivers_config.obj (.data:gpioPinConfigs)
                  20012b44    00000009     drivers_cc32xx.a : GPIOCC32XX.oem4 (.data)
                  20012b4d    00000003     nortos_cc32xx.a : SemaphoreP_nortos.oem4 (.data)
                  20012b50    00000008     rtsv7M4_T_le_eabi.lib : _lock.c.obj (.data:$O1$$)
                  20012b58    00000008                           : memory.c.obj (.data:$O1$$)
                  20012b60    00000008     nortos_cc32xx.a : SemaphoreP_nortos.oem4 (.data:SemaphoreP_defaultParams)
                  20012b68    00000008                     : HwiPCC32XX_nortos.oem4 (.data)
                  20012b70    00000005                     : ClockPSysTick_nortos.oem4 (.data)
                  20012b75    00000001     drivers_cc32xx.a : UART.oem4 (.data)
                  20012b76    00000002     --HOLE--
                  20012b78    00000004     rtsv7M4_T_le_eabi.lib : errno.c.obj (.data)

.bss       0    20013080    00000424     UNINITIALIZED
                  20013080    0000012c     (.common:PowerCC32XX_contextSave)
                  200131ac    000000fc     (.common:i2cCC32XXObjects)
                  200132a8    00000084     (.common:timerCC32XXObjects)
                  2001332c    00000084     (.common:uartCC32XXObjects0)
                  200133b0    00000040     (.common:output)
                  200133f0    00000020     drivers_cc32xx.a : GPIOCC32XX.oem4 (.bss:gpioCallbackInfo)
                  20013410    00000020     ti_drivers_config.obj (.bss:uartCC32XXRingBuffer0)
                  20013430    00000020     (.common:i2cTransaction)
                  20013450    00000014     drivers_cc32xx.a : GPIOCC32XX.oem4 (.bss:powerNotifyObj)
                  20013464    00000004                      : GPIOCC32XX.oem4 (.bss)
                  20013468    00000010     (.common:ClockP_ctrl)
                  20013478    0000000d     nortos_cc32xx.a : SwiP_nortos.oem4 (.bss)
                  20013485    00000001     (.common:BUTTON_STATE)
                  20013486    00000001     (.common:LED_STATE)
                  20013487    00000001     (.common:TEMP_STATE)
                  20013488    00000004                     : ClockPSysTick_nortos.oem4 (.bss)
                  2001348c    00000004     drivers_cc32xx.a : TimerCC32XX.oem4 (.bss:timerState)
                  20013490    00000004     (.common:i2c)
                  20013494    00000004     (.common:rxBuffer)
                  20013498    00000004     (.common:timer0)
                  2001349c    00000004     (.common:txBuffer)
                  200134a0    00000004     (.common:uart)

.log_data 
*          0    90000000    00000000     COPY SECTION

__llvm_prf_cnts 
*          0    20004000    00000000     UNINITIALIZED

MODULE SUMMARY

       Module                       code    ro data   rw data
       ------                       ----    -------   -------
    .\
       gpiointerrupt.obj            1732    36        135    
       main_nortos.obj              18      0         0      
    +--+----------------------------+-------+---------+---------+
       Total:                       1750    36        135    
                                                             
    .\syscfg\
       ti_drivers_config.obj        18      197       820    
    +--+----------------------------+-------+---------+---------+
       Total:                       18      197       820    
                                                             
    C:/ti/simplelink_cc32xx_sdk_5_20_00_06/kernel/nortos/lib/ccs/m4/nortos_cc32xx.a
       HwiPCC32XX_nortos.oem4       394     0         788    
       startup_cc32xx_ccs.oem4      90      64        780    
       ClockPSysTick_nortos.oem4    702     0         25     
       PowerCC32XX_nortos.oem4      472     0         0      
       SemaphoreP_nortos.oem4       410     0         11     
       SwiP_nortos.oem4             96      0         13     
    +--+----------------------------+-------+---------+---------+
       Total:                       2164    64        1617   
                                                             
    C:/ti/simplelink_cc32xx_sdk_5_20_00_06/source/ti/devices/cc32xx/driverlib/ccs/Release/driverlib.a
       prcm.obj                     1604    168       0      
       pin.obj                      280     256       0      
       interrupt.obj                334     48        0      
       i2c.obj                      318     0         0      
       timer.obj                    264     0         0      
       flash.obj                    72      0         0      
       uart.obj                     48      0         0      
       cpu.obj                      20      0         0      
       utils.obj                    6       0         0      
    +--+----------------------------+-------+---------+---------+
       Total:                       2946    472       0      
                                                             
    C:/ti/simplelink_cc32xx_sdk_5_20_00_06/source/ti/drivers/lib/ccs/m4/drivers_cc32xx.a
       UARTCC32XX.oem4              3466    116       0      
       PowerCC32XX.oem4             2432    0         664    
       I2CCC32XX.oem4               1452    16        0      
       GPIOCC32XX.oem4              1208    103       65     
       TimerCC32XX.oem4             876     12        4      
       I2C.oem4                     366     16        0      
       UART.oem4                    166     36        1      
       RingBuf.oem4                 198     0         0      
       Timer.oem4                   140     12        0      
       PowerCC32XX_asm.oem4         150     0         0      
       List.oem4                    76      0         0      
    +--+----------------------------+-------+---------+---------+
       Total:                       10530   311       734    
                                                             
    C:\ti\ccs1230\ccs\tools\compiler\ti-cgt-arm_20.2.7.LTS\lib\rtsv7M4_T_le_eabi.lib
       _printfi.c.obj               4835    0         0      
       memory.c.obj                 672     0         8      
       fd_add_t2.asm.obj            438     0         0      
       fd_div_t2.asm.obj            310     0         0      
       fd_cmp_t2.asm.obj            268     0         0      
       ctype.c.obj                  0       257       0      
       fd_mul_t2.asm.obj            252     0         0      
       s_scalbn.c.obj               208     0         0      
       memcpy_t2.asm.obj            156     0         0      
       ull_div_t2.asm.obj           150     0         0      
       snprintf.c.obj               148     0         0      
       fs_mul_t2.asm.obj            122     0         0      
       memset_t2.asm.obj            122     0         0      
       copy_decompress_lzss.c.obj   104     0         0      
       s_frexp.c.obj                92      0         0      
       _ltoa.c.obj                  84      0         0      
       atoi.c.obj                   76      0         0      
       fd_toi_t2.asm.obj            72      0         0      
       autoinit.c.obj               68      0         0      
       fs_toi_t2.asm.obj            56      0         0      
       i_tofs_t2.asm.obj            56      0         0      
       i_tofd_t2.asm.obj            46      0         0      
       boot_cortex_m.c.obj          36      0         0      
       memccpy.c.obj                28      0         0      
       ll_mul_t2.asm.obj            24      0         0      
       strchr.c.obj                 22      0         0      
       strlen.c.obj                 20      0         0      
       wcslen.c.obj                 18      0         0      
       copy_decompress_none.c.obj   14      0         0      
       copy_zero_init.c.obj         12      0         0      
       errno.c.obj                  8       0         4      
       s_copysign.c.obj             12      0         0      
       _lock.c.obj                  2       0         8      
       exit.c.obj                   4       0         0      
       pre_init.c.obj               4       0         0      
       div0.asm.obj                 2       0         0      
    +--+----------------------------+-------+---------+---------+
       Total:                       8541    257       20     
                                                             
       Heap:                        0       0         32768  
       Stack:                       0       0         4096   
       Linker Generated:            0       246       0      
    +--+----------------------------+-------+---------+---------+
       Grand Total:                 25949   1583      40190  


LINKER GENERATED COPY TABLES

__TI_cinit_table @ 20013590 records: 2, size/record: 8, table size: 16
	.data: load addr=200134a8, load size=000000d2 bytes, run addr=200125ac, run size=000005d0 bytes, compression=lzss
	.bss: load addr=20013588, load size=00000008 bytes, run addr=20013080, run size=00000424 bytes, compression=zero_init


LINKER GENERATED HANDLER TABLE

__TI_handler_table @ 2001357c records: 3, size/record: 4, table size: 12
	index: 0, handler: __TI_decompress_lzss
	index: 1, handler: __TI_decompress_none
	index: 2, handler: __TI_zero_init


GLOBAL SYMBOLS: SORTED ALPHABETICALLY BY Name 

address   name                             
-------   ----                             
20013485  BUTTON_STATE                     
2001239d  Board_init                       
2000ca8f  Board_initHook                   
200125a7  C$$EXIT                          
2001303c  CONFIG_GPIO_BUTTON_0_CONST       
2001303d  CONFIG_GPIO_BUTTON_1_CONST       
2001303e  CONFIG_GPIO_LED_0_CONST          
2001303f  CONFIG_I2C_0_CONST               
20013041  CONFIG_TIMER_0_CONST             
20013043  CONFIG_UART_0_CONST              
2001227b  CPUcpsid                         
20012535  ClockP_Params_init               
200123ad  ClockP_add                       
200114d5  ClockP_construct                 
20012025  ClockP_create                    
20013468  ClockP_ctrl                      
200123bd  ClockP_delete                    
20011715  ClockP_destruct                  
20010dc5  ClockP_doTick                    
200123cd  ClockP_getCpuFreq                
200123dd  ClockP_getSystemTicks            
200119f9  ClockP_getTicksUntilInterrupt    
2001253f  ClockP_isActive                  
200123ed  ClockP_setTicks                  
20012597  ClockP_setTimeout                
20011b65  ClockP_start                     
20011a2d  ClockP_startup                   
20011271  ClockP_stop                      
20010dc5  ClockP_sysTickHandler            
20012b70  ClockP_tickPeriod                
2001107d  FlashDisable                     
20012f68  GPIOCC32XX_config                
20010eb5  GPIO_enableInt                   
20010459  GPIO_hwiIntFxn                   
2000f0f9  GPIO_init                        
2001095d  GPIO_setCallback                 
2000d5fd  GPIO_setConfig                   
20010a71  GPIO_write                       
20012331  HwiP_Params_init                 
2001247d  HwiP_clearInterrupt              
2000fe3d  HwiP_construct                   
20011c51  HwiP_create                      
200123fd  HwiP_delete                      
20011ebb  HwiP_destruct                    
2001248b  HwiP_disable                     
20012499  HwiP_disableInterrupt            
20011e09  HwiP_dispatch                    
200124a7  HwiP_enable                      
200124b5  HwiP_enableInterrupt             
20012291  HwiP_inISR                       
20012b68  HwiP_key                         
2001259b  HwiP_post                        
2001240d  HwiP_restore                     
20012b6c  HwiP_swiPIntNum                  
20011d71  I2CFIFODataGetNonBlocking        
20011ccf  I2CFIFODataPutNonBlocking        
2001241d  I2CFIFOStatus                    
2001220d  I2CMasterBurstLengthSet          
20012073  I2CMasterBusBusy                 
20012343  I2CMasterIntClearEx              
2001208b  I2CMasterIntDisableEx            
200120a3  I2CMasterIntEnableEx             
20011f3d  I2CMasterIntStatusEx             
20011e99  I2CMasterSlaveAddrSet            
200120bb  I2CRxFIFOFlush                   
200122a5  I2CSupport_masterFinish          
20012585  I2CSupport_powerRelConstraint    
2001258b  I2CSupport_powerSetConstraint    
2001069b  I2CSupport_primeTransfer         
200120d3  I2CTxFIFOFlush                   
2001242d  I2C_Params_init                  
20011d97  I2C_cancel                       
20013048  I2C_config                       
20013040  I2C_count                        
20012fcc  I2C_defaultParams                
2000db63  I2C_init                         
2000eb8d  I2C_open                         
200122b9  I2C_transfer                     
2000e60b  I2C_transferTimeout              
UNDEFED   ITM_flush                        
UNDEFED   ITM_restore                      
2000f811  IntEnable                        
20012549  IntMasterDisable                 
2000fec9  IntPendSet                       
200122cd  IntVTableBaseSet                 
20013486  LED_STATE                        
20011dbd  List_put                         
20011de3  List_remove                      
200124a7  NoRTOS_start                     
2000ca91  PRCMCC3200MCUInit                
20012223  PRCMHIBRegRead                   
20012239  PRCMHIBRegWrite                  
200110c5  PRCMLPDSEnter                    
20011805  PRCMLPDSEnterKeepDebugIf         
200112b5  PRCMLPDSRestoreInfoSet           
20011cf9  PRCMPeripheralClkDisable         
2001110d  PRCMPeripheralClkEnable          
20010ac9  PRCMPeripheralReset              
2001089d  PRCMSysResetCauseGet             
2000ff51  PinConfigSet                     
20011a61  PinModeGet                       
20011515  PinModeSet                       
20011fb5  PinToPadGet                      
20012e28  PowerCC32XX_config               
2000f8b9  PowerCC32XX_configureWakeup      
20013080  PowerCC32XX_contextSave          
200112f9  PowerCC32XX_enterLPDS            
20011c25  PowerCC32XX_getParkState         
2000ee77  PowerCC32XX_initPolicy           
200128b8  PowerCC32XX_module               
20010f4d  PowerCC32XX_parkPin              
20011e2d  PowerCC32XX_reset                
20011a95  PowerCC32XX_restoreParkState     
20011b95  PowerCC32XX_restoreParkedPin     
20010ccd  PowerCC32XX_resumeLPDS           
200107d5  PowerCC32XX_setParkState         
2000db65  PowerCC32XX_sleepPolicy          
200122e1  Power_disablePolicy              
2001243d  Power_enablePolicy               
200124f9  Power_getConstraintMask          
200122f5  Power_getDependencyCount         
200120ed  Power_getTransitionLatency       
20012105  Power_idleFunc                   
200100e5  Power_init                       
20011d21  Power_registerNotify             
20011155  Power_releaseConstraint          
20010b21  Power_releaseDependency          
20011751  Power_setConstraint              
200101ed  Power_setDependency              
2000e265  Power_sleep                      
20011edd  Power_unregisterNotify           
2001178d  Read_Button                      
20011555  Read_LED                         
200108fd  Read_Temp                        
20012355  RingBuf_construct                
20011595  RingBuf_get                      
200124d1  RingBuf_isFull                   
20011efd  RingBuf_peek                     
200111e5  RingBuf_put                      
2001244d  SemaphoreP_Params_init           
20010e15  SemaphoreP_construct             
20011f5b  SemaphoreP_constructBinary       
2001224f  SemaphoreP_create                
2001203f  SemaphoreP_createBinary          
20012b60  SemaphoreP_defaultParams         
2001259f  SemaphoreP_delete                
2000f0f7  SemaphoreP_destruct              
2000faa5  SemaphoreP_pend                  
2001133d  SemaphoreP_post                  
20011fd1  SwiP_disable                     
20011381  SwiP_restore                     
20013487  TEMP_STATE                       
20010e65  TimerCC32XX_allocateTimerResource
20011ac9  TimerCC32XX_freeTimerResource    
20011955  TimerControlStall                
20011f79  TimerDisable                     
20011f97  TimerEnable                      
20012b1c  TimerFlag                        
20012367  TimerIntClear                    
2001211d  TimerIntDisable                  
20012135  TimerIntEnable                   
20011c7b  TimerLoadSet                     
20011ca5  TimerPrescaleSet                 
20011e51  TimerSupport_timerDisable        
200115d5  TimerSupport_timerEnable         
2001245d  Timer_Params_init                
20011615  Timer_close                      
20013050  Timer_config                     
20013042  Timer_count                      
2000f337  Timer_init                       
2000e39d  Timer_open                       
200113c5  Timer_start                      
2001198b  Timer_stop                       
2001214d  UARTBusy                         
2000e72d  UARTCC32XX_close                 
2000ed85  UARTCC32XX_control               
20012e6c  UARTCC32XX_fxnTable              
2000fdab  UARTCC32XX_init                  
2000cebd  UARTCC32XX_open                  
20011655  UARTCC32XX_read                  
200119c1  UARTCC32XX_readCancel            
2000f27d  UARTCC32XX_readPolling           
2000f02d  UARTCC32XX_write                 
2001076d  UARTCC32XX_writeCancel           
20010839  UARTCC32XX_writePolling          
20012165  UARTIntEnable                    
2001217d  UART_Params_init                 
20013018  UART_config                      
20013044  UART_count                       
20012e94  UART_defaultParams               
20011409  UART_init                        
20011695  UART_open                        
20012553  UART_write                       
20012591  UtilsDelay                       
20004000  __STACK_END                      
00001000  __STACK_SIZE                     
00008000  __SYSMEM_SIZE                    
20013590  __TI_CINIT_Base                  
200135a0  __TI_CINIT_Limit                 
2001357c  __TI_Handler_Table_Base          
20013588  __TI_Handler_Table_Limit         
2001144d  __TI_auto_init_nobinit_nopinit   
20010705  __TI_decompress_lzss             
200124df  __TI_decompress_none             
20010bcf  __TI_ltoa                        
ffffffff  __TI_pprof_out_hndl              
2000c041  __TI_printfi                     
ffffffff  __TI_prof_data_size              
ffffffff  __TI_prof_data_start             
200134a8  __TI_static_base__               
20012511  __TI_zero_init                   
2000ffd9  __aeabi_cdcmpeq                  
2000ffd9  __aeabi_cdcmple                  
2001005f  __aeabi_cdrcmple                 
2001119d  __aeabi_d2iz                     
2000d9b7  __aeabi_dadd                     
2000e4d5  __aeabi_ddiv                     
2000ec89  __aeabi_dmul                     
2000d9ad  __aeabi_dsub                     
20012565  __aeabi_errno_addr               
200118e5  __aeabi_f2iz                     
20010363  __aeabi_fmul                     
20011bf5  __aeabi_i2d                      
2001191d  __aeabi_i2f                      
20011803  __aeabi_idiv0                    
20011803  __aeabi_ldiv0                    
200121dd  __aeabi_lmul                     
200103dd  __aeabi_memclr                   
200103dd  __aeabi_memclr4                  
200103dd  __aeabi_memclr8                  
2000fbe1  __aeabi_memcpy                   
2000fbe1  __aeabi_memcpy4                  
2000fbe1  __aeabi_memcpy8                  
200103df  __aeabi_memset                   
200103df  __aeabi_memset4                  
200103df  __aeabi_memset8                  
2000fd15  __aeabi_uldivmod                 
ffffffff  __binit__                        
ffffffff  __c_args__                       
UNDEFED   __mpu_init                       
20003000  __stack                          
20004000  __start___llvm_prf_cnts          
20004000  __stop___llvm_prf_cnts           
20011e75  _c_int00_noargs                  
20012b7c  _ctypes_                         
20012b50  _lock                            
20010457  _nop                             
20004040  _sys_memory                      
UNDEFED   _system_post_cinit               
200125a3  _system_pre_init                 
20012b54  _unlock                          
200125a7  abort                            
2000ea8d  aligned_alloc                    
20010f99  atoi                             
ffffffff  binit                            
2001089b  clkFxn                           
20012505  copysign                         
20012505  copysignl                        
20012b78  errno                            
2000ee79  free                             
200109b9  frexp                            
200109b9  frexpl                           
200121ad  gpioButtonFxn0                   
200121c5  gpioButtonFxn1                   
20012b2c  gpioCallbackFunctions            
20012b38  gpioPinConfigs                   
20012b24  heat                             
20013490  i2c                              
20012f90  i2cCC32XXHWAttrs                 
200131ac  i2cCC32XXObjects                 
20013430  i2cTransaction                   
2001306e  inPinTypes                       
2000d3ad  initI2C                          
20010c25  initTimer                        
20011491  initUART                         
20011875  initVectors                      
2000ef5d  ldexp                            
2000ef5d  ldexpl                           
20012379  main                             
2000dd01  mainThread                       
2001256d  malloc                           
2000ea8d  memalign                         
20012009  memccpy                          
2000fbe1  memcpy                           
200103e5  memset                           
20013074  outPinStrengths                  
20013058  outPinTypes                      
200133b0  output                           
20012a24  parkInfo                         
2000e96d  readTempSensor                   
20012059  resetISR                         
2001206c  resetVectorAddr                  
20004000  resetVectors                     
20013494  rxBuffer                         
2000ef5d  scalbn                           
2000ef5d  scalbnl                          
20012b28  seconds                          
20012b20  setPoint                         
20011031  snprintf                         
20012265  strchr                           
2001231d  strlen                           
20012b1e  temperature                      
20013498  timer0                           
20012ffc  timerCC32XXHWAttrs               
200132a8  timerCC32XXObjects               
200121f5  timerCallback                    
2001349c  txBuffer                         
200134a0  uart                             
2001332c  uartCC32XXObjects0               
2001238b  wcslen                           


GLOBAL SYMBOLS: SORTED BY Symbol Address 

address   name                             
-------   ----                             
00001000  __STACK_SIZE                     
00008000  __SYSMEM_SIZE                    
20003000  __stack                          
20004000  __STACK_END                      
20004000  __start___llvm_prf_cnts          
20004000  __stop___llvm_prf_cnts           
20004000  resetVectors                     
20004040  _sys_memory                      
2000c041  __TI_printfi                     
2000ca8f  Board_initHook                   
2000ca91  PRCMCC3200MCUInit                
2000cebd  UARTCC32XX_open                  
2000d3ad  initI2C                          
2000d5fd  GPIO_setConfig                   
2000d9ad  __aeabi_dsub                     
2000d9b7  __aeabi_dadd                     
2000db63  I2C_init                         
2000db65  PowerCC32XX_sleepPolicy          
2000dd01  mainThread                       
2000e265  Power_sleep                      
2000e39d  Timer_open                       
2000e4d5  __aeabi_ddiv                     
2000e60b  I2C_transferTimeout              
2000e72d  UARTCC32XX_close                 
2000e96d  readTempSensor                   
2000ea8d  aligned_alloc                    
2000ea8d  memalign                         
2000eb8d  I2C_open                         
2000ec89  __aeabi_dmul                     
2000ed85  UARTCC32XX_control               
2000ee77  PowerCC32XX_initPolicy           
2000ee79  free                             
2000ef5d  ldexp                            
2000ef5d  ldexpl                           
2000ef5d  scalbn                           
2000ef5d  scalbnl                          
2000f02d  UARTCC32XX_write                 
2000f0f7  SemaphoreP_destruct              
2000f0f9  GPIO_init                        
2000f27d  UARTCC32XX_readPolling           
2000f337  Timer_init                       
2000f811  IntEnable                        
2000f8b9  PowerCC32XX_configureWakeup      
2000faa5  SemaphoreP_pend                  
2000fbe1  __aeabi_memcpy                   
2000fbe1  __aeabi_memcpy4                  
2000fbe1  __aeabi_memcpy8                  
2000fbe1  memcpy                           
2000fd15  __aeabi_uldivmod                 
2000fdab  UARTCC32XX_init                  
2000fe3d  HwiP_construct                   
2000fec9  IntPendSet                       
2000ff51  PinConfigSet                     
2000ffd9  __aeabi_cdcmpeq                  
2000ffd9  __aeabi_cdcmple                  
2001005f  __aeabi_cdrcmple                 
200100e5  Power_init                       
200101ed  Power_setDependency              
20010363  __aeabi_fmul                     
200103dd  __aeabi_memclr                   
200103dd  __aeabi_memclr4                  
200103dd  __aeabi_memclr8                  
200103df  __aeabi_memset                   
200103df  __aeabi_memset4                  
200103df  __aeabi_memset8                  
200103e5  memset                           
20010457  _nop                             
20010459  GPIO_hwiIntFxn                   
2001069b  I2CSupport_primeTransfer         
20010705  __TI_decompress_lzss             
2001076d  UARTCC32XX_writeCancel           
200107d5  PowerCC32XX_setParkState         
20010839  UARTCC32XX_writePolling          
2001089b  clkFxn                           
2001089d  PRCMSysResetCauseGet             
200108fd  Read_Temp                        
2001095d  GPIO_setCallback                 
200109b9  frexp                            
200109b9  frexpl                           
20010a71  GPIO_write                       
20010ac9  PRCMPeripheralReset              
20010b21  Power_releaseDependency          
20010bcf  __TI_ltoa                        
20010c25  initTimer                        
20010ccd  PowerCC32XX_resumeLPDS           
20010dc5  ClockP_doTick                    
20010dc5  ClockP_sysTickHandler            
20010e15  SemaphoreP_construct             
20010e65  TimerCC32XX_allocateTimerResource
20010eb5  GPIO_enableInt                   
20010f4d  PowerCC32XX_parkPin              
20010f99  atoi                             
20011031  snprintf                         
2001107d  FlashDisable                     
200110c5  PRCMLPDSEnter                    
2001110d  PRCMPeripheralClkEnable          
20011155  Power_releaseConstraint          
2001119d  __aeabi_d2iz                     
200111e5  RingBuf_put                      
20011271  ClockP_stop                      
200112b5  PRCMLPDSRestoreInfoSet           
200112f9  PowerCC32XX_enterLPDS            
2001133d  SemaphoreP_post                  
20011381  SwiP_restore                     
200113c5  Timer_start                      
20011409  UART_init                        
2001144d  __TI_auto_init_nobinit_nopinit   
20011491  initUART                         
200114d5  ClockP_construct                 
20011515  PinModeSet                       
20011555  Read_LED                         
20011595  RingBuf_get                      
200115d5  TimerSupport_timerEnable         
20011615  Timer_close                      
20011655  UARTCC32XX_read                  
20011695  UART_open                        
20011715  ClockP_destruct                  
20011751  Power_setConstraint              
2001178d  Read_Button                      
20011803  __aeabi_idiv0                    
20011803  __aeabi_ldiv0                    
20011805  PRCMLPDSEnterKeepDebugIf         
20011875  initVectors                      
200118e5  __aeabi_f2iz                     
2001191d  __aeabi_i2f                      
20011955  TimerControlStall                
2001198b  Timer_stop                       
200119c1  UARTCC32XX_readCancel            
200119f9  ClockP_getTicksUntilInterrupt    
20011a2d  ClockP_startup                   
20011a61  PinModeGet                       
20011a95  PowerCC32XX_restoreParkState     
20011ac9  TimerCC32XX_freeTimerResource    
20011b65  ClockP_start                     
20011b95  PowerCC32XX_restoreParkedPin     
20011bf5  __aeabi_i2d                      
20011c25  PowerCC32XX_getParkState         
20011c51  HwiP_create                      
20011c7b  TimerLoadSet                     
20011ca5  TimerPrescaleSet                 
20011ccf  I2CFIFODataPutNonBlocking        
20011cf9  PRCMPeripheralClkDisable         
20011d21  Power_registerNotify             
20011d71  I2CFIFODataGetNonBlocking        
20011d97  I2C_cancel                       
20011dbd  List_put                         
20011de3  List_remove                      
20011e09  HwiP_dispatch                    
20011e2d  PowerCC32XX_reset                
20011e51  TimerSupport_timerDisable        
20011e75  _c_int00_noargs                  
20011e99  I2CMasterSlaveAddrSet            
20011ebb  HwiP_destruct                    
20011edd  Power_unregisterNotify           
20011efd  RingBuf_peek                     
20011f3d  I2CMasterIntStatusEx             
20011f5b  SemaphoreP_constructBinary       
20011f79  TimerDisable                     
20011f97  TimerEnable                      
20011fb5  PinToPadGet                      
20011fd1  SwiP_disable                     
20012009  memccpy                          
20012025  ClockP_create                    
2001203f  SemaphoreP_createBinary          
20012059  resetISR                         
2001206c  resetVectorAddr                  
20012073  I2CMasterBusBusy                 
2001208b  I2CMasterIntDisableEx            
200120a3  I2CMasterIntEnableEx             
200120bb  I2CRxFIFOFlush                   
200120d3  I2CTxFIFOFlush                   
200120ed  Power_getTransitionLatency       
20012105  Power_idleFunc                   
2001211d  TimerIntDisable                  
20012135  TimerIntEnable                   
2001214d  UARTBusy                         
20012165  UARTIntEnable                    
2001217d  UART_Params_init                 
200121ad  gpioButtonFxn0                   
200121c5  gpioButtonFxn1                   
200121dd  __aeabi_lmul                     
200121f5  timerCallback                    
2001220d  I2CMasterBurstLengthSet          
20012223  PRCMHIBRegRead                   
20012239  PRCMHIBRegWrite                  
2001224f  SemaphoreP_create                
20012265  strchr                           
2001227b  CPUcpsid                         
20012291  HwiP_inISR                       
200122a5  I2CSupport_masterFinish          
200122b9  I2C_transfer                     
200122cd  IntVTableBaseSet                 
200122e1  Power_disablePolicy              
200122f5  Power_getDependencyCount         
2001231d  strlen                           
20012331  HwiP_Params_init                 
20012343  I2CMasterIntClearEx              
20012355  RingBuf_construct                
20012367  TimerIntClear                    
20012379  main                             
2001238b  wcslen                           
2001239d  Board_init                       
200123ad  ClockP_add                       
200123bd  ClockP_delete                    
200123cd  ClockP_getCpuFreq                
200123dd  ClockP_getSystemTicks            
200123ed  ClockP_setTicks                  
200123fd  HwiP_delete                      
2001240d  HwiP_restore                     
2001241d  I2CFIFOStatus                    
2001242d  I2C_Params_init                  
2001243d  Power_enablePolicy               
2001244d  SemaphoreP_Params_init           
2001245d  Timer_Params_init                
2001247d  HwiP_clearInterrupt              
2001248b  HwiP_disable                     
20012499  HwiP_disableInterrupt            
200124a7  HwiP_enable                      
200124a7  NoRTOS_start                     
200124b5  HwiP_enableInterrupt             
200124d1  RingBuf_isFull                   
200124df  __TI_decompress_none             
200124f9  Power_getConstraintMask          
20012505  copysign                         
20012505  copysignl                        
20012511  __TI_zero_init                   
20012535  ClockP_Params_init               
2001253f  ClockP_isActive                  
20012549  IntMasterDisable                 
20012553  UART_write                       
20012565  __aeabi_errno_addr               
2001256d  malloc                           
20012585  I2CSupport_powerRelConstraint    
2001258b  I2CSupport_powerSetConstraint    
20012591  UtilsDelay                       
20012597  ClockP_setTimeout                
2001259b  HwiP_post                        
2001259f  SemaphoreP_delete                
200125a3  _system_pre_init                 
200125a7  C$$EXIT                          
200125a7  abort                            
200128b8  PowerCC32XX_module               
20012a24  parkInfo                         
20012b1c  TimerFlag                        
20012b1e  temperature                      
20012b20  setPoint                         
20012b24  heat                             
20012b28  seconds                          
20012b2c  gpioCallbackFunctions            
20012b38  gpioPinConfigs                   
20012b50  _lock                            
20012b54  _unlock                          
20012b60  SemaphoreP_defaultParams         
20012b68  HwiP_key                         
20012b6c  HwiP_swiPIntNum                  
20012b70  ClockP_tickPeriod                
20012b78  errno                            
20012b7c  _ctypes_                         
20012e28  PowerCC32XX_config               
20012e6c  UARTCC32XX_fxnTable              
20012e94  UART_defaultParams               
20012f68  GPIOCC32XX_config                
20012f90  i2cCC32XXHWAttrs                 
20012fcc  I2C_defaultParams                
20012ffc  timerCC32XXHWAttrs               
20013018  UART_config                      
2001303c  CONFIG_GPIO_BUTTON_0_CONST       
2001303d  CONFIG_GPIO_BUTTON_1_CONST       
2001303e  CONFIG_GPIO_LED_0_CONST          
2001303f  CONFIG_I2C_0_CONST               
20013040  I2C_count                        
20013041  CONFIG_TIMER_0_CONST             
20013042  Timer_count                      
20013043  CONFIG_UART_0_CONST              
20013044  UART_count                       
20013048  I2C_config                       
20013050  Timer_config                     
20013058  outPinTypes                      
2001306e  inPinTypes                       
20013074  outPinStrengths                  
20013080  PowerCC32XX_contextSave          
200131ac  i2cCC32XXObjects                 
200132a8  timerCC32XXObjects               
2001332c  uartCC32XXObjects0               
200133b0  output                           
20013430  i2cTransaction                   
20013468  ClockP_ctrl                      
20013485  BUTTON_STATE                     
20013486  LED_STATE                        
20013487  TEMP_STATE                       
20013490  i2c                              
20013494  rxBuffer                         
20013498  timer0                           
2001349c  txBuffer                         
200134a0  uart                             
200134a8  __TI_static_base__               
2001357c  __TI_Handler_Table_Base          
20013588  __TI_Handler_Table_Limit         
20013590  __TI_CINIT_Base                  
200135a0  __TI_CINIT_Limit                 
ffffffff  __TI_pprof_out_hndl              
ffffffff  __TI_prof_data_size              
ffffffff  __TI_prof_data_start             
ffffffff  __binit__                        
ffffffff  __c_args__                       
ffffffff  binit                            
UNDEFED   ITM_flush                        
UNDEFED   ITM_restore                      
UNDEFED   __mpu_init                       
UNDEFED   _system_post_cinit               

[310 symbols]
