******************************************************************************
            TI ARM Clang Linker PC v2.1.3                      
******************************************************************************
>> Linked Mon Jul 24 14:50:58 2023

OUTPUT FILE NAME:   <gpiointerrupt_CC3220S_LAUNCHXL_nortos_ticlang.out>
ENTRY POINT SYMBOL: "resetISR"  address: 2000e5bd


MEMORY CONFIGURATION

         name            origin    length      used     unused   attr    fill
----------------------  --------  ---------  --------  --------  ----  --------
  SRAM2                 20000000   00004000  0000130c  00002cf4  RW X
  SRAM                  20004000   0003c000  0000b5fd  00030a03  RW X
  LOG_DATA              90000000   00040000  00000000  00040000  R   
  LOG_PTR               94000008   00040000  00000000  00040000  R   


SEGMENT ALLOCATION MAP

run origin  load origin   length   init length attrs members
----------  ----------- ---------- ----------- ----- -------
20003000    20003000    00001000   00000000    rw-
  20003000    20003000    00001000   00000000    rw- .stack
20004000    20004000    00000040   00000040    r--
  20004000    20004000    00000040   00000040    r-- .resetVecs
20004040    20004040    00008000   00000000    rw-
  20004040    20004040    00008000   00000000    rw- .sysmem
2000c040    2000c040    000028ac   000028ac    r-x
  2000c040    2000c040    000028ac   000028ac    r-x .text
2000e8f0    2000e8f0    00000681   00000000    rw-
  2000e8f0    2000e8f0    00000681   00000000    rw- .data
2000ef74    2000ef74    0000034c   0000034c    r--
  2000ef74    2000ef74    0000034c   0000034c    r-- .rodata
2000f2c0    2000f2c0    0000024c   00000000    rw-
  2000f2c0    2000f2c0    0000024c   00000000    rw- .bss
2000f50c    2000f50c    000000f8   000000f8    r--
  2000f50c    2000f50c    000000f8   000000f8    r-- .cinit


SECTION ALLOCATION MAP

 output                                  attributes/
section   page    origin      length       input sections
--------  ----  ----------  ----------   ----------------
.text      0    2000c040    000028ac     
                  2000c040    000004b8     driverlib.a : prcm.obj (.text.PRCMCC3200MCUInit)
                  2000c4f8    000003e4     drivers_cc32xx.a : PowerCC32XX.c.obj (.text.Power_sleep)
                  2000c8dc    00000150     nortos_cc32xx.a : PowerCC32XX_nortos.c.obj (.text.PowerCC32XX_sleepPolicy)
                  2000ca2c    00000140     drivers_cc32xx.a : GPIOCC32XX.c.obj (.text.GPIO_setConfig)
                  2000cb6c    00000120     libc.a : memory.c.obj (.text.aligned_alloc)
                  2000cc8c    000000f8            : memory.c.obj (.text.free)
                  2000cd84    000000c8     driverlib.a : interrupt.obj (.text.IntEnable)
                  2000ce4c    000000b0     libclang_rt.builtins.a : udivmoddi4.S.obj (.text)
                  2000cefc    000000ac     driverlib.a : gpio.obj (.text.GPIOIntTypeSet)
                  2000cfa8    000000a4                 : interrupt.obj (.text.IntPendSet)
                  2000d04c    000000a2                 : pin.obj (.text.PinConfigSet)
                  2000d0ee    00000002     ti_drivers_config.o (.text.Board_initHook)
                  2000d0f0    00000098     nortos_cc32xx.a : SemaphoreP_nortos.c.obj (.text.SemaphoreP_pend)
                  2000d188    00000008                     : HwiPCC32XX_nortos.c.obj (.text.HwiP_disable)
                  2000d190    00000096     drivers_cc32xx.a : PowerCC32XX_ticlang.asm.obj (.text)
                  2000d226    00000002     nortos_cc32xx.a : PowerCC32XX_nortos.c.obj (.text.PowerCC32XX_initPolicy)
                  2000d228    00000090     drivers_cc32xx.a : GPIOCC32XX.c.obj (.text.GPIO_init)
                  2000d2b8    0000008e     driverlib.a : prcm.obj (.text.PRCMSysResetCauseGet)
                  2000d346    00000002     libclang_rt.builtins.a : aeabi_div0.c.obj (.text.__aeabi_ldiv0)
                  2000d348    00000088     drivers_cc32xx.a : PowerCC32XX.c.obj (.text.PowerCC32XX_configureWakeup)
                  2000d3d0    00000078                      : PowerCC32XX.c.obj (.text.Power_init)
                  2000d448    00000074     nortos_cc32xx.a : HwiPCC32XX_nortos.c.obj (.text.HwiP_construct)
                  2000d4bc    00000074     driverlib.a : prcm.obj (.text.PRCMHibernateWakeUpGPIOSelect)
                  2000d530    0000006c                 : pin.obj (.text.PinLockLevelSet)
                  2000d59c    0000006c     drivers_cc32xx.a : PowerCC32XX.c.obj (.text.Power_setDependency)
                  2000d608    0000006c                      : GPIOCC32XX.c.obj (.text.powerNotifyFxn)
                  2000d674    0000006c     libc.a : memory.c.obj (.text.split)
                  2000d6e0    0000006a     driverlib.a : prcm.obj (.text.PRCMPeripheralReset)
                  2000d74a    0000006a     libc.a : copy_decompress_lzss.c.obj (.text:decompress:lzss)
                  2000d7b4    00000060     drivers_cc32xx.a : GPIOCC32XX.c.obj (.text.GPIO_write)
                  2000d814    0000005c     driverlib.a : flash.obj (.text.FlashDisable)
                  2000d870    0000005c                 : prcm.obj (.text.PRCMHibernateWakeupSourceDisable)
                  2000d8cc    0000005c     gpiointerrupt.o (.text.mainThread)
                  2000d928    0000005a     driverlib.a : prcm.obj (.text.PRCMPeripheralClkEnable)
                  2000d982    00000002     libc.a : _lock.c.obj (.text._nop)
                  2000d984    00000058     nortos_cc32xx.a : ClockPSysTick_nortos.c.obj (.text.ClockP_startup)
                  2000d9dc    00000058     driverlib.a : interrupt.obj (.text.IntPrioritySet)
                  2000da34    00000056                 : prcm.obj (.text.PRCMLPDSEnter)
                  2000da8a    00000002     nortos_cc32xx.a : startup_cc32xx_ticlang.c.obj (.text.busFaultHandler)
                  2000da8c    00000054     drivers_cc32xx.a : GPIOCC32XX.c.obj (.text.GPIO_toggle)
                  2000dae0    00000054                      : PowerCC32XX.c.obj (.text.PowerCC32XX_setParkState)
                  2000db34    00000050                      : GPIOCC32XX.c.obj (.text.GPIO_hwiIntFxn)
                  2000db84    00000050     driverlib.a : prcm.obj (.text.PRCMHibernateWakeupSourceEnable)
                  2000dbd4    00000050     nortos_cc32xx.a : SemaphoreP_nortos.c.obj (.text.SemaphoreP_construct)
                  2000dc24    0000004c     drivers_cc32xx.a : GPIOCC32XX.c.obj (.text.GPIO_setInterruptConfig)
                  2000dc70    0000004c     driverlib.a : prcm.obj (.text.PRCMLPDSRestoreInfoSet)
                  2000dcbc    00000048     nortos_cc32xx.a : ClockPSysTick_nortos.c.obj (.text.ClockP_sysTickHandler)
                  2000dd04    00000048     driverlib.a : prcm.obj (.text.PRCMIntEnable)
                  2000dd4c    00000048                 : prcm.obj (.text.PRCMPeripheralStatusGet)
                  2000dd94    00000048                 : pin.obj (.text.PinConfigGet)
                  2000dddc    00000046                 : prcm.obj (.text.PRCMLPDSEnterKeepDebugIf)
                  2000de22    00000044                 : gpio.obj (.text.GPIODirModeSet)
                  2000de66    00000002     nortos_cc32xx.a : SemaphoreP_nortos.c.obj (.text.clkFxn)
                  2000de68    00000044     drivers_cc32xx.a : GPIOCC32XX.c.obj (.text.GPIO_disableInt)
                  2000deac    00000044                      : GPIOCC32XX.c.obj (.text.GPIO_enableInt)
                  2000def0    00000044     nortos_cc32xx.a : ClockPSysTick_nortos.c.obj (.text.addToList)
                  2000df34    00000042     driverlib.a : pin.obj (.text.PinModeSet)
                  2000df76    00000042     nortos_cc32xx.a : PowerCC32XX_nortos.c.obj (.text.getCountsRTC)
                  2000dfb8    00000040                     : SemaphoreP_nortos.c.obj (.text.SemaphoreP_post)
                  2000dff8    0000003e     driverlib.a : pin.obj (.text.PinDirModeSet)
                  2000e036    00000002     nortos_cc32xx.a : startup_cc32xx_ticlang.c.obj (.text.defaultHandler)
                  2000e038    0000003c                     : ClockPSysTick_nortos.c.obj (.text.ClockP_stop)
                  2000e074    00000038                     : ClockPSysTick_nortos.c.obj (.text.ClockP_destruct)
                  2000e0ac    00000038                     : SwiP_nortos.c.obj (.text.SwiP_restore)
                  2000e0e4    00000038     libc.a : autoinit.c.obj (.text:__TI_auto_init_nobinit_nopinit)
                  2000e11c    00000036     driverlib.a : pin.obj (.text.PinLock)
                  2000e152    00000002     nortos_cc32xx.a : startup_cc32xx_ticlang.c.obj (.text.faultISR)
                  2000e154    00000034                     : ClockPSysTick_nortos.c.obj (.text.ClockP_start)
                  2000e188    00000034     driverlib.a : pin.obj (.text.PinDirModeGet)
                  2000e1bc    00000034                 : pin.obj (.text.PinModeGet)
                  2000e1f0    00000034     drivers_cc32xx.a : PowerCC32XX.c.obj (.text.PowerCC32XX_parkPin)
                  2000e224    00000034     nortos_cc32xx.a : startup_cc32xx_ticlang.c.obj (.text.initVectors)
                  2000e258    00000030                     : ClockPSysTick_nortos.c.obj (.text.ClockP_getTicksUntilInterrupt)
                  2000e288    00000030     driverlib.a : prcm.obj (.text.PRCMLPDSIntervalSet)
                  2000e2b8    00000030                 : prcm.obj (.text.PRCMSlowClkCtrFastGet)
                  2000e2e8    00000030     drivers_cc32xx.a : PowerCC32XX.c.obj (.text.notify)
                  2000e318    0000002e     driverlib.a : gpio.obj (.text.GPIOIntStatus)
                  2000e346    0000002a     nortos_cc32xx.a : HwiPCC32XX_nortos.c.obj (.text.HwiP_create)
                  2000e370    0000002a     driverlib.a : prcm.obj (.text.PRCMLPDSWakeUpGPIOSelect)
                  2000e39a    0000002a                 : prcm.obj (.text.PRCMPeripheralClkDisable)
                  2000e3c4    00000028                 : prcm.obj (.text.PRCMSRAMRetentionEnable)
                  2000e3ec    00000028     libc.a : memory.c.obj (.text.free_list_insert)
                  2000e414    00000024     drivers_cc32xx.a : List.c.obj (.text.List_put)
                  2000e438    00000024     driverlib.a : prcm.obj (.text.PRCMLPDSWakeupSourceEnable)
                  2000e45c    00000024     drivers_cc32xx.a : PowerCC32XX.c.obj (.text.PowerCC32XX_restoreParkedPin)
                  2000e480    00000024                      : PowerCC32XX.c.obj (.text.Power_registerNotify)
                  2000e4a4    00000024     libc.a : boot_cortex_m.c.obj (.text:_c_int00_noargs)
                  2000e4c8    00000022     driverlib.a : gpio.obj (.text.GPIOPinWrite)
                  2000e4ea    00000022                 : pin.obj (.text.PinUnlock)
                  2000e50c    00000020                 : interrupt.obj (.text.IntRegister)
                  2000e52c    00000020     nortos_cc32xx.a : SemaphoreP_nortos.c.obj (.text.SemaphoreP_createBinary)
                  2000e54c    0000001c     drivers_cc32xx.a : GPIO.c.obj (.text.GPIO_setCallback)
                  2000e568    0000001c     nortos_cc32xx.a : HwiPCC32XX_nortos.c.obj (.text.HwiP_dispatch)
                  2000e584    0000001c                     : SwiP_nortos.c.obj (.text.SwiP_disable)
                  2000e5a0    0000001c     libc.a : memory.c.obj (.text.free_list_remove)
                  2000e5bc    0000001c     nortos_cc32xx.a : startup_cc32xx_ticlang.c.obj (.text.resetISR)
                  2000e5d8    0000001a     driverlib.a : gpio.obj (.text.GPIOIntDisable)
                  2000e5f2    0000001a                 : prcm.obj (.text.PRCMHIBRegRead)
                  2000e60c    0000001a                 : prcm.obj (.text.PRCMHIBRegWrite)
                  2000e626    0000001a                 : prcm.obj (.text.PRCMLPDSWakeupSourceDisable)
                  2000e640    0000001a                 : pin.obj (.text.PinToPadGet)
                  2000e65a    00000018                 : gpio.obj (.text.GPIOIntEnable)
                  2000e672    00000018                 : gpio.obj (.text.GPIOPinRead)
                  2000e68a    00000018     nortos_cc32xx.a : SemaphoreP_nortos.c.obj (.text.SemaphoreP_create)
                  2000e6a2    00000016     ti_drivers_config.o (.text.Board_init)
                  2000e6b8    00000016     driverlib.a : systick.obj (.text.SysTickPeriodSet)
                  2000e6ce    00000014                 : cpu.obj (.text.CPUcpsid)
                  2000e6e2    00000014                 : cpu.obj (.text.CPUcpsie)
                  2000e6f6    00000014                 : interrupt.obj (.text.IntVTableBaseSet)
                  2000e70a    00000002     nortos_cc32xx.a : startup_cc32xx_ticlang.c.obj (.text.nmiISR)
                  2000e70c    00000014     drivers_cc32xx.a : PowerCC32XX.c.obj (.text.Power_disablePolicy)
                  2000e720    00000014                      : PowerCC32XX.c.obj (.text.Power_getTransitionLatency)
                  2000e734    00000014                      : PowerCC32XX.c.obj (.text.Power_idleFunc)
                  2000e748    00000014     libclang_rt.builtins.a : aeabi_uldivmod.S.obj (.text)
                  2000e75c    00000012     nortos_cc32xx.a : ClockPSysTick_nortos.c.obj (.text.ClockP_add)
                  2000e76e    00000012     driverlib.a : gpio.obj (.text.GPIOIntClear)
                  2000e780    00000012     nortos_cc32xx.a : HwiPCC32XX_nortos.c.obj (.text.HwiP_Params_init)
                  2000e792    00000012     driverlib.a : systick.obj (.text.SysTickEnable)
                  2000e7a4    00000012                 : systick.obj (.text.SysTickIntDisable)
                  2000e7b6    00000012                 : systick.obj (.text.SysTickIntEnable)
                  2000e7c8    00000012     libc.a : memcpy_t2.S.obj (.text:TI_memcpy_small)
                  2000e7da    00000012            : copy_zero_init.c.obj (.text:decompress:ZI:__TI_zero_init_nomemset)
                  2000e7ec    00000010     nortos_cc32xx.a : ClockPSysTick_nortos.c.obj (.text.ClockP_getCpuFreq)
                  2000e7fc    00000010                     : ClockPSysTick_nortos.c.obj (.text.ClockP_getSystemTicks)
                  2000e80c    00000010                     : ClockPSysTick_nortos.c.obj (.text.ClockP_setTicks)
                  2000e81c    00000010                     : HwiPCC32XX_nortos.c.obj (.text.HwiP_inISR)
                  2000e82c    00000010     drivers_cc32xx.a : PowerCC32XX.c.obj (.text.Power_enablePolicy)
                  2000e83c    00000010     main_nortos.o (.text.main)
                  2000e84c    0000000e     libc.a : copy_decompress_none.c.obj (.text:decompress:none)
                  2000e85a    0000000c     driverlib.a : cpu.obj (.text.CPUwfi)
                  2000e866    0000000c                 : prcm.obj (.text.PRCMLPDSWakeupCauseGet)
                  2000e872    00000002     --HOLE-- [fill = 0]
                  2000e874    0000000c     drivers_cc32xx.a : PowerCC32XX.c.obj (.text.Power_getConstraintMask)
                  2000e880    0000000a     nortos_cc32xx.a : ClockPSysTick_nortos.c.obj (.text.ClockP_isActive)
                  2000e88a    0000000a     driverlib.a : interrupt.obj (.text.IntMasterDisable)
                  2000e894    0000000a                 : interrupt.obj (.text.IntMasterEnable)
                  2000e89e    00000008     nortos_cc32xx.a : HwiPCC32XX_nortos.c.obj (.text.HwiP_restore)
                  2000e8a6    00000008     driverlib.a : prcm.obj (.text.PRCMSleepEnter)
                  2000e8ae    00000008                 : utils.obj (.text.UtilsDelay)
                  2000e8b6    00000008     libc.a : memory.c.obj (.text.malloc)
                  2000e8be    00000006     gpiointerrupt.o (.text.gpioButtonFxn0)
                  2000e8c4    00000006     gpiointerrupt.o (.text.gpioButtonFxn1)
                  2000e8ca    00000004     nortos_cc32xx.a : ClockPSysTick_nortos.c.obj (.text.ClockP_doTick)
                  2000e8ce    00000004                     : HwiPCC32XX_nortos.c.obj (.text.HwiP_enable)
                  2000e8d2    00000004                     : HwiPCC32XX_nortos.c.obj (.text.HwiP_post)
                  2000e8d6    00000004                     : NoRTOS.c.obj (.text.NoRTOS_start)
                  2000e8da    00000004                     : SemaphoreP_nortos.c.obj (.text.SemaphoreP_delete)
                  2000e8de    00000004     libc.a : pre_init.c.obj (.text._system_pre_init)
                  2000e8e2    00000004            : exit.c.obj (.text:abort)
                  2000e8e6    00000002     --HOLE-- [fill = 0]
                  2000e8e8    00000004     libclang_rt.builtins.a : aeabi_memcpy.S.obj (.text)

.ramVecs   0    20000000    0000030c     NOLOAD SECTION
                  20000000    0000030c     nortos_cc32xx.a : startup_cc32xx_ticlang.c.obj (.ramVecs)

.stack     0    20003000    00001000     UNINITIALIZED
                  20003000    00000004     libc.a : boot_cortex_m.c.obj (.stack)
                  20003004    00000ffc     --HOLE--

.resetVecs 
*          0    20004000    00000040     
                  20004000    00000040     nortos_cc32xx.a : startup_cc32xx_ticlang.c.obj (.resetVecs)

.sysmem    0    20004040    00008000     UNINITIALIZED
                  20004040    00000010     libc.a : memory.c.obj (.sysmem)
                  20004050    00007ff0     --HOLE--

.rodata    0    2000ef74    0000034c     
                  2000ef74    00000100     driverlib.a : pin.obj (.rodata.g_ulPinToPadMap)
                  2000f074    000000d4                 : interrupt.obj (.rodata.g_pulRegs)
                  2000f148    000000a8                 : prcm.obj (.rodata.PRCM_PeriphRegsList)
                  2000f1f0    00000044     ti_drivers_config.o (.rodata.PowerCC32XX_config)
                  2000f234    00000028     drivers_cc32xx.a : GPIOCC32XX.c.obj (.rodata.portConfigs)
                  2000f25c    00000021                      : GPIOCC32XX.c.obj (.rodata.pinTable)
                  2000f27d    00000001     ti_drivers_config.o (.rodata.GPIO_pinUpperBound)
                  2000f27e    00000002     --HOLE-- [fill = 0]
                  2000f280    00000018     driverlib.a : interrupt.obj (.rodata.g_pulEnRegs)
                  2000f298    00000018                 : interrupt.obj (.rodata.g_pulPendRegs)
                  2000f2b0    00000010     ti_drivers_config.o (.rodata.GPIO_config)

.cinit     0    2000f50c    000000f8     
                  2000f50c    000000d2     (.cinit..data.load) [load image, compression = lzss]
                  2000f5de    00000002     --HOLE-- [fill = 0]
                  2000f5e0    0000000c     (__TI_handler_table)
                  2000f5ec    00000008     (.cinit..bss.load) [load image, compression = zero_init]
                  2000f5f4    00000010     (__TI_cinit_table)

.init_array 
*          0    20004000    00000000     UNINITIALIZED

.data      0    2000e8f0    00000681     UNINITIALIZED
                  2000e8f0    0000030c     nortos_cc32xx.a : HwiPCC32XX_nortos.c.obj (.data.HwiP_dispatchTable)
                  2000ebfc    0000016c     drivers_cc32xx.a : PowerCC32XX.c.obj (.data.PowerCC32XX_module)
                  2000ed68    000000f8     ti_drivers_config.o (.data.parkInfo)
                  2000ee60    00000084     ti_drivers_config.o (.data.gpioPinConfigs)
                  2000eee4    0000004c     nortos_cc32xx.a : SwiP_nortos.c.obj (.data..L_MergedGlobals)
                  2000ef30    00000018     drivers_cc32xx.a : GPIOCC32XX.c.obj (.data..L_MergedGlobals)
                  2000ef48    00000010     nortos_cc32xx.a : SemaphoreP_nortos.c.obj (.data..L_MergedGlobals)
                  2000ef58    00000008                     : ClockPSysTick_nortos.c.obj (.data..L_MergedGlobals)
                  2000ef60    00000004                     : HwiPCC32XX_nortos.c.obj (.data.HwiP_swiPIntNum)
                  2000ef64    00000004     libc.a : _lock.c.obj (.data._lock)
                  2000ef68    00000004            : _lock.c.obj (.data._unlock)
                  2000ef6c    00000001     drivers_cc32xx.a : GPIOCC32XX.c.obj (.data.initCalled)
                  2000ef6d    00000001                      : GPIOCC32XX.c.obj (.data.portHwiCreatedBitMask)
                  2000ef6e    00000002     --HOLE--
                  2000ef70    00000001     libc.a : memory.c.obj (.data.memory_is_initialized)

.bss       0    2000f2c0    0000024c     UNINITIALIZED
                  2000f2c0    0000012c     (.common:PowerCC32XX_contextSave)
                  2000f3ec    00000084     (.common:gpioCallbackFunctions)
                  2000f470    00000084     (.common:gpioUserArgs)
                  2000f4f4    00000004     nortos_cc32xx.a : ClockPSysTick_nortos.c.obj (.bss.sysTickPeriod)
                  2000f4f8    00000010     (.common:ClockP_ctrl)
                  2000f508    00000004     libc.a : memory.c.obj (.bss.sys_free)

.log_data 
*          0    90000000    00000000     COPY SECTION

.log_ptr   0    94000008    00000000     COPY SECTION

__llvm_prf_cnts 
*          0    20004000    00000000     UNINITIALIZED

__llvm_prf_bits 
*          0    20004000    00000000     UNINITIALIZED

MODULE SUMMARY

       Module                         code    ro data   rw data
       ------                         ----    -------   -------
    .\
       gpiointerrupt.o                104     0         0      
       main_nortos.o                  16      0         0      
    +--+------------------------------+-------+---------+---------+
       Total:                         120     0         0      
                                                               
    .\syscfg\
       ti_drivers_config.o            24      85        644    
    +--+------------------------------+-------+---------+---------+
       Total:                         24      85        644    
                                                               
    C:/ti/simplelink_cc32xx_sdk_7_10_00_13/kernel/nortos/lib/ticlang/m4/nortos_cc32xx.a
       HwiPCC32XX_nortos.c.obj        244     0         784    
       startup_cc32xx_ticlang.c.obj   88      64        780    
       ClockPSysTick_nortos.c.obj     524     0         28     
       PowerCC32XX_nortos.c.obj       404     0         0      
       SemaphoreP_nortos.c.obj        358     0         16     
       SwiP_nortos.c.obj              84      0         76     
       NoRTOS.c.obj                   4       0         0      
    +--+------------------------------+-------+---------+---------+
       Total:                         1706    64        1684   
                                                               
    C:/ti/simplelink_cc32xx_sdk_7_10_00_13/source/ti/devices/cc32xx/driverlib/ticlang/Release/driverlib.a
       prcm.obj                       2564    168       0      
       pin.obj                        688     256       0      
       interrupt.obj                  524     260       0      
       gpio.obj                       412     0         0      
       flash.obj                      92      0         0      
       systick.obj                    76      0         0      
       cpu.obj                        52      0         0      
       utils.obj                      8       0         0      
    +--+------------------------------+-------+---------+---------+
       Total:                         4416    684       0      
                                                               
    C:/ti/simplelink_cc32xx_sdk_7_10_00_13/source/ti/drivers/lib/ticlang/m4/drivers_cc32xx.a
       PowerCC32XX.c.obj              1704    0         664    
       GPIOCC32XX.c.obj               1044    73        26     
       PowerCC32XX_ticlang.asm.obj    150     0         0      
       List.c.obj                     36      0         0      
       GPIO.c.obj                     28      0         0      
    +--+------------------------------+-------+---------+---------+
       Total:                         2962    73        690    
                                                               
    C:\ti\ccs1230\ccs\tools\compiler\ti-cgt-armllvm_2.1.3.LTS\lib\armv7em-ti-none-eabi/c/libc.a
       memory.c.obj                   720     0         5      
       copy_decompress_lzss.c.obj     106     0         0      
       autoinit.c.obj                 56      0         0      
       boot_cortex_m.c.obj            36      0         0      
       copy_zero_init.c.obj           18      0         0      
       memcpy_t2.S.obj                18      0         0      
       copy_decompress_none.c.obj     14      0         0      
       _lock.c.obj                    2       0         8      
       exit.c.obj                     4       0         0      
       pre_init.c.obj                 4       0         0      
    +--+------------------------------+-------+---------+---------+
       Total:                         978     0         13     
                                                               
    C:\ti\ccs1230\ccs\tools\compiler\ti-cgt-armllvm_2.1.3.LTS\lib\clang/14.0.6/lib/armv7em-ti-none-eabi/libclang_rt.builtins.a
       udivmoddi4.S.obj               176     0         0      
       aeabi_uldivmod.S.obj           20      0         0      
       aeabi_memcpy.S.obj             4       0         0      
       aeabi_div0.c.obj               2       0         0      
    +--+------------------------------+-------+---------+---------+
       Total:                         202     0         0      
                                                               
       Heap:                          0       0         32768  
       Stack:                         0       0         4096   
       Linker Generated:              0       246       0      
    +--+------------------------------+-------+---------+---------+
       Grand Total:                   10408   1152      39895  


LINKER GENERATED COPY TABLES

__TI_cinit_table @ 2000f5f4 records: 2, size/record: 8, table size: 16
	.data: load addr=2000f50c, load size=000000d2 bytes, run addr=2000e8f0, run size=00000681 bytes, compression=lzss
	.bss: load addr=2000f5ec, load size=00000008 bytes, run addr=2000f2c0, run size=0000024c bytes, compression=zero_init


LINKER GENERATED HANDLER TABLE

__TI_handler_table @ 2000f5e0 records: 3, size/record: 4, table size: 12
	index: 0, handler: __TI_decompress_lzss
	index: 1, handler: __TI_decompress_none
	index: 2, handler: __TI_zero_init


GLOBAL SYMBOLS: SORTED ALPHABETICALLY BY Name 

address   name                            
-------   ----                            
2000e6a3  Board_init                      
2000d0ef  Board_initHook                  
2000e8e2  C$$EXIT                         
2000e6cf  CPUcpsid                        
2000e6e3  CPUcpsie                        
2000e85b  CPUwfi                          
2000e75d  ClockP_add                      
2000f4f8  ClockP_ctrl                     
2000e075  ClockP_destruct                 
2000e8cb  ClockP_doTick                   
2000e7ed  ClockP_getCpuFreq               
2000e7fd  ClockP_getSystemTicks           
2000e259  ClockP_getTicksUntilInterrupt   
2000e881  ClockP_isActive                 
2000e80d  ClockP_setTicks                 
2000e155  ClockP_start                    
2000d985  ClockP_startup                  
2000e039  ClockP_stop                     
2000dcbd  ClockP_sysTickHandler           
2000ef5c  ClockP_tickPeriod               
2000d815  FlashDisable                    
2000de23  GPIODirModeSet                  
2000e76f  GPIOIntClear                    
2000e5d9  GPIOIntDisable                  
2000e65b  GPIOIntEnable                   
2000e319  GPIOIntStatus                   
2000cefd  GPIOIntTypeSet                  
2000e673  GPIOPinRead                     
2000e4c9  GPIOPinWrite                    
2000f2b0  GPIO_config                     
2000de69  GPIO_disableInt                 
2000dead  GPIO_enableInt                  
2000db35  GPIO_hwiIntFxn                  
2000d229  GPIO_init                       
2000f27d  GPIO_pinUpperBound              
2000e54d  GPIO_setCallback                
2000ca2d  GPIO_setConfig                  
2000dc25  GPIO_setInterruptConfig         
2000da8d  GPIO_toggle                     
2000d7b5  GPIO_write                      
2000e781  HwiP_Params_init                
2000d449  HwiP_construct                  
2000e347  HwiP_create                     
2000d189  HwiP_disable                    
2000e569  HwiP_dispatch                   
2000e8cf  HwiP_enable                     
2000e81d  HwiP_inISR                      
2000e8d3  HwiP_post                       
2000e89f  HwiP_restore                    
2000ef60  HwiP_swiPIntNum                 
UNDEFED   ITM_flush                       
UNDEFED   ITM_restore                     
2000cd85  IntEnable                       
2000e88b  IntMasterDisable                
2000e895  IntMasterEnable                 
2000cfa9  IntPendSet                      
2000d9dd  IntPrioritySet                  
2000e50d  IntRegister                     
2000e6f7  IntVTableBaseSet                
2000e415  List_put                        
2000e8d7  NoRTOS_start                    
2000c041  PRCMCC3200MCUInit               
2000e5f3  PRCMHIBRegRead                  
2000e60d  PRCMHIBRegWrite                 
2000d4bd  PRCMHibernateWakeUpGPIOSelect   
2000d871  PRCMHibernateWakeupSourceDisable
2000db85  PRCMHibernateWakeupSourceEnable 
2000dd05  PRCMIntEnable                   
2000da35  PRCMLPDSEnter                   
2000dddd  PRCMLPDSEnterKeepDebugIf        
2000e289  PRCMLPDSIntervalSet             
2000dc71  PRCMLPDSRestoreInfoSet          
2000e371  PRCMLPDSWakeUpGPIOSelect        
2000e867  PRCMLPDSWakeupCauseGet          
2000e627  PRCMLPDSWakeupSourceDisable     
2000e439  PRCMLPDSWakeupSourceEnable      
2000e39b  PRCMPeripheralClkDisable        
2000d929  PRCMPeripheralClkEnable         
2000d6e1  PRCMPeripheralReset             
2000dd4d  PRCMPeripheralStatusGet         
2000e3c5  PRCMSRAMRetentionEnable         
2000e8a7  PRCMSleepEnter                  
2000e2b9  PRCMSlowClkCtrFastGet           
2000d2b9  PRCMSysResetCauseGet            
2000dd95  PinConfigGet                    
2000d04d  PinConfigSet                    
2000e189  PinDirModeGet                   
2000dff9  PinDirModeSet                   
2000e11d  PinLock                         
2000d531  PinLockLevelSet                 
2000e1bd  PinModeGet                      
2000df35  PinModeSet                      
2000e641  PinToPadGet                     
2000e4eb  PinUnlock                       
2000f1f0  PowerCC32XX_config              
2000d349  PowerCC32XX_configureWakeup     
2000f2c0  PowerCC32XX_contextSave         
2000d191  PowerCC32XX_enterLPDS           
2000d227  PowerCC32XX_initPolicy          
2000ebfc  PowerCC32XX_module              
2000e1f1  PowerCC32XX_parkPin             
2000e45d  PowerCC32XX_restoreParkedPin    
2000d1d5  PowerCC32XX_resumeLPDS          
2000dae1  PowerCC32XX_setParkState        
2000c8dd  PowerCC32XX_sleepPolicy         
2000e70d  Power_disablePolicy             
2000e82d  Power_enablePolicy              
2000e875  Power_getConstraintMask         
2000e721  Power_getTransitionLatency      
2000e735  Power_idleFunc                  
2000d3d1  Power_init                      
2000e481  Power_registerNotify            
2000d59d  Power_setDependency             
2000c4f9  Power_sleep                     
2000dbd5  SemaphoreP_construct            
2000e68b  SemaphoreP_create               
2000e52d  SemaphoreP_createBinary         
2000ef50  SemaphoreP_defaultParams        
2000e8db  SemaphoreP_delete               
2000d0f1  SemaphoreP_pend                 
2000dfb9  SemaphoreP_post                 
2000e585  SwiP_disable                    
2000e0ad  SwiP_restore                    
2000e793  SysTickEnable                   
2000e7a5  SysTickIntDisable               
2000e7b7  SysTickIntEnable                
2000e6b9  SysTickPeriodSet                
2000e7c9  TI_memcpy_small                 
2000e8af  UtilsDelay                      
20004000  __STACK_END                     
00001000  __STACK_SIZE                    
00008000  __SYSMEM_SIZE                   
2000f5f4  __TI_CINIT_Base                 
2000f604  __TI_CINIT_Limit                
2000f604  __TI_CINIT_Warm                 
2000f5e0  __TI_Handler_Table_Base         
2000f5ec  __TI_Handler_Table_Limit        
2000e0e5  __TI_auto_init_nobinit_nopinit  
2000d74b  __TI_decompress_lzss            
2000e84d  __TI_decompress_none            
ffffffff  __TI_pprof_out_hndl             
ffffffff  __TI_prof_data_size             
ffffffff  __TI_prof_data_start            
2000f50c  __TI_static_base__              
2000e7db  __TI_zero_init_nomemset         
2000d347  __aeabi_ldiv0                   
2000e8e9  __aeabi_memcpy                  
2000e8e9  __aeabi_memcpy4                 
2000e8e9  __aeabi_memcpy8                 
2000e749  __aeabi_uldivmod                
ffffffff  __binit__                       
UNDEFED   __mpu_init                      
20003000  __stack                         
20004000  __start___llvm_prf_bits         
20004000  __start___llvm_prf_cnts         
20004000  __stop___llvm_prf_bits          
20004000  __stop___llvm_prf_cnts          
2000ce4d  __udivmoddi4                    
2000e4a5  _c_int00_noargs                 
2000ef64  _lock                           
2000d983  _nop                            
20004040  _sys_memory                     
UNDEFED   _system_post_cinit              
2000e8df  _system_pre_init                
2000ef68  _unlock                         
2000e8e3  abort                           
2000cb6d  aligned_alloc                   
ffffffff  binit                           
2000de67  clkFxn                          
2000cc8d  free                            
2000e8bf  gpioButtonFxn0                  
2000e8c5  gpioButtonFxn1                  
2000f3ec  gpioCallbackFunctions           
2000ee60  gpioPinConfigs                  
2000f470  gpioUserArgs                    
2000e225  initVectors                     
2000e83d  main                            
2000d8cd  mainThread                      
2000e8b7  malloc                          
2000cb6d  memalign                        
2000ed68  parkInfo                        
2000e5bd  resetISR                        


GLOBAL SYMBOLS: SORTED BY Symbol Address 

address   name                            
-------   ----                            
00001000  __STACK_SIZE                    
00008000  __SYSMEM_SIZE                   
20003000  __stack                         
20004000  __STACK_END                     
20004000  __start___llvm_prf_bits         
20004000  __start___llvm_prf_cnts         
20004000  __stop___llvm_prf_bits          
20004000  __stop___llvm_prf_cnts          
20004040  _sys_memory                     
2000c041  PRCMCC3200MCUInit               
2000c4f9  Power_sleep                     
2000c8dd  PowerCC32XX_sleepPolicy         
2000ca2d  GPIO_setConfig                  
2000cb6d  aligned_alloc                   
2000cb6d  memalign                        
2000cc8d  free                            
2000cd85  IntEnable                       
2000ce4d  __udivmoddi4                    
2000cefd  GPIOIntTypeSet                  
2000cfa9  IntPendSet                      
2000d04d  PinConfigSet                    
2000d0ef  Board_initHook                  
2000d0f1  SemaphoreP_pend                 
2000d189  HwiP_disable                    
2000d191  PowerCC32XX_enterLPDS           
2000d1d5  PowerCC32XX_resumeLPDS          
2000d227  PowerCC32XX_initPolicy          
2000d229  GPIO_init                       
2000d2b9  PRCMSysResetCauseGet            
2000d347  __aeabi_ldiv0                   
2000d349  PowerCC32XX_configureWakeup     
2000d3d1  Power_init                      
2000d449  HwiP_construct                  
2000d4bd  PRCMHibernateWakeUpGPIOSelect   
2000d531  PinLockLevelSet                 
2000d59d  Power_setDependency             
2000d6e1  PRCMPeripheralReset             
2000d74b  __TI_decompress_lzss            
2000d7b5  GPIO_write                      
2000d815  FlashDisable                    
2000d871  PRCMHibernateWakeupSourceDisable
2000d8cd  mainThread                      
2000d929  PRCMPeripheralClkEnable         
2000d983  _nop                            
2000d985  ClockP_startup                  
2000d9dd  IntPrioritySet                  
2000da35  PRCMLPDSEnter                   
2000da8d  GPIO_toggle                     
2000dae1  PowerCC32XX_setParkState        
2000db35  GPIO_hwiIntFxn                  
2000db85  PRCMHibernateWakeupSourceEnable 
2000dbd5  SemaphoreP_construct            
2000dc25  GPIO_setInterruptConfig         
2000dc71  PRCMLPDSRestoreInfoSet          
2000dcbd  ClockP_sysTickHandler           
2000dd05  PRCMIntEnable                   
2000dd4d  PRCMPeripheralStatusGet         
2000dd95  PinConfigGet                    
2000dddd  PRCMLPDSEnterKeepDebugIf        
2000de23  GPIODirModeSet                  
2000de67  clkFxn                          
2000de69  GPIO_disableInt                 
2000dead  GPIO_enableInt                  
2000df35  PinModeSet                      
2000dfb9  SemaphoreP_post                 
2000dff9  PinDirModeSet                   
2000e039  ClockP_stop                     
2000e075  ClockP_destruct                 
2000e0ad  SwiP_restore                    
2000e0e5  __TI_auto_init_nobinit_nopinit  
2000e11d  PinLock                         
2000e155  ClockP_start                    
2000e189  PinDirModeGet                   
2000e1bd  PinModeGet                      
2000e1f1  PowerCC32XX_parkPin             
2000e225  initVectors                     
2000e259  ClockP_getTicksUntilInterrupt   
2000e289  PRCMLPDSIntervalSet             
2000e2b9  PRCMSlowClkCtrFastGet           
2000e319  GPIOIntStatus                   
2000e347  HwiP_create                     
2000e371  PRCMLPDSWakeUpGPIOSelect        
2000e39b  PRCMPeripheralClkDisable        
2000e3c5  PRCMSRAMRetentionEnable         
2000e415  List_put                        
2000e439  PRCMLPDSWakeupSourceEnable      
2000e45d  PowerCC32XX_restoreParkedPin    
2000e481  Power_registerNotify            
2000e4a5  _c_int00_noargs                 
2000e4c9  GPIOPinWrite                    
2000e4eb  PinUnlock                       
2000e50d  IntRegister                     
2000e52d  SemaphoreP_createBinary         
2000e54d  GPIO_setCallback                
2000e569  HwiP_dispatch                   
2000e585  SwiP_disable                    
2000e5bd  resetISR                        
2000e5d9  GPIOIntDisable                  
2000e5f3  PRCMHIBRegRead                  
2000e60d  PRCMHIBRegWrite                 
2000e627  PRCMLPDSWakeupSourceDisable     
2000e641  PinToPadGet                     
2000e65b  GPIOIntEnable                   
2000e673  GPIOPinRead                     
2000e68b  SemaphoreP_create               
2000e6a3  Board_init                      
2000e6b9  SysTickPeriodSet                
2000e6cf  CPUcpsid                        
2000e6e3  CPUcpsie                        
2000e6f7  IntVTableBaseSet                
2000e70d  Power_disablePolicy             
2000e721  Power_getTransitionLatency      
2000e735  Power_idleFunc                  
2000e749  __aeabi_uldivmod                
2000e75d  ClockP_add                      
2000e76f  GPIOIntClear                    
2000e781  HwiP_Params_init                
2000e793  SysTickEnable                   
2000e7a5  SysTickIntDisable               
2000e7b7  SysTickIntEnable                
2000e7c9  TI_memcpy_small                 
2000e7db  __TI_zero_init_nomemset         
2000e7ed  ClockP_getCpuFreq               
2000e7fd  ClockP_getSystemTicks           
2000e80d  ClockP_setTicks                 
2000e81d  HwiP_inISR                      
2000e82d  Power_enablePolicy              
2000e83d  main                            
2000e84d  __TI_decompress_none            
2000e85b  CPUwfi                          
2000e867  PRCMLPDSWakeupCauseGet          
2000e875  Power_getConstraintMask         
2000e881  ClockP_isActive                 
2000e88b  IntMasterDisable                
2000e895  IntMasterEnable                 
2000e89f  HwiP_restore                    
2000e8a7  PRCMSleepEnter                  
2000e8af  UtilsDelay                      
2000e8b7  malloc                          
2000e8bf  gpioButtonFxn0                  
2000e8c5  gpioButtonFxn1                  
2000e8cb  ClockP_doTick                   
2000e8cf  HwiP_enable                     
2000e8d3  HwiP_post                       
2000e8d7  NoRTOS_start                    
2000e8db  SemaphoreP_delete               
2000e8df  _system_pre_init                
2000e8e2  C$$EXIT                         
2000e8e3  abort                           
2000e8e9  __aeabi_memcpy                  
2000e8e9  __aeabi_memcpy4                 
2000e8e9  __aeabi_memcpy8                 
2000ebfc  PowerCC32XX_module              
2000ed68  parkInfo                        
2000ee60  gpioPinConfigs                  
2000ef50  SemaphoreP_defaultParams        
2000ef5c  ClockP_tickPeriod               
2000ef60  HwiP_swiPIntNum                 
2000ef64  _lock                           
2000ef68  _unlock                         
2000f1f0  PowerCC32XX_config              
2000f27d  GPIO_pinUpperBound              
2000f2b0  GPIO_config                     
2000f2c0  PowerCC32XX_contextSave         
2000f3ec  gpioCallbackFunctions           
2000f470  gpioUserArgs                    
2000f4f8  ClockP_ctrl                     
2000f50c  __TI_static_base__              
2000f5e0  __TI_Handler_Table_Base         
2000f5ec  __TI_Handler_Table_Limit        
2000f5f4  __TI_CINIT_Base                 
2000f604  __TI_CINIT_Limit                
2000f604  __TI_CINIT_Warm                 
ffffffff  __TI_pprof_out_hndl             
ffffffff  __TI_prof_data_size             
ffffffff  __TI_prof_data_start            
ffffffff  __binit__                       
ffffffff  binit                           
UNDEFED   ITM_flush                       
UNDEFED   ITM_restore                     
UNDEFED   __mpu_init                      
UNDEFED   _system_post_cinit              

[182 symbols]
