<?xml version="1.0" encoding="ISO-8859-1" ?>
<link_info>
   <banner>TI ARM Clang Linker PC v2.1.3.LTS</banner>
   <copyright>Copyright (c) 1996-2018 Texas Instruments Incorporated</copyright>
   <link_time>0x64bec812</link_time>
   <link_errors>0x0</link_errors>
   <output_file>gpiointerrupt_CC3220S_LAUNCHXL_nortos_ticlang.out</output_file>
   <entry_point>
      <name>resetISR</name>
      <address>0x2000e5bd</address>
   </entry_point>
   <input_file_list>
      <input_file id="fl-1">
         <path>.\</path>
         <kind>object</kind>
         <file>gpiointerrupt.o</file>
         <name>gpiointerrupt.o</name>
      </input_file>
      <input_file id="fl-2">
         <path>.\syscfg\</path>
         <kind>object</kind>
         <file>ti_drivers_config.o</file>
         <name>ti_drivers_config.o</name>
      </input_file>
      <input_file id="fl-3">
         <path>.\</path>
         <kind>object</kind>
         <file>main_nortos.o</file>
         <name>main_nortos.o</name>
      </input_file>
      <input_file id="fl-13">
         <kind>object</kind>
         <file>&lt;internal&gt;</file>
         <name>&lt;internal&gt;</name>
      </input_file>
      <input_file id="fl-14">
         <path>C:\ti\simplelink_cc32xx_sdk_7_10_00_13\source\ti\drivers\lib\ticlang\m4\</path>
         <kind>archive</kind>
         <file>drivers_cc32xx.a</file>
         <name>GPIO.c.obj</name>
      </input_file>
      <input_file id="fl-15">
         <path>C:\ti\simplelink_cc32xx_sdk_7_10_00_13\source\ti\drivers\lib\ticlang\m4\</path>
         <kind>archive</kind>
         <file>drivers_cc32xx.a</file>
         <name>GPIOCC32XX.c.obj</name>
      </input_file>
      <input_file id="fl-16">
         <path>C:\ti\simplelink_cc32xx_sdk_7_10_00_13\source\ti\drivers\lib\ticlang\m4\</path>
         <kind>archive</kind>
         <file>drivers_cc32xx.a</file>
         <name>PowerCC32XX.c.obj</name>
      </input_file>
      <input_file id="fl-17">
         <path>C:\ti\simplelink_cc32xx_sdk_7_10_00_13\source\ti\drivers\lib\ticlang\m4\</path>
         <kind>archive</kind>
         <file>drivers_cc32xx.a</file>
         <name>PowerCC32XX_ticlang.asm.obj</name>
      </input_file>
      <input_file id="fl-18">
         <path>C:\ti\simplelink_cc32xx_sdk_7_10_00_13\source\ti\drivers\lib\ticlang\m4\</path>
         <kind>archive</kind>
         <file>drivers_cc32xx.a</file>
         <name>List.c.obj</name>
      </input_file>
      <input_file id="fl-19">
         <path>C:\ti\simplelink_cc32xx_sdk_7_10_00_13\kernel\nortos\lib\ticlang\m4\</path>
         <kind>archive</kind>
         <file>nortos_cc32xx.a</file>
         <name>NoRTOS.c.obj</name>
      </input_file>
      <input_file id="fl-1a">
         <path>C:\ti\simplelink_cc32xx_sdk_7_10_00_13\kernel\nortos\lib\ticlang\m4\</path>
         <kind>archive</kind>
         <file>nortos_cc32xx.a</file>
         <name>SemaphoreP_nortos.c.obj</name>
      </input_file>
      <input_file id="fl-1b">
         <path>C:\ti\simplelink_cc32xx_sdk_7_10_00_13\kernel\nortos\lib\ticlang\m4\</path>
         <kind>archive</kind>
         <file>nortos_cc32xx.a</file>
         <name>ClockPSysTick_nortos.c.obj</name>
      </input_file>
      <input_file id="fl-1c">
         <path>C:\ti\simplelink_cc32xx_sdk_7_10_00_13\kernel\nortos\lib\ticlang\m4\</path>
         <kind>archive</kind>
         <file>nortos_cc32xx.a</file>
         <name>HwiPCC32XX_nortos.c.obj</name>
      </input_file>
      <input_file id="fl-1d">
         <path>C:\ti\simplelink_cc32xx_sdk_7_10_00_13\kernel\nortos\lib\ticlang\m4\</path>
         <kind>archive</kind>
         <file>nortos_cc32xx.a</file>
         <name>PowerCC32XX_nortos.c.obj</name>
      </input_file>
      <input_file id="fl-1e">
         <path>C:\ti\simplelink_cc32xx_sdk_7_10_00_13\kernel\nortos\lib\ticlang\m4\</path>
         <kind>archive</kind>
         <file>nortos_cc32xx.a</file>
         <name>startup_cc32xx_ticlang.c.obj</name>
      </input_file>
      <input_file id="fl-1f">
         <path>C:\ti\simplelink_cc32xx_sdk_7_10_00_13\kernel\nortos\lib\ticlang\m4\</path>
         <kind>archive</kind>
         <file>nortos_cc32xx.a</file>
         <name>SwiP_nortos.c.obj</name>
      </input_file>
      <input_file id="fl-20">
         <path>C:\ti\simplelink_cc32xx_sdk_7_10_00_13\source\ti\devices\cc32xx\driverlib\ticlang\Release\</path>
         <kind>archive</kind>
         <file>driverlib.a</file>
         <name>cpu.obj</name>
      </input_file>
      <input_file id="fl-21">
         <path>C:\ti\simplelink_cc32xx_sdk_7_10_00_13\source\ti\devices\cc32xx\driverlib\ticlang\Release\</path>
         <kind>archive</kind>
         <file>driverlib.a</file>
         <name>gpio.obj</name>
      </input_file>
      <input_file id="fl-22">
         <path>C:\ti\simplelink_cc32xx_sdk_7_10_00_13\source\ti\devices\cc32xx\driverlib\ticlang\Release\</path>
         <kind>archive</kind>
         <file>driverlib.a</file>
         <name>hwspinlock.obj</name>
      </input_file>
      <input_file id="fl-23">
         <path>C:\ti\simplelink_cc32xx_sdk_7_10_00_13\source\ti\devices\cc32xx\driverlib\ticlang\Release\</path>
         <kind>archive</kind>
         <file>driverlib.a</file>
         <name>interrupt.obj</name>
      </input_file>
      <input_file id="fl-24">
         <path>C:\ti\simplelink_cc32xx_sdk_7_10_00_13\source\ti\devices\cc32xx\driverlib\ticlang\Release\</path>
         <kind>archive</kind>
         <file>driverlib.a</file>
         <name>pin.obj</name>
      </input_file>
      <input_file id="fl-25">
         <path>C:\ti\simplelink_cc32xx_sdk_7_10_00_13\source\ti\devices\cc32xx\driverlib\ticlang\Release\</path>
         <kind>archive</kind>
         <file>driverlib.a</file>
         <name>prcm.obj</name>
      </input_file>
      <input_file id="fl-26">
         <path>C:\ti\simplelink_cc32xx_sdk_7_10_00_13\source\ti\devices\cc32xx\driverlib\ticlang\Release\</path>
         <kind>archive</kind>
         <file>driverlib.a</file>
         <name>spi.obj</name>
      </input_file>
      <input_file id="fl-27">
         <path>C:\ti\simplelink_cc32xx_sdk_7_10_00_13\source\ti\devices\cc32xx\driverlib\ticlang\Release\</path>
         <kind>archive</kind>
         <file>driverlib.a</file>
         <name>systick.obj</name>
      </input_file>
      <input_file id="fl-28">
         <path>C:\ti\simplelink_cc32xx_sdk_7_10_00_13\source\ti\devices\cc32xx\driverlib\ticlang\Release\</path>
         <kind>archive</kind>
         <file>driverlib.a</file>
         <name>utils.obj</name>
      </input_file>
      <input_file id="fl-29">
         <path>C:\ti\simplelink_cc32xx_sdk_7_10_00_13\source\ti\devices\cc32xx\driverlib\ticlang\Release\</path>
         <kind>archive</kind>
         <file>driverlib.a</file>
         <name>flash.obj</name>
      </input_file>
      <input_file id="fl-35">
         <path>C:\ti\ccs1230\ccs\tools\compiler\ti-cgt-armllvm_2.1.3.LTS\lib\armv7em-ti-none-eabi\c\</path>
         <kind>archive</kind>
         <file>libc.a</file>
         <name>memory.c.obj</name>
      </input_file>
      <input_file id="fl-36">
         <path>C:\ti\ccs1230\ccs\tools\compiler\ti-cgt-armllvm_2.1.3.LTS\lib\armv7em-ti-none-eabi\c\</path>
         <kind>archive</kind>
         <file>libc.a</file>
         <name>copy_zero_init.c.obj</name>
      </input_file>
      <input_file id="fl-37">
         <path>C:\ti\ccs1230\ccs\tools\compiler\ti-cgt-armllvm_2.1.3.LTS\lib\armv7em-ti-none-eabi\c\</path>
         <kind>archive</kind>
         <file>libc.a</file>
         <name>copy_decompress_none.c.obj</name>
      </input_file>
      <input_file id="fl-38">
         <path>C:\ti\ccs1230\ccs\tools\compiler\ti-cgt-armllvm_2.1.3.LTS\lib\armv7em-ti-none-eabi\c\</path>
         <kind>archive</kind>
         <file>libc.a</file>
         <name>copy_decompress_lzss.c.obj</name>
      </input_file>
      <input_file id="fl-39">
         <path>C:\ti\ccs1230\ccs\tools\compiler\ti-cgt-armllvm_2.1.3.LTS\lib\armv7em-ti-none-eabi\c\</path>
         <kind>archive</kind>
         <file>libc.a</file>
         <name>boot_cortex_m.c.obj</name>
      </input_file>
      <input_file id="fl-3a">
         <path>C:\ti\ccs1230\ccs\tools\compiler\ti-cgt-armllvm_2.1.3.LTS\lib\armv7em-ti-none-eabi\c\</path>
         <kind>archive</kind>
         <file>libc.a</file>
         <name>mathacl_init.c.obj</name>
      </input_file>
      <input_file id="fl-3b">
         <path>C:\ti\ccs1230\ccs\tools\compiler\ti-cgt-armllvm_2.1.3.LTS\lib\armv7em-ti-none-eabi\c\</path>
         <kind>archive</kind>
         <file>libc.a</file>
         <name>exit.c.obj</name>
      </input_file>
      <input_file id="fl-3c">
         <path>C:\ti\ccs1230\ccs\tools\compiler\ti-cgt-armllvm_2.1.3.LTS\lib\armv7em-ti-none-eabi\c\</path>
         <kind>archive</kind>
         <file>libc.a</file>
         <name>_lock.c.obj</name>
      </input_file>
      <input_file id="fl-3d">
         <path>C:\ti\ccs1230\ccs\tools\compiler\ti-cgt-armllvm_2.1.3.LTS\lib\armv7em-ti-none-eabi\c\</path>
         <kind>archive</kind>
         <file>libc.a</file>
         <name>args_main.c.obj</name>
      </input_file>
      <input_file id="fl-3e">
         <path>C:\ti\ccs1230\ccs\tools\compiler\ti-cgt-armllvm_2.1.3.LTS\lib\armv7em-ti-none-eabi\c\</path>
         <kind>archive</kind>
         <file>libc.a</file>
         <name>autoinit.c.obj</name>
      </input_file>
      <input_file id="fl-3f">
         <path>C:\ti\ccs1230\ccs\tools\compiler\ti-cgt-armllvm_2.1.3.LTS\lib\armv7em-ti-none-eabi\c\</path>
         <kind>archive</kind>
         <file>libc.a</file>
         <name>pre_init.c.obj</name>
      </input_file>
      <input_file id="fl-40">
         <path>C:\ti\ccs1230\ccs\tools\compiler\ti-cgt-armllvm_2.1.3.LTS\lib\armv7em-ti-none-eabi\c\</path>
         <kind>archive</kind>
         <file>libc.a</file>
         <name>cpy_tbl.c.obj</name>
      </input_file>
      <input_file id="fl-79">
         <path>C:\ti\ccs1230\ccs\tools\compiler\ti-cgt-armllvm_2.1.3.LTS\lib\clang\14.0.6\lib\armv7em-ti-none-eabi\</path>
         <kind>archive</kind>
         <file>libclang_rt.builtins.a</file>
         <name>aeabi_memcpy.S.obj</name>
      </input_file>
      <input_file id="fl-7a">
         <path>C:\ti\ccs1230\ccs\tools\compiler\ti-cgt-armllvm_2.1.3.LTS\lib\clang\14.0.6\lib\armv7em-ti-none-eabi\</path>
         <kind>archive</kind>
         <file>libclang_rt.builtins.a</file>
         <name>aeabi_memset.S.obj</name>
      </input_file>
      <input_file id="fl-7b">
         <path>C:\ti\ccs1230\ccs\tools\compiler\ti-cgt-armllvm_2.1.3.LTS\lib\clang\14.0.6\lib\armv7em-ti-none-eabi\</path>
         <kind>archive</kind>
         <file>libclang_rt.builtins.a</file>
         <name>aeabi_uldivmod.S.obj</name>
      </input_file>
      <input_file id="fl-7c">
         <path>C:\ti\ccs1230\ccs\tools\compiler\ti-cgt-armllvm_2.1.3.LTS\lib\clang\14.0.6\lib\armv7em-ti-none-eabi\</path>
         <kind>archive</kind>
         <file>libclang_rt.builtins.a</file>
         <name>udivmoddi4.S.obj</name>
      </input_file>
      <input_file id="fl-7d">
         <path>C:\ti\ccs1230\ccs\tools\compiler\ti-cgt-armllvm_2.1.3.LTS\lib\clang\14.0.6\lib\armv7em-ti-none-eabi\</path>
         <kind>archive</kind>
         <file>libclang_rt.builtins.a</file>
         <name>aeabi_div0.c.obj</name>
      </input_file>
      <input_file id="fl-7e">
         <path>C:\ti\ccs1230\ccs\tools\compiler\ti-cgt-armllvm_2.1.3.LTS\lib\armv7em-ti-none-eabi\c\</path>
         <kind>archive</kind>
         <file>libc.a</file>
         <name>memcpy_t2.S.obj</name>
      </input_file>
      <input_file id="fl-7f">
         <path>C:\ti\ccs1230\ccs\tools\compiler\ti-cgt-armllvm_2.1.3.LTS\lib\armv7em-ti-none-eabi\c\</path>
         <kind>archive</kind>
         <file>libc.a</file>
         <name>memset_t2.S.obj</name>
      </input_file>
   </input_file_list>
   <object_component_list>
      <object_component id="oc-c8">
         <name>.text.PRCMCC3200MCUInit</name>
         <load_address>0x2000c040</load_address>
         <run_address>0x2000c040</run_address>
         <size>0x4b8</size>
         <input_file_ref idref="fl-25"/>
      </object_component>
      <object_component id="oc-196">
         <name>.text.Power_sleep</name>
         <load_address>0x2000c4f8</load_address>
         <run_address>0x2000c4f8</run_address>
         <size>0x3e4</size>
         <input_file_ref idref="fl-16"/>
      </object_component>
      <object_component id="oc-158">
         <name>.text.PowerCC32XX_sleepPolicy</name>
         <load_address>0x2000c8dc</load_address>
         <run_address>0x2000c8dc</run_address>
         <size>0x150</size>
         <input_file_ref idref="fl-1d"/>
      </object_component>
      <object_component id="oc-ea">
         <name>.text.GPIO_setConfig</name>
         <load_address>0x2000ca2c</load_address>
         <run_address>0x2000ca2c</run_address>
         <size>0x140</size>
         <input_file_ref idref="fl-15"/>
      </object_component>
      <object_component id="oc-1a6">
         <name>.text.aligned_alloc</name>
         <load_address>0x2000cb6c</load_address>
         <run_address>0x2000cb6c</run_address>
         <size>0x120</size>
         <input_file_ref idref="fl-35"/>
      </object_component>
      <object_component id="oc-15f">
         <name>.text.free</name>
         <load_address>0x2000cc8c</load_address>
         <run_address>0x2000cc8c</run_address>
         <size>0xf8</size>
         <input_file_ref idref="fl-35"/>
      </object_component>
      <object_component id="oc-1a9">
         <name>.text.IntEnable</name>
         <load_address>0x2000cd84</load_address>
         <run_address>0x2000cd84</run_address>
         <size>0xc8</size>
         <input_file_ref idref="fl-23"/>
      </object_component>
      <object_component id="oc-1b3">
         <name>.text</name>
         <load_address>0x2000ce4c</load_address>
         <run_address>0x2000ce4c</run_address>
         <size>0xb0</size>
         <input_file_ref idref="fl-7c"/>
      </object_component>
      <object_component id="oc-179">
         <name>.text.GPIOIntTypeSet</name>
         <load_address>0x2000cefc</load_address>
         <run_address>0x2000cefc</run_address>
         <size>0xac</size>
         <input_file_ref idref="fl-21"/>
      </object_component>
      <object_component id="oc-1e4">
         <name>.text.IntPendSet</name>
         <load_address>0x2000cfa8</load_address>
         <run_address>0x2000cfa8</run_address>
         <size>0xa4</size>
         <input_file_ref idref="fl-23"/>
      </object_component>
      <object_component id="oc-134">
         <name>.text.PinConfigSet</name>
         <load_address>0x2000d04c</load_address>
         <run_address>0x2000d04c</run_address>
         <size>0xa2</size>
         <input_file_ref idref="fl-24"/>
      </object_component>
      <object_component id="oc-d8">
         <name>.text.Board_initHook</name>
         <load_address>0x2000d0ee</load_address>
         <run_address>0x2000d0ee</run_address>
         <size>0x2</size>
         <input_file_ref idref="fl-2"/>
      </object_component>
      <object_component id="oc-11c">
         <name>.text.SemaphoreP_pend</name>
         <load_address>0x2000d0f0</load_address>
         <run_address>0x2000d0f0</run_address>
         <size>0x98</size>
         <input_file_ref idref="fl-1a"/>
      </object_component>
      <object_component id="oc-119">
         <name>.text.HwiP_disable</name>
         <load_address>0x2000d188</load_address>
         <run_address>0x2000d188</run_address>
         <size>0x8</size>
         <input_file_ref idref="fl-1c"/>
      </object_component>
      <object_component id="oc-1c0">
         <name>.text</name>
         <load_address>0x2000d190</load_address>
         <run_address>0x2000d190</run_address>
         <size>0x96</size>
         <input_file_ref idref="fl-17"/>
      </object_component>
      <object_component id="oc-153">
         <name>.text.PowerCC32XX_initPolicy</name>
         <load_address>0x2000d226</load_address>
         <run_address>0x2000d226</run_address>
         <size>0x2</size>
         <input_file_ref idref="fl-1d"/>
      </object_component>
      <object_component id="oc-d2">
         <name>.text.GPIO_init</name>
         <load_address>0x2000d228</load_address>
         <run_address>0x2000d228</run_address>
         <size>0x90</size>
         <input_file_ref idref="fl-15"/>
      </object_component>
      <object_component id="oc-fb">
         <name>.text.PRCMSysResetCauseGet</name>
         <load_address>0x2000d2b8</load_address>
         <run_address>0x2000d2b8</run_address>
         <size>0x8e</size>
         <input_file_ref idref="fl-25"/>
      </object_component>
      <object_component id="oc-1d3">
         <name>.text.__aeabi_ldiv0</name>
         <load_address>0x2000d346</load_address>
         <run_address>0x2000d346</run_address>
         <size>0x2</size>
         <input_file_ref idref="fl-7d"/>
      </object_component>
      <object_component id="oc-10d">
         <name>.text.PowerCC32XX_configureWakeup</name>
         <load_address>0x2000d348</load_address>
         <run_address>0x2000d348</run_address>
         <size>0x88</size>
         <input_file_ref idref="fl-16"/>
      </object_component>
      <object_component id="oc-cd">
         <name>.text.Power_init</name>
         <load_address>0x2000d3d0</load_address>
         <run_address>0x2000d3d0</run_address>
         <size>0x78</size>
         <input_file_ref idref="fl-16"/>
      </object_component>
      <object_component id="oc-178">
         <name>.text.HwiP_construct</name>
         <load_address>0x2000d448</load_address>
         <run_address>0x2000d448</run_address>
         <size>0x74</size>
         <input_file_ref idref="fl-1c"/>
      </object_component>
      <object_component id="oc-150">
         <name>.text.PRCMHibernateWakeUpGPIOSelect</name>
         <load_address>0x2000d4bc</load_address>
         <run_address>0x2000d4bc</run_address>
         <size>0x74</size>
         <input_file_ref idref="fl-25"/>
      </object_component>
      <object_component id="oc-1bd">
         <name>.text.PinLockLevelSet</name>
         <load_address>0x2000d530</load_address>
         <run_address>0x2000d530</run_address>
         <size>0x6c</size>
         <input_file_ref idref="fl-24"/>
      </object_component>
      <object_component id="oc-135">
         <name>.text.Power_setDependency</name>
         <load_address>0x2000d59c</load_address>
         <run_address>0x2000d59c</run_address>
         <size>0x6c</size>
         <input_file_ref idref="fl-16"/>
      </object_component>
      <object_component id="oc-123">
         <name>.text.powerNotifyFxn</name>
         <load_address>0x2000d608</load_address>
         <run_address>0x2000d608</run_address>
         <size>0x6c</size>
         <input_file_ref idref="fl-15"/>
      </object_component>
      <object_component id="oc-1ce">
         <name>.text.split</name>
         <load_address>0x2000d674</load_address>
         <run_address>0x2000d674</run_address>
         <size>0x6c</size>
         <input_file_ref idref="fl-35"/>
      </object_component>
      <object_component id="oc-103">
         <name>.text.PRCMPeripheralReset</name>
         <load_address>0x2000d6e0</load_address>
         <run_address>0x2000d6e0</run_address>
         <size>0x6a</size>
         <input_file_ref idref="fl-25"/>
      </object_component>
      <object_component id="oc-18">
         <name>.text:decompress:lzss</name>
         <load_address>0x2000d74a</load_address>
         <run_address>0x2000d74a</run_address>
         <size>0x6a</size>
         <input_file_ref idref="fl-38"/>
      </object_component>
      <object_component id="oc-e3">
         <name>.text.GPIO_write</name>
         <load_address>0x2000d7b4</load_address>
         <run_address>0x2000d7b4</run_address>
         <size>0x60</size>
         <input_file_ref idref="fl-15"/>
      </object_component>
      <object_component id="oc-1df">
         <name>.text.FlashDisable</name>
         <load_address>0x2000d814</load_address>
         <run_address>0x2000d814</run_address>
         <size>0x5c</size>
         <input_file_ref idref="fl-29"/>
      </object_component>
      <object_component id="oc-152">
         <name>.text.PRCMHibernateWakeupSourceDisable</name>
         <load_address>0x2000d870</load_address>
         <run_address>0x2000d870</run_address>
         <size>0x5c</size>
         <input_file_ref idref="fl-25"/>
      </object_component>
      <object_component id="oc-a6">
         <name>.text.mainThread</name>
         <load_address>0x2000d8cc</load_address>
         <run_address>0x2000d8cc</run_address>
         <size>0x5c</size>
         <input_file_ref idref="fl-1"/>
      </object_component>
      <object_component id="oc-102">
         <name>.text.PRCMPeripheralClkEnable</name>
         <load_address>0x2000d928</load_address>
         <run_address>0x2000d928</run_address>
         <size>0x5a</size>
         <input_file_ref idref="fl-25"/>
      </object_component>
      <object_component id="oc-13e">
         <name>.text._nop</name>
         <load_address>0x2000d982</load_address>
         <run_address>0x2000d982</run_address>
         <size>0x2</size>
         <input_file_ref idref="fl-3c"/>
      </object_component>
      <object_component id="oc-1b1">
         <name>.text.ClockP_startup</name>
         <load_address>0x2000d984</load_address>
         <run_address>0x2000d984</run_address>
         <size>0x58</size>
         <input_file_ref idref="fl-1b"/>
      </object_component>
      <object_component id="oc-1a8">
         <name>.text.IntPrioritySet</name>
         <load_address>0x2000d9dc</load_address>
         <run_address>0x2000d9dc</run_address>
         <size>0x58</size>
         <input_file_ref idref="fl-23"/>
      </object_component>
      <object_component id="oc-1ca">
         <name>.text.PRCMLPDSEnter</name>
         <load_address>0x2000da34</load_address>
         <run_address>0x2000da34</run_address>
         <size>0x56</size>
         <input_file_ref idref="fl-25"/>
      </object_component>
      <object_component id="oc-4e">
         <name>.text.busFaultHandler</name>
         <load_address>0x2000da8a</load_address>
         <run_address>0x2000da8a</run_address>
         <size>0x2</size>
         <input_file_ref idref="fl-1e"/>
      </object_component>
      <object_component id="oc-13d">
         <name>.text.GPIO_toggle</name>
         <load_address>0x2000da8c</load_address>
         <run_address>0x2000da8c</run_address>
         <size>0x54</size>
         <input_file_ref idref="fl-15"/>
      </object_component>
      <object_component id="oc-172">
         <name>.text.PowerCC32XX_setParkState</name>
         <load_address>0x2000dae0</load_address>
         <run_address>0x2000dae0</run_address>
         <size>0x54</size>
         <input_file_ref idref="fl-16"/>
      </object_component>
      <object_component id="oc-13c">
         <name>.text.GPIO_hwiIntFxn</name>
         <load_address>0x2000db34</load_address>
         <run_address>0x2000db34</run_address>
         <size>0x50</size>
         <input_file_ref idref="fl-15"/>
      </object_component>
      <object_component id="oc-151">
         <name>.text.PRCMHibernateWakeupSourceEnable</name>
         <load_address>0x2000db84</load_address>
         <run_address>0x2000db84</run_address>
         <size>0x50</size>
         <input_file_ref idref="fl-25"/>
      </object_component>
      <object_component id="oc-19f">
         <name>.text.SemaphoreP_construct</name>
         <load_address>0x2000dbd4</load_address>
         <run_address>0x2000dbd4</run_address>
         <size>0x50</size>
         <input_file_ref idref="fl-1a"/>
      </object_component>
      <object_component id="oc-139">
         <name>.text.GPIO_setInterruptConfig</name>
         <load_address>0x2000dc24</load_address>
         <run_address>0x2000dc24</run_address>
         <size>0x4c</size>
         <input_file_ref idref="fl-15"/>
      </object_component>
      <object_component id="oc-1dd">
         <name>.text.PRCMLPDSRestoreInfoSet</name>
         <load_address>0x2000dc70</load_address>
         <run_address>0x2000dc70</run_address>
         <size>0x4c</size>
         <input_file_ref idref="fl-25"/>
      </object_component>
      <object_component id="oc-4f">
         <name>.text.ClockP_sysTickHandler</name>
         <load_address>0x2000dcbc</load_address>
         <run_address>0x2000dcbc</run_address>
         <size>0x48</size>
         <input_file_ref idref="fl-1b"/>
      </object_component>
      <object_component id="oc-1c4">
         <name>.text.PRCMIntEnable</name>
         <load_address>0x2000dd04</load_address>
         <run_address>0x2000dd04</run_address>
         <size>0x48</size>
         <input_file_ref idref="fl-25"/>
      </object_component>
      <object_component id="oc-176">
         <name>.text.PRCMPeripheralStatusGet</name>
         <load_address>0x2000dd4c</load_address>
         <run_address>0x2000dd4c</run_address>
         <size>0x48</size>
         <input_file_ref idref="fl-25"/>
      </object_component>
      <object_component id="oc-1da">
         <name>.text.PinConfigGet</name>
         <load_address>0x2000dd94</load_address>
         <run_address>0x2000dd94</run_address>
         <size>0x48</size>
         <input_file_ref idref="fl-24"/>
      </object_component>
      <object_component id="oc-1c9">
         <name>.text.PRCMLPDSEnterKeepDebugIf</name>
         <load_address>0x2000dddc</load_address>
         <run_address>0x2000dddc</run_address>
         <size>0x46</size>
         <input_file_ref idref="fl-25"/>
      </object_component>
      <object_component id="oc-138">
         <name>.text.GPIODirModeSet</name>
         <load_address>0x2000de22</load_address>
         <run_address>0x2000de22</run_address>
         <size>0x44</size>
         <input_file_ref idref="fl-21"/>
      </object_component>
      <object_component id="oc-166">
         <name>.text.clkFxn</name>
         <load_address>0x2000de66</load_address>
         <run_address>0x2000de66</run_address>
         <size>0x2</size>
         <input_file_ref idref="fl-1a"/>
      </object_component>
      <object_component id="oc-17a">
         <name>.text.GPIO_disableInt</name>
         <load_address>0x2000de68</load_address>
         <run_address>0x2000de68</run_address>
         <size>0x44</size>
         <input_file_ref idref="fl-15"/>
      </object_component>
      <object_component id="oc-e9">
         <name>.text.GPIO_enableInt</name>
         <load_address>0x2000deac</load_address>
         <run_address>0x2000deac</run_address>
         <size>0x44</size>
         <input_file_ref idref="fl-15"/>
      </object_component>
      <object_component id="oc-73">
         <name>.text.addToList</name>
         <load_address>0x2000def0</load_address>
         <run_address>0x2000def0</run_address>
         <size>0x44</size>
         <input_file_ref idref="fl-1b"/>
      </object_component>
      <object_component id="oc-10a">
         <name>.text.PinModeSet</name>
         <load_address>0x2000df34</load_address>
         <run_address>0x2000df34</run_address>
         <size>0x42</size>
         <input_file_ref idref="fl-24"/>
      </object_component>
      <object_component id="oc-18b">
         <name>.text.getCountsRTC</name>
         <load_address>0x2000df76</load_address>
         <run_address>0x2000df76</run_address>
         <size>0x42</size>
         <input_file_ref idref="fl-1d"/>
      </object_component>
      <object_component id="oc-11e">
         <name>.text.SemaphoreP_post</name>
         <load_address>0x2000dfb8</load_address>
         <run_address>0x2000dfb8</run_address>
         <size>0x40</size>
         <input_file_ref idref="fl-1a"/>
      </object_component>
      <object_component id="oc-1dc">
         <name>.text.PinDirModeSet</name>
         <load_address>0x2000dff8</load_address>
         <run_address>0x2000dff8</run_address>
         <size>0x3e</size>
         <input_file_ref idref="fl-24"/>
      </object_component>
      <object_component id="oc-4d">
         <name>.text.defaultHandler</name>
         <load_address>0x2000e036</load_address>
         <run_address>0x2000e036</run_address>
         <size>0x2</size>
         <input_file_ref idref="fl-1e"/>
      </object_component>
      <object_component id="oc-1a3">
         <name>.text.ClockP_stop</name>
         <load_address>0x2000e038</load_address>
         <run_address>0x2000e038</run_address>
         <size>0x3c</size>
         <input_file_ref idref="fl-1b"/>
      </object_component>
      <object_component id="oc-165">
         <name>.text.ClockP_destruct</name>
         <load_address>0x2000e074</load_address>
         <run_address>0x2000e074</run_address>
         <size>0x38</size>
         <input_file_ref idref="fl-1b"/>
      </object_component>
      <object_component id="oc-19c">
         <name>.text.SwiP_restore</name>
         <load_address>0x2000e0ac</load_address>
         <run_address>0x2000e0ac</run_address>
         <size>0x38</size>
         <input_file_ref idref="fl-1f"/>
      </object_component>
      <object_component id="oc-b5">
         <name>.text:__TI_auto_init_nobinit_nopinit</name>
         <load_address>0x2000e0e4</load_address>
         <run_address>0x2000e0e4</run_address>
         <size>0x38</size>
         <input_file_ref idref="fl-3e"/>
      </object_component>
      <object_component id="oc-1bf">
         <name>.text.PinLock</name>
         <load_address>0x2000e11c</load_address>
         <run_address>0x2000e11c</run_address>
         <size>0x36</size>
         <input_file_ref idref="fl-24"/>
      </object_component>
      <object_component id="oc-4c">
         <name>.text.faultISR</name>
         <load_address>0x2000e152</load_address>
         <run_address>0x2000e152</run_address>
         <size>0x2</size>
         <input_file_ref idref="fl-1e"/>
      </object_component>
      <object_component id="oc-162">
         <name>.text.ClockP_start</name>
         <load_address>0x2000e154</load_address>
         <run_address>0x2000e154</run_address>
         <size>0x34</size>
         <input_file_ref idref="fl-1b"/>
      </object_component>
      <object_component id="oc-1db">
         <name>.text.PinDirModeGet</name>
         <load_address>0x2000e188</load_address>
         <run_address>0x2000e188</run_address>
         <size>0x34</size>
         <input_file_ref idref="fl-24"/>
      </object_component>
      <object_component id="oc-105">
         <name>.text.PinModeGet</name>
         <load_address>0x2000e1bc</load_address>
         <run_address>0x2000e1bc</run_address>
         <size>0x34</size>
         <input_file_ref idref="fl-24"/>
      </object_component>
      <object_component id="oc-1bc">
         <name>.text.PowerCC32XX_parkPin</name>
         <load_address>0x2000e1f0</load_address>
         <run_address>0x2000e1f0</run_address>
         <size>0x34</size>
         <input_file_ref idref="fl-16"/>
      </object_component>
      <object_component id="oc-46">
         <name>.text.initVectors</name>
         <load_address>0x2000e224</load_address>
         <run_address>0x2000e224</run_address>
         <size>0x34</size>
         <input_file_ref idref="fl-1e"/>
      </object_component>
      <object_component id="oc-188">
         <name>.text.ClockP_getTicksUntilInterrupt</name>
         <load_address>0x2000e258</load_address>
         <run_address>0x2000e258</run_address>
         <size>0x30</size>
         <input_file_ref idref="fl-1b"/>
      </object_component>
      <object_component id="oc-195">
         <name>.text.PRCMLPDSIntervalSet</name>
         <load_address>0x2000e288</load_address>
         <run_address>0x2000e288</run_address>
         <size>0x30</size>
         <input_file_ref idref="fl-25"/>
      </object_component>
      <object_component id="oc-1b2">
         <name>.text.PRCMSlowClkCtrFastGet</name>
         <load_address>0x2000e2b8</load_address>
         <run_address>0x2000e2b8</run_address>
         <size>0x30</size>
         <input_file_ref idref="fl-25"/>
      </object_component>
      <object_component id="oc-1ba">
         <name>.text.notify</name>
         <load_address>0x2000e2e8</load_address>
         <run_address>0x2000e2e8</run_address>
         <size>0x30</size>
         <input_file_ref idref="fl-16"/>
      </object_component>
      <object_component id="oc-17c">
         <name>.text.GPIOIntStatus</name>
         <load_address>0x2000e318</load_address>
         <run_address>0x2000e318</run_address>
         <size>0x2e</size>
         <input_file_ref idref="fl-21"/>
      </object_component>
      <object_component id="oc-137">
         <name>.text.HwiP_create</name>
         <load_address>0x2000e346</load_address>
         <run_address>0x2000e346</run_address>
         <size>0x2a</size>
         <input_file_ref idref="fl-1c"/>
      </object_component>
      <object_component id="oc-14f">
         <name>.text.PRCMLPDSWakeUpGPIOSelect</name>
         <load_address>0x2000e370</load_address>
         <run_address>0x2000e370</run_address>
         <size>0x2a</size>
         <input_file_ref idref="fl-25"/>
      </object_component>
      <object_component id="oc-104">
         <name>.text.PRCMPeripheralClkDisable</name>
         <load_address>0x2000e39a</load_address>
         <run_address>0x2000e39a</run_address>
         <size>0x2a</size>
         <input_file_ref idref="fl-25"/>
      </object_component>
      <object_component id="oc-1bb">
         <name>.text.PRCMSRAMRetentionEnable</name>
         <load_address>0x2000e3c4</load_address>
         <run_address>0x2000e3c4</run_address>
         <size>0x28</size>
         <input_file_ref idref="fl-25"/>
      </object_component>
      <object_component id="oc-1a2">
         <name>.text.free_list_insert</name>
         <load_address>0x2000e3ec</load_address>
         <run_address>0x2000e3ec</run_address>
         <size>0x28</size>
         <input_file_ref idref="fl-35"/>
      </object_component>
      <object_component id="oc-167">
         <name>.text.List_put</name>
         <load_address>0x2000e414</load_address>
         <run_address>0x2000e414</run_address>
         <size>0x24</size>
         <input_file_ref idref="fl-18"/>
      </object_component>
      <object_component id="oc-14d">
         <name>.text.PRCMLPDSWakeupSourceEnable</name>
         <load_address>0x2000e438</load_address>
         <run_address>0x2000e438</run_address>
         <size>0x24</size>
         <input_file_ref idref="fl-25"/>
      </object_component>
      <object_component id="oc-1c6">
         <name>.text.PowerCC32XX_restoreParkedPin</name>
         <load_address>0x2000e45c</load_address>
         <run_address>0x2000e45c</run_address>
         <size>0x24</size>
         <input_file_ref idref="fl-16"/>
      </object_component>
      <object_component id="oc-11d">
         <name>.text.Power_registerNotify</name>
         <load_address>0x2000e480</load_address>
         <run_address>0x2000e480</run_address>
         <size>0x24</size>
         <input_file_ref idref="fl-16"/>
      </object_component>
      <object_component id="oc-6c">
         <name>.text:_c_int00_noargs</name>
         <load_address>0x2000e4a4</load_address>
         <run_address>0x2000e4a4</run_address>
         <size>0x24</size>
         <input_file_ref idref="fl-39"/>
      </object_component>
      <object_component id="oc-12a">
         <name>.text.GPIOPinWrite</name>
         <load_address>0x2000e4c8</load_address>
         <run_address>0x2000e4c8</run_address>
         <size>0x22</size>
         <input_file_ref idref="fl-21"/>
      </object_component>
      <object_component id="oc-1c5">
         <name>.text.PinUnlock</name>
         <load_address>0x2000e4ea</load_address>
         <run_address>0x2000e4ea</run_address>
         <size>0x22</size>
         <input_file_ref idref="fl-24"/>
      </object_component>
      <object_component id="oc-1a7">
         <name>.text.IntRegister</name>
         <load_address>0x2000e50c</load_address>
         <run_address>0x2000e50c</run_address>
         <size>0x20</size>
         <input_file_ref idref="fl-23"/>
      </object_component>
      <object_component id="oc-113">
         <name>.text.SemaphoreP_createBinary</name>
         <load_address>0x2000e52c</load_address>
         <run_address>0x2000e52c</run_address>
         <size>0x20</size>
         <input_file_ref idref="fl-1a"/>
      </object_component>
      <object_component id="oc-e4">
         <name>.text.GPIO_setCallback</name>
         <load_address>0x2000e54c</load_address>
         <run_address>0x2000e54c</run_address>
         <size>0x1c</size>
         <input_file_ref idref="fl-14"/>
      </object_component>
      <object_component id="oc-1ac">
         <name>.text.HwiP_dispatch</name>
         <load_address>0x2000e568</load_address>
         <run_address>0x2000e568</run_address>
         <size>0x1c</size>
         <input_file_ref idref="fl-1c"/>
      </object_component>
      <object_component id="oc-181">
         <name>.text.SwiP_disable</name>
         <load_address>0x2000e584</load_address>
         <run_address>0x2000e584</run_address>
         <size>0x1c</size>
         <input_file_ref idref="fl-1f"/>
      </object_component>
      <object_component id="oc-1a1">
         <name>.text.free_list_remove</name>
         <load_address>0x2000e5a0</load_address>
         <run_address>0x2000e5a0</run_address>
         <size>0x1c</size>
         <input_file_ref idref="fl-35"/>
      </object_component>
      <object_component id="oc-21">
         <name>.text.resetISR</name>
         <load_address>0x2000e5bc</load_address>
         <run_address>0x2000e5bc</run_address>
         <size>0x1c</size>
         <input_file_ref idref="fl-1e"/>
      </object_component>
      <object_component id="oc-1ad">
         <name>.text.GPIOIntDisable</name>
         <load_address>0x2000e5d8</load_address>
         <run_address>0x2000e5d8</run_address>
         <size>0x1a</size>
         <input_file_ref idref="fl-21"/>
      </object_component>
      <object_component id="oc-101">
         <name>.text.PRCMHIBRegRead</name>
         <load_address>0x2000e5f2</load_address>
         <run_address>0x2000e5f2</run_address>
         <size>0x1a</size>
         <input_file_ref idref="fl-25"/>
      </object_component>
      <object_component id="oc-100">
         <name>.text.PRCMHIBRegWrite</name>
         <load_address>0x2000e60c</load_address>
         <run_address>0x2000e60c</run_address>
         <size>0x1a</size>
         <input_file_ref idref="fl-25"/>
      </object_component>
      <object_component id="oc-14e">
         <name>.text.PRCMLPDSWakeupSourceDisable</name>
         <load_address>0x2000e626</load_address>
         <run_address>0x2000e626</run_address>
         <size>0x1a</size>
         <input_file_ref idref="fl-25"/>
      </object_component>
      <object_component id="oc-1be">
         <name>.text.PinToPadGet</name>
         <load_address>0x2000e640</load_address>
         <run_address>0x2000e640</run_address>
         <size>0x1a</size>
         <input_file_ref idref="fl-24"/>
      </object_component>
      <object_component id="oc-133">
         <name>.text.GPIOIntEnable</name>
         <load_address>0x2000e65a</load_address>
         <run_address>0x2000e65a</run_address>
         <size>0x18</size>
         <input_file_ref idref="fl-21"/>
      </object_component>
      <object_component id="oc-17d">
         <name>.text.GPIOPinRead</name>
         <load_address>0x2000e672</load_address>
         <run_address>0x2000e672</run_address>
         <size>0x18</size>
         <input_file_ref idref="fl-21"/>
      </object_component>
      <object_component id="oc-15b">
         <name>.text.SemaphoreP_create</name>
         <load_address>0x2000e68a</load_address>
         <run_address>0x2000e68a</run_address>
         <size>0x18</size>
         <input_file_ref idref="fl-1a"/>
      </object_component>
      <object_component id="oc-9c">
         <name>.text.Board_init</name>
         <load_address>0x2000e6a2</load_address>
         <run_address>0x2000e6a2</run_address>
         <size>0x16</size>
         <input_file_ref idref="fl-2"/>
      </object_component>
      <object_component id="oc-198">
         <name>.text.SysTickPeriodSet</name>
         <load_address>0x2000e6b8</load_address>
         <run_address>0x2000e6b8</run_address>
         <size>0x16</size>
         <input_file_ref idref="fl-27"/>
      </object_component>
      <object_component id="oc-62">
         <name>.text.CPUcpsid</name>
         <load_address>0x2000e6ce</load_address>
         <run_address>0x2000e6ce</run_address>
         <size>0x14</size>
         <input_file_ref idref="fl-20"/>
      </object_component>
      <object_component id="oc-173">
         <name>.text.CPUcpsie</name>
         <load_address>0x2000e6e2</load_address>
         <run_address>0x2000e6e2</run_address>
         <size>0x14</size>
         <input_file_ref idref="fl-20"/>
      </object_component>
      <object_component id="oc-69">
         <name>.text.IntVTableBaseSet</name>
         <load_address>0x2000e6f6</load_address>
         <run_address>0x2000e6f6</run_address>
         <size>0x14</size>
         <input_file_ref idref="fl-23"/>
      </object_component>
      <object_component id="oc-4b">
         <name>.text.nmiISR</name>
         <load_address>0x2000e70a</load_address>
         <run_address>0x2000e70a</run_address>
         <size>0x2</size>
         <input_file_ref idref="fl-1e"/>
      </object_component>
      <object_component id="oc-16e">
         <name>.text.Power_disablePolicy</name>
         <load_address>0x2000e70c</load_address>
         <run_address>0x2000e70c</run_address>
         <size>0x14</size>
         <input_file_ref idref="fl-16"/>
      </object_component>
      <object_component id="oc-189">
         <name>.text.Power_getTransitionLatency</name>
         <load_address>0x2000e720</load_address>
         <run_address>0x2000e720</run_address>
         <size>0x14</size>
         <input_file_ref idref="fl-16"/>
      </object_component>
      <object_component id="oc-1a0">
         <name>.text.Power_idleFunc</name>
         <load_address>0x2000e734</load_address>
         <run_address>0x2000e734</run_address>
         <size>0x14</size>
         <input_file_ref idref="fl-16"/>
      </object_component>
      <object_component id="oc-18c">
         <name>.text</name>
         <load_address>0x2000e748</load_address>
         <run_address>0x2000e748</run_address>
         <size>0x14</size>
         <input_file_ref idref="fl-7b"/>
      </object_component>
      <object_component id="oc-161">
         <name>.text.ClockP_add</name>
         <load_address>0x2000e75c</load_address>
         <run_address>0x2000e75c</run_address>
         <size>0x12</size>
         <input_file_ref idref="fl-1b"/>
      </object_component>
      <object_component id="oc-17b">
         <name>.text.GPIOIntClear</name>
         <load_address>0x2000e76e</load_address>
         <run_address>0x2000e76e</run_address>
         <size>0x12</size>
         <input_file_ref idref="fl-21"/>
      </object_component>
      <object_component id="oc-136">
         <name>.text.HwiP_Params_init</name>
         <load_address>0x2000e780</load_address>
         <run_address>0x2000e780</run_address>
         <size>0x12</size>
         <input_file_ref idref="fl-1c"/>
      </object_component>
      <object_component id="oc-199">
         <name>.text.SysTickEnable</name>
         <load_address>0x2000e792</load_address>
         <run_address>0x2000e792</run_address>
         <size>0x12</size>
         <input_file_ref idref="fl-27"/>
      </object_component>
      <object_component id="oc-190">
         <name>.text.SysTickIntDisable</name>
         <load_address>0x2000e7a4</load_address>
         <run_address>0x2000e7a4</run_address>
         <size>0x12</size>
         <input_file_ref idref="fl-27"/>
      </object_component>
      <object_component id="oc-19a">
         <name>.text.SysTickIntEnable</name>
         <load_address>0x2000e7b6</load_address>
         <run_address>0x2000e7b6</run_address>
         <size>0x12</size>
         <input_file_ref idref="fl-27"/>
      </object_component>
      <object_component id="oc-77">
         <name>.text:TI_memcpy_small</name>
         <load_address>0x2000e7c8</load_address>
         <run_address>0x2000e7c8</run_address>
         <size>0x12</size>
         <input_file_ref idref="fl-7e"/>
      </object_component>
      <object_component id="oc-3a">
         <name>.text:decompress:ZI:__TI_zero_init_nomemset</name>
         <load_address>0x2000e7da</load_address>
         <run_address>0x2000e7da</run_address>
         <size>0x12</size>
         <input_file_ref idref="fl-36"/>
      </object_component>
      <object_component id="oc-180">
         <name>.text.ClockP_getCpuFreq</name>
         <load_address>0x2000e7ec</load_address>
         <run_address>0x2000e7ec</run_address>
         <size>0x10</size>
         <input_file_ref idref="fl-1b"/>
      </object_component>
      <object_component id="oc-18a">
         <name>.text.ClockP_getSystemTicks</name>
         <load_address>0x2000e7fc</load_address>
         <run_address>0x2000e7fc</run_address>
         <size>0x10</size>
         <input_file_ref idref="fl-1b"/>
      </object_component>
      <object_component id="oc-197">
         <name>.text.ClockP_setTicks</name>
         <load_address>0x2000e80c</load_address>
         <run_address>0x2000e80c</run_address>
         <size>0x10</size>
         <input_file_ref idref="fl-1b"/>
      </object_component>
      <object_component id="oc-16d">
         <name>.text.HwiP_inISR</name>
         <load_address>0x2000e81c</load_address>
         <run_address>0x2000e81c</run_address>
         <size>0x10</size>
         <input_file_ref idref="fl-1c"/>
      </object_component>
      <object_component id="oc-164">
         <name>.text.Power_enablePolicy</name>
         <load_address>0x2000e82c</load_address>
         <run_address>0x2000e82c</run_address>
         <size>0x10</size>
         <input_file_ref idref="fl-16"/>
      </object_component>
      <object_component id="oc-85">
         <name>.text.main</name>
         <load_address>0x2000e83c</load_address>
         <run_address>0x2000e83c</run_address>
         <size>0x10</size>
         <input_file_ref idref="fl-3"/>
      </object_component>
      <object_component id="oc-1c">
         <name>.text:decompress:none</name>
         <load_address>0x2000e84c</load_address>
         <run_address>0x2000e84c</run_address>
         <size>0xe</size>
         <input_file_ref idref="fl-37"/>
      </object_component>
      <object_component id="oc-1cb">
         <name>.text.CPUwfi</name>
         <load_address>0x2000e85a</load_address>
         <run_address>0x2000e85a</run_address>
         <size>0xc</size>
         <input_file_ref idref="fl-20"/>
      </object_component>
      <object_component id="oc-1c7">
         <name>.text.PRCMLPDSWakeupCauseGet</name>
         <load_address>0x2000e866</load_address>
         <run_address>0x2000e866</run_address>
         <size>0xc</size>
         <input_file_ref idref="fl-25"/>
      </object_component>
      <object_component id="oc-187">
         <name>.text.Power_getConstraintMask</name>
         <load_address>0x2000e874</load_address>
         <run_address>0x2000e874</run_address>
         <size>0xc</size>
         <input_file_ref idref="fl-16"/>
      </object_component>
      <object_component id="oc-163">
         <name>.text.ClockP_isActive</name>
         <load_address>0x2000e880</load_address>
         <run_address>0x2000e880</run_address>
         <size>0xa</size>
         <input_file_ref idref="fl-1b"/>
      </object_component>
      <object_component id="oc-41">
         <name>.text.IntMasterDisable</name>
         <load_address>0x2000e88a</load_address>
         <run_address>0x2000e88a</run_address>
         <size>0xa</size>
         <input_file_ref idref="fl-23"/>
      </object_component>
      <object_component id="oc-126">
         <name>.text.IntMasterEnable</name>
         <load_address>0x2000e894</load_address>
         <run_address>0x2000e894</run_address>
         <size>0xa</size>
         <input_file_ref idref="fl-23"/>
      </object_component>
      <object_component id="oc-11a">
         <name>.text.HwiP_restore</name>
         <load_address>0x2000e89e</load_address>
         <run_address>0x2000e89e</run_address>
         <size>0x8</size>
         <input_file_ref idref="fl-1c"/>
      </object_component>
      <object_component id="oc-19b">
         <name>.text.PRCMSleepEnter</name>
         <load_address>0x2000e8a6</load_address>
         <run_address>0x2000e8a6</run_address>
         <size>0x8</size>
         <input_file_ref idref="fl-25"/>
      </object_component>
      <object_component id="oc-fc">
         <name>.text.UtilsDelay</name>
         <load_address>0x2000e8ae</load_address>
         <run_address>0x2000e8ae</run_address>
         <size>0x8</size>
         <input_file_ref idref="fl-28"/>
      </object_component>
      <object_component id="oc-177">
         <name>.text.malloc</name>
         <load_address>0x2000e8b6</load_address>
         <run_address>0x2000e8b6</run_address>
         <size>0x8</size>
         <input_file_ref idref="fl-35"/>
      </object_component>
      <object_component id="oc-eb">
         <name>.text.gpioButtonFxn0</name>
         <load_address>0x2000e8be</load_address>
         <run_address>0x2000e8be</run_address>
         <size>0x6</size>
         <input_file_ref idref="fl-1"/>
      </object_component>
      <object_component id="oc-ec">
         <name>.text.gpioButtonFxn1</name>
         <load_address>0x2000e8c4</load_address>
         <run_address>0x2000e8c4</run_address>
         <size>0x6</size>
         <input_file_ref idref="fl-1"/>
      </object_component>
      <object_component id="oc-19d">
         <name>.text.ClockP_doTick</name>
         <load_address>0x2000e8ca</load_address>
         <run_address>0x2000e8ca</run_address>
         <size>0x4</size>
         <input_file_ref idref="fl-1b"/>
      </object_component>
      <object_component id="oc-db">
         <name>.text.HwiP_enable</name>
         <load_address>0x2000e8ce</load_address>
         <run_address>0x2000e8ce</run_address>
         <size>0x4</size>
         <input_file_ref idref="fl-1c"/>
      </object_component>
      <object_component id="oc-1cc">
         <name>.text.HwiP_post</name>
         <load_address>0x2000e8d2</load_address>
         <run_address>0x2000e8d2</run_address>
         <size>0x4</size>
         <input_file_ref idref="fl-1c"/>
      </object_component>
      <object_component id="oc-a1">
         <name>.text.NoRTOS_start</name>
         <load_address>0x2000e8d6</load_address>
         <run_address>0x2000e8d6</run_address>
         <size>0x4</size>
         <input_file_ref idref="fl-19"/>
      </object_component>
      <object_component id="oc-11b">
         <name>.text.SemaphoreP_delete</name>
         <load_address>0x2000e8da</load_address>
         <run_address>0x2000e8da</run_address>
         <size>0x4</size>
         <input_file_ref idref="fl-1a"/>
      </object_component>
      <object_component id="oc-81">
         <name>.text._system_pre_init</name>
         <load_address>0x2000e8de</load_address>
         <run_address>0x2000e8de</run_address>
         <size>0x4</size>
         <input_file_ref idref="fl-3f"/>
      </object_component>
      <object_component id="oc-ae">
         <name>.text:abort</name>
         <load_address>0x2000e8e2</load_address>
         <run_address>0x2000e8e2</run_address>
         <size>0x4</size>
         <input_file_ref idref="fl-3b"/>
      </object_component>
      <object_component id="oc-33">
         <name>.text</name>
         <load_address>0x2000e8e8</load_address>
         <run_address>0x2000e8e8</run_address>
         <size>0x4</size>
         <input_file_ref idref="fl-79"/>
      </object_component>
      <object_component id="oc-14a">
         <name>.rodata.g_ulPinToPadMap</name>
         <load_address>0x2000ef74</load_address>
         <run_address>0x2000ef74</run_address>
         <size>0x100</size>
         <input_file_ref idref="fl-24"/>
      </object_component>
      <object_component id="oc-1d0">
         <name>.rodata.g_pulRegs</name>
         <load_address>0x2000f074</load_address>
         <run_address>0x2000f074</run_address>
         <size>0xd4</size>
         <input_file_ref idref="fl-23"/>
      </object_component>
      <object_component id="oc-149">
         <name>.rodata.PRCM_PeriphRegsList</name>
         <load_address>0x2000f148</load_address>
         <run_address>0x2000f148</run_address>
         <size>0xa8</size>
         <input_file_ref idref="fl-25"/>
      </object_component>
      <object_component id="oc-110">
         <name>.rodata.PowerCC32XX_config</name>
         <load_address>0x2000f1f0</load_address>
         <run_address>0x2000f1f0</run_address>
         <size>0x44</size>
         <input_file_ref idref="fl-2"/>
      </object_component>
      <object_component id="oc-12f">
         <name>.rodata.portConfigs</name>
         <load_address>0x2000f234</load_address>
         <run_address>0x2000f234</run_address>
         <size>0x28</size>
         <input_file_ref idref="fl-15"/>
      </object_component>
      <object_component id="oc-13a">
         <name>.rodata.pinTable</name>
         <load_address>0x2000f25c</load_address>
         <run_address>0x2000f25c</run_address>
         <size>0x21</size>
         <input_file_ref idref="fl-15"/>
      </object_component>
      <object_component id="oc-122">
         <name>.rodata.GPIO_pinUpperBound</name>
         <load_address>0x2000f27d</load_address>
         <run_address>0x2000f27d</run_address>
         <size>0x1</size>
         <input_file_ref idref="fl-2"/>
      </object_component>
      <object_component id="oc-1d1">
         <name>.rodata.g_pulEnRegs</name>
         <load_address>0x2000f280</load_address>
         <run_address>0x2000f280</run_address>
         <size>0x18</size>
         <input_file_ref idref="fl-23"/>
      </object_component>
      <object_component id="oc-1e9">
         <name>.rodata.g_pulPendRegs</name>
         <load_address>0x2000f298</load_address>
         <run_address>0x2000f298</run_address>
         <size>0x18</size>
         <input_file_ref idref="fl-23"/>
      </object_component>
      <object_component id="oc-121">
         <name>.rodata.GPIO_config</name>
         <load_address>0x2000f2b0</load_address>
         <run_address>0x2000f2b0</run_address>
         <size>0x10</size>
         <input_file_ref idref="fl-2"/>
      </object_component>
      <object_component id="oc-221">
         <name>.cinit..data.load</name>
         <load_address>0x2000f50c</load_address>
         <run_address>0x2000f50c</run_address>
         <size>0xd2</size>
      </object_component>
      <object_component id="oc-21f">
         <name>__TI_handler_table</name>
         <load_address>0x2000f5e0</load_address>
         <run_address>0x2000f5e0</run_address>
         <size>0xc</size>
      </object_component>
      <object_component id="oc-222">
         <name>.cinit..bss.load</name>
         <load_address>0x2000f5ec</load_address>
         <run_address>0x2000f5ec</run_address>
         <size>0x8</size>
      </object_component>
      <object_component id="oc-220">
         <name>__TI_cinit_table</name>
         <load_address>0x2000f5f4</load_address>
         <run_address>0x2000f5f4</run_address>
         <size>0x10</size>
      </object_component>
      <object_component id="oc-16f">
         <name>.data.gpioPinConfigs</name>
         <load_address>0x2000ee60</load_address>
         <run_address>0x2000ee60</run_address>
         <size>0x84</size>
         <input_file_ref idref="fl-2"/>
      </object_component>
      <object_component id="oc-15a">
         <name>.data.parkInfo</name>
         <load_address>0x2000ed68</load_address>
         <run_address>0x2000ed68</run_address>
         <size>0xf8</size>
         <input_file_ref idref="fl-2"/>
      </object_component>
      <object_component id="oc-120">
         <name>.data.initCalled</name>
         <load_address>0x2000ef6c</load_address>
         <run_address>0x2000ef6c</run_address>
         <size>0x1</size>
         <input_file_ref idref="fl-15"/>
      </object_component>
      <object_component id="oc-13b">
         <name>.data.portHwiCreatedBitMask</name>
         <load_address>0x2000ef6d</load_address>
         <run_address>0x2000ef6d</run_address>
         <size>0x1</size>
         <input_file_ref idref="fl-15"/>
      </object_component>
      <object_component id="oc-11f">
         <name>.data..L_MergedGlobals</name>
         <load_address>0x2000ef30</load_address>
         <run_address>0x2000ef30</run_address>
         <size>0x18</size>
         <input_file_ref idref="fl-15"/>
      </object_component>
      <object_component id="oc-10f">
         <name>.data.PowerCC32XX_module</name>
         <load_address>0x2000ebfc</load_address>
         <run_address>0x2000ebfc</run_address>
         <size>0x16c</size>
         <input_file_ref idref="fl-16"/>
      </object_component>
      <object_component id="oc-15c">
         <name>.data..L_MergedGlobals</name>
         <load_address>0x2000ef48</load_address>
         <run_address>0x2000ef48</run_address>
         <size>0x10</size>
         <input_file_ref idref="fl-1a"/>
      </object_component>
      <object_component id="oc-19e">
         <name>.data..L_MergedGlobals</name>
         <load_address>0x2000ef58</load_address>
         <run_address>0x2000ef58</run_address>
         <size>0x8</size>
         <input_file_ref idref="fl-1b"/>
      </object_component>
      <object_component id="oc-1aa">
         <name>.data.HwiP_swiPIntNum</name>
         <load_address>0x2000ef60</load_address>
         <run_address>0x2000ef60</run_address>
         <size>0x4</size>
         <input_file_ref idref="fl-1c"/>
      </object_component>
      <object_component id="oc-1ab">
         <name>.data.HwiP_dispatchTable</name>
         <load_address>0x2000e8f0</load_address>
         <run_address>0x2000e8f0</run_address>
         <size>0x30c</size>
         <input_file_ref idref="fl-1c"/>
      </object_component>
      <object_component id="oc-1ae">
         <name>.data..L_MergedGlobals</name>
         <load_address>0x2000eee4</load_address>
         <run_address>0x2000eee4</run_address>
         <size>0x4c</size>
         <input_file_ref idref="fl-1f"/>
      </object_component>
      <object_component id="oc-1cf">
         <name>.data.memory_is_initialized</name>
         <load_address>0x2000ef70</load_address>
         <run_address>0x2000ef70</run_address>
         <size>0x1</size>
         <input_file_ref idref="fl-35"/>
      </object_component>
      <object_component id="oc-f1">
         <name>.data._lock</name>
         <load_address>0x2000ef64</load_address>
         <run_address>0x2000ef64</run_address>
         <size>0x4</size>
         <input_file_ref idref="fl-3c"/>
      </object_component>
      <object_component id="oc-f4">
         <name>.data._unlock</name>
         <load_address>0x2000ef68</load_address>
         <run_address>0x2000ef68</run_address>
         <size>0x4</size>
         <input_file_ref idref="fl-3c"/>
      </object_component>
      <object_component id="oc-1d2">
         <name>.bss.sysTickPeriod</name>
         <uninitialized>true</uninitialized>
         <run_address>0x2000f4f4</run_address>
         <size>0x4</size>
         <input_file_ref idref="fl-1b"/>
      </object_component>
      <object_component id="oc-1cd">
         <name>.bss.sys_free</name>
         <uninitialized>true</uninitialized>
         <run_address>0x2000f508</run_address>
         <size>0x4</size>
         <input_file_ref idref="fl-35"/>
      </object_component>
      <object_component id="oc-170">
         <name>.common:gpioCallbackFunctions</name>
         <uninitialized>true</uninitialized>
         <run_address>0x2000f3ec</run_address>
         <size>0x84</size>
      </object_component>
      <object_component id="oc-171">
         <name>.common:gpioUserArgs</name>
         <uninitialized>true</uninitialized>
         <run_address>0x2000f470</run_address>
         <size>0x84</size>
      </object_component>
      <object_component id="oc-1c8">
         <name>.common:PowerCC32XX_contextSave</name>
         <uninitialized>true</uninitialized>
         <run_address>0x2000f2c0</run_address>
         <size>0x12c</size>
      </object_component>
      <object_component id="oc-74">
         <name>.common:ClockP_ctrl</name>
         <uninitialized>true</uninitialized>
         <run_address>0x2000f4f8</run_address>
         <size>0x10</size>
      </object_component>
      <object_component id="oc-28">
         <name>.sysmem</name>
         <uninitialized>true</uninitialized>
         <run_address>0x20004040</run_address>
         <size>0x10</size>
         <input_file_ref idref="fl-35"/>
      </object_component>
      <object_component id="oc-225">
         <name>.sysmem</name>
         <uninitialized>true</uninitialized>
         <run_address>0x20004040</run_address>
         <size>0x0</size>
      </object_component>
      <object_component id="oc-16">
         <name>.stack</name>
         <uninitialized>true</uninitialized>
         <run_address>0x20003000</run_address>
         <size>0x4</size>
         <input_file_ref idref="fl-39"/>
      </object_component>
      <object_component id="oc-224">
         <name>.stack</name>
         <uninitialized>true</uninitialized>
         <run_address>0x20003000</run_address>
         <size>0x0</size>
      </object_component>
      <object_component id="oc-26">
         <name>.resetVecs</name>
         <load_address>0x20004000</load_address>
         <run_address>0x20004000</run_address>
         <size>0x40</size>
         <input_file_ref idref="fl-1e"/>
      </object_component>
      <object_component id="oc-27">
         <name>.ramVecs</name>
         <uninitialized>true</uninitialized>
         <run_address>0x20000000</run_address>
         <size>0x30c</size>
         <input_file_ref idref="fl-1e"/>
      </object_component>
      <object_component id="oc-a7">
         <name>.debug_loc</name>
         <load_address>0x0</load_address>
         <run_address>0x0</run_address>
         <size>0x28</size>
         <input_file_ref idref="fl-1"/>
      </object_component>
      <object_component id="oc-132">
         <name>.debug_loc</name>
         <load_address>0x28</load_address>
         <run_address>0x28</run_address>
         <size>0x50</size>
         <input_file_ref idref="fl-14"/>
      </object_component>
      <object_component id="oc-d7">
         <name>.debug_loc</name>
         <load_address>0x78</load_address>
         <run_address>0x78</run_address>
         <size>0x68e</size>
         <input_file_ref idref="fl-15"/>
      </object_component>
      <object_component id="oc-10e">
         <name>.debug_loc</name>
         <load_address>0x706</load_address>
         <run_address>0x706</run_address>
         <size>0xc99</size>
         <input_file_ref idref="fl-16"/>
      </object_component>
      <object_component id="oc-16a">
         <name>.debug_loc</name>
         <load_address>0x139f</load_address>
         <run_address>0x139f</run_address>
         <size>0x2ee</size>
         <input_file_ref idref="fl-18"/>
      </object_component>
      <object_component id="oc-e2">
         <name>.debug_loc</name>
         <load_address>0x168d</load_address>
         <run_address>0x168d</run_address>
         <size>0x33</size>
         <input_file_ref idref="fl-19"/>
      </object_component>
      <object_component id="oc-114">
         <name>.debug_loc</name>
         <load_address>0x16c0</load_address>
         <run_address>0x16c0</run_address>
         <size>0x326</size>
         <input_file_ref idref="fl-1a"/>
      </object_component>
      <object_component id="oc-50">
         <name>.debug_loc</name>
         <load_address>0x19e6</load_address>
         <run_address>0x19e6</run_address>
         <size>0x626</size>
         <input_file_ref idref="fl-1b"/>
      </object_component>
      <object_component id="oc-129">
         <name>.debug_loc</name>
         <load_address>0x200c</load_address>
         <run_address>0x200c</run_address>
         <size>0x389</size>
         <input_file_ref idref="fl-1c"/>
      </object_component>
      <object_component id="oc-159">
         <name>.debug_loc</name>
         <load_address>0x2395</load_address>
         <run_address>0x2395</run_address>
         <size>0x321</size>
         <input_file_ref idref="fl-1d"/>
      </object_component>
      <object_component id="oc-47">
         <name>.debug_loc</name>
         <load_address>0x26b6</load_address>
         <run_address>0x26b6</run_address>
         <size>0x1b</size>
         <input_file_ref idref="fl-1e"/>
      </object_component>
      <object_component id="oc-183">
         <name>.debug_loc</name>
         <load_address>0x26d1</load_address>
         <run_address>0x26d1</run_address>
         <size>0x67b</size>
         <input_file_ref idref="fl-1f"/>
      </object_component>
      <object_component id="oc-59">
         <name>.debug_loc</name>
         <load_address>0x2d4c</load_address>
         <run_address>0x2d4c</run_address>
         <size>0x7aa</size>
         <input_file_ref idref="fl-35"/>
      </object_component>
      <object_component id="oc-3f">
         <name>.debug_loc</name>
         <load_address>0x34f6</load_address>
         <run_address>0x34f6</run_address>
         <size>0x146</size>
         <input_file_ref idref="fl-36"/>
      </object_component>
      <object_component id="oc-39">
         <name>.debug_loc</name>
         <load_address>0x363c</load_address>
         <run_address>0x363c</run_address>
         <size>0x6f</size>
         <input_file_ref idref="fl-37"/>
      </object_component>
      <object_component id="oc-31">
         <name>.debug_loc</name>
         <load_address>0x36ab</load_address>
         <run_address>0x36ab</run_address>
         <size>0x11c</size>
         <input_file_ref idref="fl-38"/>
      </object_component>
      <object_component id="oc-2e">
         <name>.debug_loc</name>
         <load_address>0x37c7</load_address>
         <run_address>0x37c7</run_address>
         <size>0xd8</size>
         <input_file_ref idref="fl-39"/>
      </object_component>
      <object_component id="oc-b4">
         <name>.debug_loc</name>
         <load_address>0x389f</load_address>
         <run_address>0x389f</run_address>
         <size>0x26</size>
         <input_file_ref idref="fl-3b"/>
      </object_component>
      <object_component id="oc-b9">
         <name>.debug_loc</name>
         <load_address>0x38c5</load_address>
         <run_address>0x38c5</run_address>
         <size>0x48b</size>
         <input_file_ref idref="fl-3e"/>
      </object_component>
      <object_component id="oc-1d8">
         <name>.debug_loc</name>
         <load_address>0x3d50</load_address>
         <run_address>0x3d50</run_address>
         <size>0x20</size>
         <input_file_ref idref="fl-7d"/>
      </object_component>
      <object_component id="oc-ed">
         <name>.debug_abbrev</name>
         <load_address>0x0</load_address>
         <run_address>0x0</run_address>
         <size>0x9c</size>
         <input_file_ref idref="fl-1"/>
      </object_component>
      <object_component id="oc-d9">
         <name>.debug_abbrev</name>
         <load_address>0x9c</load_address>
         <run_address>0x9c</run_address>
         <size>0xff</size>
         <input_file_ref idref="fl-2"/>
      </object_component>
      <object_component id="oc-ac">
         <name>.debug_abbrev</name>
         <load_address>0x19b</load_address>
         <run_address>0x19b</run_address>
         <size>0x4c</size>
         <input_file_ref idref="fl-3"/>
      </object_component>
      <object_component id="oc-130">
         <name>.debug_abbrev</name>
         <load_address>0x1e7</load_address>
         <run_address>0x1e7</run_address>
         <size>0xa3</size>
         <input_file_ref idref="fl-14"/>
      </object_component>
      <object_component id="oc-124">
         <name>.debug_abbrev</name>
         <load_address>0x28a</load_address>
         <run_address>0x28a</run_address>
         <size>0x1db</size>
         <input_file_ref idref="fl-15"/>
      </object_component>
      <object_component id="oc-111">
         <name>.debug_abbrev</name>
         <load_address>0x465</load_address>
         <run_address>0x465</run_address>
         <size>0x306</size>
         <input_file_ref idref="fl-16"/>
      </object_component>
      <object_component id="oc-1de">
         <name>.debug_abbrev</name>
         <load_address>0x76b</load_address>
         <run_address>0x76b</run_address>
         <size>0x21</size>
         <input_file_ref idref="fl-17"/>
      </object_component>
      <object_component id="oc-1a4">
         <name>.debug_abbrev</name>
         <load_address>0x78c</load_address>
         <run_address>0x78c</run_address>
         <size>0xbd</size>
         <input_file_ref idref="fl-18"/>
      </object_component>
      <object_component id="oc-e0">
         <name>.debug_abbrev</name>
         <load_address>0x849</load_address>
         <run_address>0x849</run_address>
         <size>0x9a</size>
         <input_file_ref idref="fl-19"/>
      </object_component>
      <object_component id="oc-15d">
         <name>.debug_abbrev</name>
         <load_address>0x8e3</load_address>
         <run_address>0x8e3</run_address>
         <size>0x215</size>
         <input_file_ref idref="fl-1a"/>
      </object_component>
      <object_component id="oc-75">
         <name>.debug_abbrev</name>
         <load_address>0xaf8</load_address>
         <run_address>0xaf8</run_address>
         <size>0x23e</size>
         <input_file_ref idref="fl-1b"/>
      </object_component>
      <object_component id="oc-127">
         <name>.debug_abbrev</name>
         <load_address>0xd36</load_address>
         <run_address>0xd36</run_address>
         <size>0x24c</size>
         <input_file_ref idref="fl-1c"/>
      </object_component>
      <object_component id="oc-17e">
         <name>.debug_abbrev</name>
         <load_address>0xf82</load_address>
         <run_address>0xf82</run_address>
         <size>0x10e</size>
         <input_file_ref idref="fl-1d"/>
      </object_component>
      <object_component id="oc-49">
         <name>.debug_abbrev</name>
         <load_address>0x1090</load_address>
         <run_address>0x1090</run_address>
         <size>0xbb</size>
         <input_file_ref idref="fl-1e"/>
      </object_component>
      <object_component id="oc-1af">
         <name>.debug_abbrev</name>
         <load_address>0x114b</load_address>
         <run_address>0x114b</run_address>
         <size>0x230</size>
         <input_file_ref idref="fl-1f"/>
      </object_component>
      <object_component id="oc-7f">
         <name>.debug_abbrev</name>
         <load_address>0x137b</load_address>
         <run_address>0x137b</run_address>
         <size>0x86</size>
         <input_file_ref idref="fl-20"/>
      </object_component>
      <object_component id="oc-174">
         <name>.debug_abbrev</name>
         <load_address>0x1401</load_address>
         <run_address>0x1401</run_address>
         <size>0xea</size>
         <input_file_ref idref="fl-21"/>
      </object_component>
      <object_component id="oc-67">
         <name>.debug_abbrev</name>
         <load_address>0x14eb</load_address>
         <run_address>0x14eb</run_address>
         <size>0x121</size>
         <input_file_ref idref="fl-23"/>
      </object_component>
      <object_component id="oc-14b">
         <name>.debug_abbrev</name>
         <load_address>0x160c</load_address>
         <run_address>0x160c</run_address>
         <size>0x114</size>
         <input_file_ref idref="fl-24"/>
      </object_component>
      <object_component id="oc-10b">
         <name>.debug_abbrev</name>
         <load_address>0x1720</load_address>
         <run_address>0x1720</run_address>
         <size>0x168</size>
         <input_file_ref idref="fl-25"/>
      </object_component>
      <object_component id="oc-1b8">
         <name>.debug_abbrev</name>
         <load_address>0x1888</load_address>
         <run_address>0x1888</run_address>
         <size>0x9b</size>
         <input_file_ref idref="fl-27"/>
      </object_component>
      <object_component id="oc-147">
         <name>.debug_abbrev</name>
         <load_address>0x1923</load_address>
         <run_address>0x1923</run_address>
         <size>0x29</size>
         <input_file_ref idref="fl-28"/>
      </object_component>
      <object_component id="oc-1e7">
         <name>.debug_abbrev</name>
         <load_address>0x194c</load_address>
         <run_address>0x194c</run_address>
         <size>0x14e</size>
         <input_file_ref idref="fl-29"/>
      </object_component>
      <object_component id="oc-55">
         <name>.debug_abbrev</name>
         <load_address>0x1a9a</load_address>
         <run_address>0x1a9a</run_address>
         <size>0x22f</size>
         <input_file_ref idref="fl-35"/>
      </object_component>
      <object_component id="oc-5c">
         <name>.debug_abbrev</name>
         <load_address>0x1cc9</load_address>
         <run_address>0x1cc9</run_address>
         <size>0xcb</size>
         <input_file_ref idref="fl-36"/>
      </object_component>
      <object_component id="oc-37">
         <name>.debug_abbrev</name>
         <load_address>0x1d94</load_address>
         <run_address>0x1d94</run_address>
         <size>0x70</size>
         <input_file_ref idref="fl-37"/>
      </object_component>
      <object_component id="oc-2f">
         <name>.debug_abbrev</name>
         <load_address>0x1e04</load_address>
         <run_address>0x1e04</run_address>
         <size>0x9c</size>
         <input_file_ref idref="fl-38"/>
      </object_component>
      <object_component id="oc-2a">
         <name>.debug_abbrev</name>
         <load_address>0x1ea0</load_address>
         <run_address>0x1ea0</run_address>
         <size>0xaf</size>
         <input_file_ref idref="fl-39"/>
      </object_component>
      <object_component id="oc-ef">
         <name>.debug_abbrev</name>
         <load_address>0x1f4f</load_address>
         <run_address>0x1f4f</run_address>
         <size>0xb3</size>
         <input_file_ref idref="fl-3b"/>
      </object_component>
      <object_component id="oc-142">
         <name>.debug_abbrev</name>
         <load_address>0x2002</load_address>
         <run_address>0x2002</run_address>
         <size>0x73</size>
         <input_file_ref idref="fl-3c"/>
      </object_component>
      <object_component id="oc-f5">
         <name>.debug_abbrev</name>
         <load_address>0x2075</load_address>
         <run_address>0x2075</run_address>
         <size>0x186</size>
         <input_file_ref idref="fl-3e"/>
      </object_component>
      <object_component id="oc-9a">
         <name>.debug_abbrev</name>
         <load_address>0x21fb</load_address>
         <run_address>0x21fb</run_address>
         <size>0x39</size>
         <input_file_ref idref="fl-3f"/>
      </object_component>
      <object_component id="oc-5b">
         <name>.debug_abbrev</name>
         <load_address>0x2234</load_address>
         <run_address>0x2234</run_address>
         <size>0x27</size>
         <input_file_ref idref="fl-79"/>
      </object_component>
      <object_component id="oc-1b7">
         <name>.debug_abbrev</name>
         <load_address>0x225b</load_address>
         <run_address>0x225b</run_address>
         <size>0x27</size>
         <input_file_ref idref="fl-7b"/>
      </object_component>
      <object_component id="oc-1d9">
         <name>.debug_abbrev</name>
         <load_address>0x2282</load_address>
         <run_address>0x2282</run_address>
         <size>0x27</size>
         <input_file_ref idref="fl-7c"/>
      </object_component>
      <object_component id="oc-1e5">
         <name>.debug_abbrev</name>
         <load_address>0x22a9</load_address>
         <run_address>0x22a9</run_address>
         <size>0x59</size>
         <input_file_ref idref="fl-7d"/>
      </object_component>
      <object_component id="oc-93">
         <name>.debug_abbrev</name>
         <load_address>0x2302</load_address>
         <run_address>0x2302</run_address>
         <size>0x25</size>
         <input_file_ref idref="fl-7e"/>
      </object_component>
      <object_component id="oc-227">
         <name>.debug_abbrev</name>
         <load_address>0x2327</load_address>
         <run_address>0x2327</run_address>
         <size>0xf</size>
      </object_component>
      <object_component id="oc-a8">
         <name>.debug_info</name>
         <load_address>0x0</load_address>
         <run_address>0x0</run_address>
         <size>0x124</size>
         <input_file_ref idref="fl-1"/>
      </object_component>
      <object_component id="oc-a0">
         <name>.debug_info</name>
         <load_address>0x124</load_address>
         <run_address>0x124</run_address>
         <size>0x3b5</size>
         <input_file_ref idref="fl-2"/>
      </object_component>
      <object_component id="oc-88">
         <name>.debug_info</name>
         <load_address>0x4d9</load_address>
         <run_address>0x4d9</run_address>
         <size>0x66</size>
         <input_file_ref idref="fl-3"/>
      </object_component>
      <object_component id="oc-e7">
         <name>.debug_info</name>
         <load_address>0x53f</load_address>
         <run_address>0x53f</run_address>
         <size>0x117</size>
[...]
      </symbol>
      <symbol id="sm-119">
         <name>SemaphoreP_delete</name>
         <value>0x2000e8db</value>
         <object_component_ref idref="oc-11b"/>
      </symbol>
      <symbol id="sm-11a">
         <name>SemaphoreP_pend</name>
         <value>0x2000d0f1</value>
         <object_component_ref idref="oc-11c"/>
      </symbol>
      <symbol id="sm-11b">
         <name>SemaphoreP_post</name>
         <value>0x2000dfb9</value>
         <object_component_ref idref="oc-11e"/>
      </symbol>
      <symbol id="sm-11c">
         <name>SemaphoreP_defaultParams</name>
         <value>0x2000ef50</value>
         <object_component_ref idref="oc-15c"/>
      </symbol>
      <symbol id="sm-14d">
         <name>ClockP_sysTickHandler</name>
         <value>0x2000dcbd</value>
         <object_component_ref idref="oc-4f"/>
      </symbol>
      <symbol id="sm-14e">
         <name>ClockP_ctrl</name>
         <value>0x2000f4f8</value>
      </symbol>
      <symbol id="sm-14f">
         <name>ClockP_add</name>
         <value>0x2000e75d</value>
         <object_component_ref idref="oc-161"/>
      </symbol>
      <symbol id="sm-150">
         <name>ClockP_startup</name>
         <value>0x2000d985</value>
         <object_component_ref idref="oc-1b1"/>
      </symbol>
      <symbol id="sm-151">
         <name>ClockP_start</name>
         <value>0x2000e155</value>
         <object_component_ref idref="oc-162"/>
      </symbol>
      <symbol id="sm-152">
         <name>ClockP_stop</name>
         <value>0x2000e039</value>
         <object_component_ref idref="oc-1a3"/>
      </symbol>
      <symbol id="sm-153">
         <name>ClockP_destruct</name>
         <value>0x2000e075</value>
         <object_component_ref idref="oc-165"/>
      </symbol>
      <symbol id="sm-154">
         <name>ClockP_doTick</name>
         <value>0x2000e8cb</value>
         <object_component_ref idref="oc-19d"/>
      </symbol>
      <symbol id="sm-155">
         <name>ClockP_getCpuFreq</name>
         <value>0x2000e7ed</value>
         <object_component_ref idref="oc-180"/>
      </symbol>
      <symbol id="sm-156">
         <name>ClockP_getSystemTicks</name>
         <value>0x2000e7fd</value>
         <object_component_ref idref="oc-18a"/>
      </symbol>
      <symbol id="sm-157">
         <name>ClockP_getTicksUntilInterrupt</name>
         <value>0x2000e259</value>
         <object_component_ref idref="oc-188"/>
      </symbol>
      <symbol id="sm-158">
         <name>ClockP_isActive</name>
         <value>0x2000e881</value>
         <object_component_ref idref="oc-163"/>
      </symbol>
      <symbol id="sm-159">
         <name>ClockP_setTicks</name>
         <value>0x2000e80d</value>
         <object_component_ref idref="oc-197"/>
      </symbol>
      <symbol id="sm-15a">
         <name>ClockP_tickPeriod</name>
         <value>0x2000ef5c</value>
         <object_component_ref idref="oc-19e"/>
      </symbol>
      <symbol id="sm-179">
         <name>HwiP_enable</name>
         <value>0x2000e8cf</value>
         <object_component_ref idref="oc-db"/>
      </symbol>
      <symbol id="sm-17a">
         <name>HwiP_disable</name>
         <value>0x2000d189</value>
         <object_component_ref idref="oc-119"/>
      </symbol>
      <symbol id="sm-17b">
         <name>HwiP_restore</name>
         <value>0x2000e89f</value>
         <object_component_ref idref="oc-11a"/>
      </symbol>
      <symbol id="sm-17c">
         <name>HwiP_dispatch</name>
         <value>0x2000e569</value>
         <object_component_ref idref="oc-1ac"/>
      </symbol>
      <symbol id="sm-17d">
         <name>HwiP_construct</name>
         <value>0x2000d449</value>
         <object_component_ref idref="oc-178"/>
      </symbol>
      <symbol id="sm-17e">
         <name>HwiP_swiPIntNum</name>
         <value>0x2000ef60</value>
         <object_component_ref idref="oc-1aa"/>
      </symbol>
      <symbol id="sm-17f">
         <name>HwiP_Params_init</name>
         <value>0x2000e781</value>
         <object_component_ref idref="oc-136"/>
      </symbol>
      <symbol id="sm-180">
         <name>HwiP_create</name>
         <value>0x2000e347</value>
         <object_component_ref idref="oc-137"/>
      </symbol>
      <symbol id="sm-181">
         <name>HwiP_post</name>
         <value>0x2000e8d3</value>
         <object_component_ref idref="oc-1cc"/>
      </symbol>
      <symbol id="sm-182">
         <name>HwiP_inISR</name>
         <value>0x2000e81d</value>
         <object_component_ref idref="oc-16d"/>
      </symbol>
      <symbol id="sm-192">
         <name>PowerCC32XX_initPolicy</name>
         <value>0x2000d227</value>
         <object_component_ref idref="oc-153"/>
      </symbol>
      <symbol id="sm-193">
         <name>PowerCC32XX_sleepPolicy</name>
         <value>0x2000c8dd</value>
         <object_component_ref idref="oc-158"/>
      </symbol>
      <symbol id="sm-1b0">
         <name>resetISR</name>
         <value>0x2000e5bd</value>
         <object_component_ref idref="oc-21"/>
      </symbol>
      <symbol id="sm-1b1">
         <name>initVectors</name>
         <value>0x2000e225</value>
         <object_component_ref idref="oc-46"/>
      </symbol>
      <symbol id="sm-1c6">
         <name>SwiP_disable</name>
         <value>0x2000e585</value>
         <object_component_ref idref="oc-181"/>
      </symbol>
      <symbol id="sm-1c7">
         <name>SwiP_restore</name>
         <value>0x2000e0ad</value>
         <object_component_ref idref="oc-19c"/>
      </symbol>
      <symbol id="sm-1de">
         <name>CPUcpsid</name>
         <value>0x2000e6cf</value>
         <object_component_ref idref="oc-62"/>
      </symbol>
      <symbol id="sm-1df">
         <name>CPUcpsie</name>
         <value>0x2000e6e3</value>
         <object_component_ref idref="oc-173"/>
      </symbol>
      <symbol id="sm-1e0">
         <name>CPUwfi</name>
         <value>0x2000e85b</value>
         <object_component_ref idref="oc-1cb"/>
      </symbol>
      <symbol id="sm-21b">
         <name>GPIODirModeSet</name>
         <value>0x2000de23</value>
         <object_component_ref idref="oc-138"/>
      </symbol>
      <symbol id="sm-21c">
         <name>GPIOIntClear</name>
         <value>0x2000e76f</value>
         <object_component_ref idref="oc-17b"/>
      </symbol>
      <symbol id="sm-21d">
         <name>GPIOIntDisable</name>
         <value>0x2000e5d9</value>
         <object_component_ref idref="oc-1ad"/>
      </symbol>
      <symbol id="sm-21e">
         <name>GPIOIntEnable</name>
         <value>0x2000e65b</value>
         <object_component_ref idref="oc-133"/>
      </symbol>
      <symbol id="sm-21f">
         <name>GPIOIntStatus</name>
         <value>0x2000e319</value>
         <object_component_ref idref="oc-17c"/>
      </symbol>
      <symbol id="sm-220">
         <name>GPIOIntTypeSet</name>
         <value>0x2000cefd</value>
         <object_component_ref idref="oc-179"/>
      </symbol>
      <symbol id="sm-221">
         <name>GPIOPinRead</name>
         <value>0x2000e673</value>
         <object_component_ref idref="oc-17d"/>
      </symbol>
      <symbol id="sm-222">
         <name>GPIOPinWrite</name>
         <value>0x2000e4c9</value>
         <object_component_ref idref="oc-12a"/>
      </symbol>
      <symbol id="sm-265">
         <name>IntEnable</name>
         <value>0x2000cd85</value>
         <object_component_ref idref="oc-1a9"/>
      </symbol>
      <symbol id="sm-266">
         <name>IntMasterDisable</name>
         <value>0x2000e88b</value>
         <object_component_ref idref="oc-41"/>
      </symbol>
      <symbol id="sm-267">
         <name>IntMasterEnable</name>
         <value>0x2000e895</value>
         <object_component_ref idref="oc-126"/>
      </symbol>
      <symbol id="sm-268">
         <name>IntPendSet</name>
         <value>0x2000cfa9</value>
         <object_component_ref idref="oc-1e4"/>
      </symbol>
      <symbol id="sm-269">
         <name>IntPrioritySet</name>
         <value>0x2000d9dd</value>
         <object_component_ref idref="oc-1a8"/>
      </symbol>
      <symbol id="sm-26a">
         <name>IntRegister</name>
         <value>0x2000e50d</value>
         <object_component_ref idref="oc-1a7"/>
      </symbol>
      <symbol id="sm-26b">
         <name>IntVTableBaseSet</name>
         <value>0x2000e6f7</value>
         <object_component_ref idref="oc-69"/>
      </symbol>
      <symbol id="sm-2b1">
         <name>PinConfigGet</name>
         <value>0x2000dd95</value>
         <object_component_ref idref="oc-1da"/>
      </symbol>
      <symbol id="sm-2b2">
         <name>PinConfigSet</name>
         <value>0x2000d04d</value>
         <object_component_ref idref="oc-134"/>
      </symbol>
      <symbol id="sm-2b3">
         <name>PinDirModeGet</name>
         <value>0x2000e189</value>
         <object_component_ref idref="oc-1db"/>
      </symbol>
      <symbol id="sm-2b4">
         <name>PinDirModeSet</name>
         <value>0x2000dff9</value>
         <object_component_ref idref="oc-1dc"/>
      </symbol>
      <symbol id="sm-2b5">
         <name>PinLock</name>
         <value>0x2000e11d</value>
         <object_component_ref idref="oc-1bf"/>
      </symbol>
      <symbol id="sm-2b6">
         <name>PinLockLevelSet</name>
         <value>0x2000d531</value>
         <object_component_ref idref="oc-1bd"/>
      </symbol>
      <symbol id="sm-2b7">
         <name>PinModeGet</name>
         <value>0x2000e1bd</value>
         <object_component_ref idref="oc-105"/>
      </symbol>
      <symbol id="sm-2b8">
         <name>PinModeSet</name>
         <value>0x2000df35</value>
         <object_component_ref idref="oc-10a"/>
      </symbol>
      <symbol id="sm-2b9">
         <name>PinToPadGet</name>
         <value>0x2000e641</value>
         <object_component_ref idref="oc-1be"/>
      </symbol>
      <symbol id="sm-2ba">
         <name>PinUnlock</name>
         <value>0x2000e4eb</value>
         <object_component_ref idref="oc-1c5"/>
      </symbol>
      <symbol id="sm-36c">
         <name>PRCMCC3200MCUInit</name>
         <value>0x2000c041</value>
         <object_component_ref idref="oc-c8"/>
      </symbol>
      <symbol id="sm-36d">
         <name>PRCMHIBRegRead</name>
         <value>0x2000e5f3</value>
         <object_component_ref idref="oc-101"/>
      </symbol>
      <symbol id="sm-36e">
         <name>PRCMHIBRegWrite</name>
         <value>0x2000e60d</value>
         <object_component_ref idref="oc-100"/>
      </symbol>
      <symbol id="sm-36f">
         <name>PRCMHibernateWakeUpGPIOSelect</name>
         <value>0x2000d4bd</value>
         <object_component_ref idref="oc-150"/>
      </symbol>
      <symbol id="sm-370">
         <name>PRCMHibernateWakeupSourceDisable</name>
         <value>0x2000d871</value>
         <object_component_ref idref="oc-152"/>
      </symbol>
      <symbol id="sm-371">
         <name>PRCMHibernateWakeupSourceEnable</name>
         <value>0x2000db85</value>
         <object_component_ref idref="oc-151"/>
      </symbol>
      <symbol id="sm-372">
         <name>PRCMIntEnable</name>
         <value>0x2000dd05</value>
         <object_component_ref idref="oc-1c4"/>
      </symbol>
      <symbol id="sm-373">
         <name>PRCMLPDSEnter</name>
         <value>0x2000da35</value>
         <object_component_ref idref="oc-1ca"/>
      </symbol>
      <symbol id="sm-374">
         <name>PRCMLPDSEnterKeepDebugIf</name>
         <value>0x2000dddd</value>
         <object_component_ref idref="oc-1c9"/>
      </symbol>
      <symbol id="sm-375">
         <name>PRCMLPDSIntervalSet</name>
         <value>0x2000e289</value>
         <object_component_ref idref="oc-195"/>
      </symbol>
      <symbol id="sm-376">
         <name>PRCMLPDSRestoreInfoSet</name>
         <value>0x2000dc71</value>
         <object_component_ref idref="oc-1dd"/>
      </symbol>
      <symbol id="sm-377">
         <name>PRCMLPDSWakeUpGPIOSelect</name>
         <value>0x2000e371</value>
         <object_component_ref idref="oc-14f"/>
      </symbol>
      <symbol id="sm-378">
         <name>PRCMLPDSWakeupCauseGet</name>
         <value>0x2000e867</value>
         <object_component_ref idref="oc-1c7"/>
      </symbol>
      <symbol id="sm-379">
         <name>PRCMLPDSWakeupSourceDisable</name>
         <value>0x2000e627</value>
         <object_component_ref idref="oc-14e"/>
      </symbol>
      <symbol id="sm-37a">
         <name>PRCMLPDSWakeupSourceEnable</name>
         <value>0x2000e439</value>
         <object_component_ref idref="oc-14d"/>
      </symbol>
      <symbol id="sm-37b">
         <name>PRCMPeripheralClkDisable</name>
         <value>0x2000e39b</value>
         <object_component_ref idref="oc-104"/>
      </symbol>
      <symbol id="sm-37c">
         <name>PRCMPeripheralClkEnable</name>
         <value>0x2000d929</value>
         <object_component_ref idref="oc-102"/>
      </symbol>
      <symbol id="sm-37d">
         <name>PRCMPeripheralReset</name>
         <value>0x2000d6e1</value>
         <object_component_ref idref="oc-103"/>
      </symbol>
      <symbol id="sm-37e">
         <name>PRCMPeripheralStatusGet</name>
         <value>0x2000dd4d</value>
         <object_component_ref idref="oc-176"/>
      </symbol>
      <symbol id="sm-37f">
         <name>PRCMSRAMRetentionEnable</name>
         <value>0x2000e3c5</value>
         <object_component_ref idref="oc-1bb"/>
      </symbol>
      <symbol id="sm-380">
         <name>PRCMSleepEnter</name>
         <value>0x2000e8a7</value>
         <object_component_ref idref="oc-19b"/>
      </symbol>
      <symbol id="sm-381">
         <name>PRCMSlowClkCtrFastGet</name>
         <value>0x2000e2b9</value>
         <object_component_ref idref="oc-1b2"/>
      </symbol>
      <symbol id="sm-382">
         <name>PRCMSysResetCauseGet</name>
         <value>0x2000d2b9</value>
         <object_component_ref idref="oc-fb"/>
      </symbol>
      <symbol id="sm-3a0">
         <name>SysTickEnable</name>
         <value>0x2000e793</value>
         <object_component_ref idref="oc-199"/>
      </symbol>
      <symbol id="sm-3a1">
         <name>SysTickIntDisable</name>
         <value>0x2000e7a5</value>
         <object_component_ref idref="oc-190"/>
      </symbol>
      <symbol id="sm-3a2">
         <name>SysTickIntEnable</name>
         <value>0x2000e7b7</value>
         <object_component_ref idref="oc-19a"/>
      </symbol>
      <symbol id="sm-3a3">
         <name>SysTickPeriodSet</name>
         <value>0x2000e6b9</value>
         <object_component_ref idref="oc-198"/>
      </symbol>
      <symbol id="sm-3ae">
         <name>UtilsDelay</name>
         <value>0x2000e8af</value>
         <object_component_ref idref="oc-fc"/>
      </symbol>
      <symbol id="sm-3db">
         <name>FlashDisable</name>
         <value>0x2000d815</value>
         <object_component_ref idref="oc-1df"/>
      </symbol>
      <symbol id="sm-3fb">
         <name>malloc</name>
         <value>0x2000e8b7</value>
         <object_component_ref idref="oc-177"/>
      </symbol>
      <symbol id="sm-3fc">
         <name>aligned_alloc</name>
         <value>0x2000cb6d</value>
         <object_component_ref idref="oc-1a6"/>
      </symbol>
      <symbol id="sm-3fd">
         <name>free</name>
         <value>0x2000cc8d</value>
         <object_component_ref idref="oc-15f"/>
      </symbol>
      <symbol id="sm-3fe">
         <name>_sys_memory</name>
         <value>0x20004040</value>
         <object_component_ref idref="oc-28"/>
      </symbol>
      <symbol id="sm-3ff">
         <name>memalign</name>
         <value>0x2000cb6d</value>
         <object_component_ref idref="oc-1a6"/>
      </symbol>
      <symbol id="sm-409">
         <name>__TI_zero_init_nomemset</name>
         <value>0x2000e7db</value>
         <object_component_ref idref="oc-3a"/>
      </symbol>
      <symbol id="sm-412">
         <name>__TI_decompress_none</name>
         <value>0x2000e84d</value>
         <object_component_ref idref="oc-1c"/>
      </symbol>
      <symbol id="sm-41c">
         <name>__TI_decompress_lzss</name>
         <value>0x2000d74b</value>
         <object_component_ref idref="oc-18"/>
      </symbol>
      <symbol id="sm-427">
         <name>_c_int00_noargs</name>
         <value>0x2000e4a5</value>
         <object_component_ref idref="oc-6c"/>
      </symbol>
      <symbol id="sm-428">
         <name>__stack</name>
         <value>0x20003000</value>
         <object_component_ref idref="oc-16"/>
      </symbol>
      <symbol id="sm-433">
         <name>abort</name>
         <value>0x2000e8e3</value>
         <object_component_ref idref="oc-ae"/>
      </symbol>
      <symbol id="sm-434">
         <name>C$$EXIT</name>
         <value>0x2000e8e2</value>
         <object_component_ref idref="oc-ae"/>
      </symbol>
      <symbol id="sm-43d">
         <name>_nop</name>
         <value>0x2000d983</value>
         <object_component_ref idref="oc-13e"/>
      </symbol>
      <symbol id="sm-43e">
         <name>_lock</name>
         <value>0x2000ef64</value>
         <object_component_ref idref="oc-f1"/>
      </symbol>
      <symbol id="sm-43f">
         <name>_unlock</name>
         <value>0x2000ef68</value>
         <object_component_ref idref="oc-f4"/>
      </symbol>
      <symbol id="sm-44b">
         <name>__TI_auto_init_nobinit_nopinit</name>
         <value>0x2000e0e5</value>
         <object_component_ref idref="oc-b5"/>
      </symbol>
      <symbol id="sm-453">
         <name>_system_pre_init</name>
         <value>0x2000e8df</value>
         <object_component_ref idref="oc-81"/>
      </symbol>
      <symbol id="sm-45a">
         <name>__aeabi_memcpy</name>
         <value>0x2000e8e9</value>
         <object_component_ref idref="oc-33"/>
      </symbol>
      <symbol id="sm-45b">
         <name>__aeabi_memcpy4</name>
         <value>0x2000e8e9</value>
         <object_component_ref idref="oc-33"/>
      </symbol>
      <symbol id="sm-45c">
         <name>__aeabi_memcpy8</name>
         <value>0x2000e8e9</value>
         <object_component_ref idref="oc-33"/>
      </symbol>
      <symbol id="sm-462">
         <name>__aeabi_uldivmod</name>
         <value>0x2000e749</value>
         <object_component_ref idref="oc-18c"/>
      </symbol>
      <symbol id="sm-468">
         <name>__udivmoddi4</name>
         <value>0x2000ce4d</value>
         <object_component_ref idref="oc-1b3"/>
      </symbol>
      <symbol id="sm-472">
         <name>__aeabi_ldiv0</name>
         <value>0x2000d347</value>
         <object_component_ref idref="oc-1d3"/>
      </symbol>
      <symbol id="sm-47a">
         <name>TI_memcpy_small</name>
         <value>0x2000e7c9</value>
         <object_component_ref idref="oc-77"/>
      </symbol>
      <symbol id="sm-47b">
         <name>__TI_static_base__</name>
         <value>0x2000f50c</value>
      </symbol>
      <symbol id="sm-47e">
         <name>ITM_flush</name>
         <value>0x0</value>
      </symbol>
      <symbol id="sm-47f">
         <name>ITM_restore</name>
         <value>0x0</value>
      </symbol>
      <symbol id="sm-480">
         <name>__mpu_init</name>
         <value>0x0</value>
      </symbol>
      <symbol id="sm-481">
         <name>_system_post_cinit</name>
         <value>0x0</value>
      </symbol>
   </symbol_table>
   <title>Link successful</title>
</link_info>
